Component: Arm Compiler for Embedded 6.19 Tool: armlink [5e73cb00]

==============================================================================

Section Cross References

    startup_stm32g431xx.o(STACK) refers (Special) to heapauxi.o(.text) for __use_two_region_memory
    startup_stm32g431xx.o(HEAP) refers (Special) to heapauxi.o(.text) for __use_two_region_memory
    startup_stm32g431xx.o(RESET) refers (Special) to heapauxi.o(.text) for __use_two_region_memory
    startup_stm32g431xx.o(RESET) refers to startup_stm32g431xx.o(STACK) for __initial_sp
    startup_stm32g431xx.o(RESET) refers to startup_stm32g431xx.o(.text) for Reset_Handler
    startup_stm32g431xx.o(RESET) refers to stm32g4xx_it.o(.text.NMI_Handler) for NMI_Handler
    startup_stm32g431xx.o(RESET) refers to stm32g4xx_it.o(.text.HardFault_Handler) for HardFault_Handler
    startup_stm32g431xx.o(RESET) refers to stm32g4xx_it.o(.text.MemManage_Handler) for MemManage_Handler
    startup_stm32g431xx.o(RESET) refers to stm32g4xx_it.o(.text.BusFault_Handler) for BusFault_Handler
    startup_stm32g431xx.o(RESET) refers to stm32g4xx_it.o(.text.UsageFault_Handler) for UsageFault_Handler
    startup_stm32g431xx.o(RESET) refers to port.o(.text.SVC_Handler) for SVC_Handler
    startup_stm32g431xx.o(RESET) refers to stm32g4xx_it.o(.text.DebugMon_Handler) for DebugMon_Handler
    startup_stm32g431xx.o(RESET) refers to port.o(.text.PendSV_Handler) for PendSV_Handler
    startup_stm32g431xx.o(RESET) refers to cmsis_os2.o(.text.SysTick_Handler) for SysTick_Handler
    startup_stm32g431xx.o(RESET) refers to stm32g4xx_it.o(.text.DMA1_Channel1_IRQHandler) for DMA1_Channel1_IRQHandler
    startup_stm32g431xx.o(RESET) refers to stm32g4xx_it.o(.text.DMA1_Channel2_IRQHandler) for DMA1_Channel2_IRQHandler
    startup_stm32g431xx.o(RESET) refers to stm32g4xx_it.o(.text.USB_LP_IRQHandler) for USB_LP_IRQHandler
    startup_stm32g431xx.o(RESET) refers to stm32g4xx_it.o(.text.TIM6_DAC_IRQHandler) for TIM6_DAC_IRQHandler
    startup_stm32g431xx.o(.text) refers (Special) to heapauxi.o(.text) for __use_two_region_memory
    startup_stm32g431xx.o(.text) refers to system_stm32g4xx.o(.text.SystemInit) for SystemInit
    startup_stm32g431xx.o(.text) refers to __main.o(!!!main) for __main
    startup_stm32g431xx.o(.text) refers to startup_stm32g431xx.o(HEAP) for Heap_Mem
    startup_stm32g431xx.o(.text) refers to startup_stm32g431xx.o(STACK) for Stack_Mem
    main.o(.text.main) refers to stm32g4xx_hal.o(.text.HAL_Init) for HAL_Init
    main.o(.text.main) refers to stm32g4xx_hal_pwr_ex.o(.text.HAL_PWREx_ControlVoltageScaling) for HAL_PWREx_ControlVoltageScaling
    main.o(.text.main) refers to stm32g4xx_hal_rcc.o(.text.HAL_RCC_OscConfig) for HAL_RCC_OscConfig
    main.o(.text.main) refers to stm32g4xx_hal_rcc.o(.text.HAL_RCC_ClockConfig) for HAL_RCC_ClockConfig
    main.o(.text.main) refers to gpio.o(.text.MX_GPIO_Init) for MX_GPIO_Init
    main.o(.text.main) refers to dma.o(.text.MX_DMA_Init) for MX_DMA_Init
    main.o(.text.main) refers to usb_device.o(.text.MX_USB_Device_Init) for MX_USB_Device_Init
    main.o(.text.main) refers to tim.o(.text.MX_TIM2_Init) for MX_TIM2_Init
    main.o(.text.main) refers to tim.o(.text.MX_TIM3_Init) for MX_TIM3_Init
    main.o(.text.main) refers to main_help.o(.text.rtos_main) for rtos_main
    main.o(.text.main) refers to vofa.o(.text.vofa_init) for vofa_init
    main.o(.text.main) refers to cmsis_os2.o(.text.osKernelInitialize) for osKernelInitialize
    main.o(.text.main) refers to app_freertos.o(.text.MX_FREERTOS_Init) for MX_FREERTOS_Init
    main.o(.text.main) refers to cmsis_os2.o(.text.osKernelStart) for osKernelStart
    main.o(.ARM.exidx.text.main) refers to main.o(.text.main) for [Anonymous Symbol]
    main.o(.text.SystemClock_Config) refers to stm32g4xx_hal_pwr_ex.o(.text.HAL_PWREx_ControlVoltageScaling) for HAL_PWREx_ControlVoltageScaling
    main.o(.text.SystemClock_Config) refers to stm32g4xx_hal_rcc.o(.text.HAL_RCC_OscConfig) for HAL_RCC_OscConfig
    main.o(.text.SystemClock_Config) refers to stm32g4xx_hal_rcc.o(.text.HAL_RCC_ClockConfig) for HAL_RCC_ClockConfig
    main.o(.ARM.exidx.text.SystemClock_Config) refers to main.o(.text.SystemClock_Config) for [Anonymous Symbol]
    main.o(.ARM.exidx.text.Error_Handler) refers to main.o(.text.Error_Handler) for [Anonymous Symbol]
    main.o(.text.HAL_TIM_PeriodElapsedCallback) refers to stm32g4xx_hal.o(.text.HAL_IncTick) for HAL_IncTick
    main.o(.ARM.exidx.text.HAL_TIM_PeriodElapsedCallback) refers to main.o(.text.HAL_TIM_PeriodElapsedCallback) for [Anonymous Symbol]
    gpio.o(.text.MX_GPIO_Init) refers to stm32g4xx_hal_gpio.o(.text.HAL_GPIO_WritePin) for HAL_GPIO_WritePin
    gpio.o(.text.MX_GPIO_Init) refers to stm32g4xx_hal_gpio.o(.text.HAL_GPIO_Init) for HAL_GPIO_Init
    gpio.o(.ARM.exidx.text.MX_GPIO_Init) refers to gpio.o(.text.MX_GPIO_Init) for [Anonymous Symbol]
[...]
    __rt_lib_init_getenv_1                   0x08000293   Thumb Code     0  libinit2.o(.ARM.Collect$$libinit$$00000025)
    __rt_lib_init_heap_1                     0x08000293   Thumb Code     0  libinit2.o(.ARM.Collect$$libinit$$0000000C)
    __rt_lib_init_lc_collate_1               0x08000293   Thumb Code     0  libinit2.o(.ARM.Collect$$libinit$$00000013)
    __rt_lib_init_lc_ctype_1                 0x08000293   Thumb Code     0  libinit2.o(.ARM.Collect$$libinit$$00000015)
    __rt_lib_init_lc_monetary_1              0x08000293   Thumb Code     0  libinit2.o(.ARM.Collect$$libinit$$00000017)
    __rt_lib_init_lc_numeric_1               0x08000293   Thumb Code     0  libinit2.o(.ARM.Collect$$libinit$$00000019)
    __rt_lib_init_lc_time_1                  0x08000293   Thumb Code     0  libinit2.o(.ARM.Collect$$libinit$$0000001B)
    __rt_lib_init_preinit_1                  0x08000293   Thumb Code     0  libinit2.o(.ARM.Collect$$libinit$$00000006)
    __rt_lib_init_rand_1                     0x08000293   Thumb Code     0  libinit2.o(.ARM.Collect$$libinit$$00000010)
    __rt_lib_init_relocate_pie_1             0x08000293   Thumb Code     0  libinit2.o(.ARM.Collect$$libinit$$00000004)
    __rt_lib_init_return                     0x08000293   Thumb Code     0  libinit2.o(.ARM.Collect$$libinit$$00000035)
    __rt_lib_init_signal_1                   0x08000293   Thumb Code     0  libinit2.o(.ARM.Collect$$libinit$$0000001F)
    __rt_lib_init_stdio_1                    0x08000293   Thumb Code     0  libinit2.o(.ARM.Collect$$libinit$$00000027)
    __rt_lib_init_user_alloc_1               0x08000293   Thumb Code     0  libinit2.o(.ARM.Collect$$libinit$$0000000E)
    __rt_lib_shutdown                        0x08000295   Thumb Code     0  libshutdown.o(.ARM.Collect$$libshutdown$$00000000)
    __rt_lib_shutdown_cpp_1                  0x08000297   Thumb Code     0  libshutdown2.o(.ARM.Collect$$libshutdown$$00000002)
    __rt_lib_shutdown_fp_trap_1              0x08000297   Thumb Code     0  libshutdown2.o(.ARM.Collect$$libshutdown$$00000007)
    __rt_lib_shutdown_heap_1                 0x08000297   Thumb Code     0  libshutdown2.o(.ARM.Collect$$libshutdown$$0000000F)
    __rt_lib_shutdown_return                 0x08000297   Thumb Code     0  libshutdown2.o(.ARM.Collect$$libshutdown$$00000010)
    __rt_lib_shutdown_signal_1               0x08000297   Thumb Code     0  libshutdown2.o(.ARM.Collect$$libshutdown$$0000000A)
    __rt_lib_shutdown_stdio_1                0x08000297   Thumb Code     0  libshutdown2.o(.ARM.Collect$$libshutdown$$00000004)
    __rt_lib_shutdown_user_alloc_1           0x08000297   Thumb Code     0  libshutdown2.o(.ARM.Collect$$libshutdown$$0000000C)
    __rt_entry                               0x08000299   Thumb Code     0  __rtentry.o(.ARM.Collect$$rtentry$$00000000)
    __rt_entry_presh_1                       0x08000299   Thumb Code     0  __rtentry2.o(.ARM.Collect$$rtentry$$00000002)
    __rt_entry_sh                            0x08000299   Thumb Code     0  __rtentry4.o(.ARM.Collect$$rtentry$$00000004)
    __rt_entry_li                            0x0800029f   Thumb Code     0  __rtentry2.o(.ARM.Collect$$rtentry$$0000000A)
    __rt_entry_postsh_1                      0x0800029f   Thumb Code     0  __rtentry2.o(.ARM.Collect$$rtentry$$00000009)
    __rt_entry_main                          0x080002a3   Thumb Code     0  __rtentry2.o(.ARM.Collect$$rtentry$$0000000D)
    __rt_entry_postli_1                      0x080002a3   Thumb Code     0  __rtentry2.o(.ARM.Collect$$rtentry$$0000000C)
    __rt_exit                                0x080002ab   Thumb Code     0  rtexit.o(.ARM.Collect$$rtexit$$00000000)
    __rt_exit_ls                             0x080002ad   Thumb Code     0  rtexit2.o(.ARM.Collect$$rtexit$$00000003)
    __rt_exit_prels_1                        0x080002ad   Thumb Code     0  rtexit2.o(.ARM.Collect$$rtexit$$00000002)
    __rt_exit_exit                           0x080002b1   Thumb Code     0  rtexit2.o(.ARM.Collect$$rtexit$$00000004)
    Reset_Handler                            0x080002b9   Thumb Code     8  startup_stm32g431xx.o(.text)
    ADC1_2_IRQHandler                        0x080002d3   Thumb Code     0  startup_stm32g431xx.o(.text)
    COMP1_2_3_IRQHandler                     0x080002d3   Thumb Code     0  startup_stm32g431xx.o(.text)
    COMP4_IRQHandler                         0x080002d3   Thumb Code     0  startup_stm32g431xx.o(.text)
    CORDIC_IRQHandler                        0x080002d3   Thumb Code     0  startup_stm32g431xx.o(.text)
    CRS_IRQHandler                           0x080002d3   Thumb Code     0  startup_stm32g431xx.o(.text)
    DMA1_Channel3_IRQHandler                 0x080002d3   Thumb Code     0  startup_stm32g431xx.o(.text)
    DMA1_Channel4_IRQHandler                 0x080002d3   Thumb Code     0  startup_stm32g431xx.o(.text)
    DMA1_Channel5_IRQHandler                 0x080002d3   Thumb Code     0  startup_stm32g431xx.o(.text)
    DMA1_Channel6_IRQHandler                 0x080002d3   Thumb Code     0  startup_stm32g431xx.o(.text)
    DMA2_Channel1_IRQHandler                 0x080002d3   Thumb Code     0  startup_stm32g431xx.o(.text)
    DMA2_Channel2_IRQHandler                 0x080002d3   Thumb Code     0  startup_stm32g431xx.o(.text)
    DMA2_Channel3_IRQHandler                 0x080002d3   Thumb Code     0  startup_stm32g431xx.o(.text)
    DMA2_Channel4_IRQHandler                 0x080002d3   Thumb Code     0  startup_stm32g431xx.o(.text)
    DMA2_Channel5_IRQHandler                 0x080002d3   Thumb Code     0  startup_stm32g431xx.o(.text)
    DMA2_Channel6_IRQHandler                 0x080002d3   Thumb Code     0  startup_stm32g431xx.o(.text)
    DMAMUX_OVR_IRQHandler                    0x080002d3   Thumb Code     0  startup_stm32g431xx.o(.text)
    EXTI0_IRQHandler                         0x080002d3   Thumb Code     0  startup_stm32g431xx.o(.text)
    EXTI15_10_IRQHandler                     0x080002d3   Thumb Code     0  startup_stm32g431xx.o(.text)
    EXTI1_IRQHandler                         0x080002d3   Thumb Code     0  startup_stm32g431xx.o(.text)
    EXTI2_IRQHandler                         0x080002d3   Thumb Code     0  startup_stm32g431xx.o(.text)
    EXTI3_IRQHandler                         0x080002d3   Thumb Code     0  startup_stm32g431xx.o(.text)
    EXTI4_IRQHandler                         0x080002d3   Thumb Code     0  startup_stm32g431xx.o(.text)
    EXTI9_5_IRQHandler                       0x080002d3   Thumb Code     0  startup_stm32g431xx.o(.text)
    FDCAN1_IT0_IRQHandler                    0x080002d3   Thumb Code     0  startup_stm32g431xx.o(.text)
    FDCAN1_IT1_IRQHandler                    0x080002d3   Thumb Code     0  startup_stm32g431xx.o(.text)
    FLASH_IRQHandler                         0x080002d3   Thumb Code     0  startup_stm32g431xx.o(.text)
    FMAC_IRQHandler                          0x080002d3   Thumb Code     0  startup_stm32g431xx.o(.text)
    FPU_IRQHandler                           0x080002d3   Thumb Code     0  startup_stm32g431xx.o(.text)
    I2C1_ER_IRQHandler                       0x080002d3   Thumb Code     0  startup_stm32g431xx.o(.text)
    I2C1_EV_IRQHandler                       0x080002d3   Thumb Code     0  startup_stm32g431xx.o(.text)
    I2C2_ER_IRQHandler                       0x080002d3   Thumb Code     0  startup_stm32g431xx.o(.text)
    I2C2_EV_IRQHandler                       0x080002d3   Thumb Code     0  startup_stm32g431xx.o(.text)
    I2C3_ER_IRQHandler                       0x080002d3   Thumb Code     0  startup_stm32g431xx.o(.text)
    I2C3_EV_IRQHandler                       0x080002d3   Thumb Code     0  startup_stm32g431xx.o(.text)
    LPTIM1_IRQHandler                        0x080002d3   Thumb Code     0  startup_stm32g431xx.o(.text)
    LPUART1_IRQHandler                       0x080002d3   Thumb Code     0  startup_stm32g431xx.o(.text)
    PVD_PVM_IRQHandler                       0x080002d3   Thumb Code     0  startup_stm32g431xx.o(.text)
    RCC_IRQHandler                           0x080002d3   Thumb Code     0  startup_stm32g431xx.o(.text)
    RNG_IRQHandler                           0x080002d3   Thumb Code     0  startup_stm32g431xx.o(.text)
    RTC_Alarm_IRQHandler                     0x080002d3   Thumb Code     0  startup_stm32g431xx.o(.text)
    RTC_TAMP_LSECSS_IRQHandler               0x080002d3   Thumb Code     0  startup_stm32g431xx.o(.text)
    RTC_WKUP_IRQHandler                      0x080002d3   Thumb Code     0  startup_stm32g431xx.o(.text)
    SAI1_IRQHandler                          0x080002d3   Thumb Code     0  startup_stm32g431xx.o(.text)
    SPI1_IRQHandler                          0x080002d3   Thumb Code     0  startup_stm32g431xx.o(.text)
    SPI2_IRQHandler                          0x080002d3   Thumb Code     0  startup_stm32g431xx.o(.text)
    SPI3_IRQHandler                          0x080002d3   Thumb Code     0  startup_stm32g431xx.o(.text)
    TIM1_BRK_TIM15_IRQHandler                0x080002d3   Thumb Code     0  startup_stm32g431xx.o(.text)
    TIM1_CC_IRQHandler                       0x080002d3   Thumb Code     0  startup_stm32g431xx.o(.text)
    TIM1_TRG_COM_TIM17_IRQHandler            0x080002d3   Thumb Code     0  startup_stm32g431xx.o(.text)
    TIM1_UP_TIM16_IRQHandler                 0x080002d3   Thumb Code     0  startup_stm32g431xx.o(.text)
    TIM2_IRQHandler                          0x080002d3   Thumb Code     0  startup_stm32g431xx.o(.text)
    TIM3_IRQHandler                          0x080002d3   Thumb Code     0  startup_stm32g431xx.o(.text)
    TIM4_IRQHandler                          0x080002d3   Thumb Code     0  startup_stm32g431xx.o(.text)
    TIM7_IRQHandler                          0x080002d3   Thumb Code     0  startup_stm32g431xx.o(.text)
    TIM8_BRK_IRQHandler                      0x080002d3   Thumb Code     0  startup_stm32g431xx.o(.text)
    TIM8_CC_IRQHandler                       0x080002d3   Thumb Code     0  startup_stm32g431xx.o(.text)
    TIM8_TRG_COM_IRQHandler                  0x080002d3   Thumb Code     0  startup_stm32g431xx.o(.text)
    TIM8_UP_IRQHandler                       0x080002d3   Thumb Code     0  startup_stm32g431xx.o(.text)
    UART4_IRQHandler                         0x080002d3   Thumb Code     0  startup_stm32g431xx.o(.text)
    UCPD1_IRQHandler                         0x080002d3   Thumb Code     0  startup_stm32g431xx.o(.text)
    USART1_IRQHandler                        0x080002d3   Thumb Code     0  startup_stm32g431xx.o(.text)
    USART2_IRQHandler                        0x080002d3   Thumb Code     0  startup_stm32g431xx.o(.text)
    USART3_IRQHandler                        0x080002d3   Thumb Code     0  startup_stm32g431xx.o(.text)
    USBWakeUp_IRQHandler                     0x080002d3   Thumb Code     0  startup_stm32g431xx.o(.text)
    USB_HP_IRQHandler                        0x080002d3   Thumb Code     0  startup_stm32g431xx.o(.text)
    WWDG_IRQHandler                          0x080002d3   Thumb Code     0  startup_stm32g431xx.o(.text)
    __user_initial_stackheap                 0x080002d5   Thumb Code     0  startup_stm32g431xx.o(.text)
    __aeabi_memcpy                           0x080002f9   Thumb Code     0  rt_memcpy_v6.o(.text)
    __rt_memcpy                              0x080002f9   Thumb Code   138  rt_memcpy_v6.o(.text)
    _memcpy_lastbytes                        0x0800035f   Thumb Code     0  rt_memcpy_v6.o(.text)
    __aeabi_memset4                          0x08000383   Thumb Code    16  aeabi_memset4.o(.text)
    __aeabi_memset8                          0x08000383   Thumb Code     0  aeabi_memset4.o(.text)
    __aeabi_memclr4                          0x08000393   Thumb Code     0  rt_memclr_w.o(.text)
    __aeabi_memclr8                          0x08000393   Thumb Code     0  rt_memclr_w.o(.text)
    __rt_memclr_w                            0x08000393   Thumb Code     0  rt_memclr_w.o(.text)
    _memset_w                                0x08000397   Thumb Code    74  rt_memclr_w.o(.text)
    __use_two_region_memory                  0x080003e1   Thumb Code     2  heapauxi.o(.text)
    __rt_heap_escrow$2region                 0x080003e3   Thumb Code     2  heapauxi.o(.text)
    __rt_heap_expand$2region                 0x080003e5   Thumb Code     2  heapauxi.o(.text)
    __aeabi_memcpy4                          0x080003e7   Thumb Code     0  rt_memcpy_w.o(.text)
    __aeabi_memcpy8                          0x080003e7   Thumb Code     0  rt_memcpy_w.o(.text)
    __rt_memcpy_w                            0x080003e7   Thumb Code   100  rt_memcpy_w.o(.text)
    _memcpy_lastbytes_aligned                0x0800042f   Thumb Code     0  rt_memcpy_w.o(.text)
    __user_setup_stackheap                   0x0800044b   Thumb Code    74  sys_stackheap_outer.o(.text)
    exit                                     0x08000495   Thumb Code    18  exit.o(.text)
    __user_libspace                          0x080004a9   Thumb Code     8  libspace.o(.text)
    __user_perproc_libspace                  0x080004a9   Thumb Code     0  libspace.o(.text)
    __user_perthread_libspace                0x080004a9   Thumb Code     0  libspace.o(.text)
    _sys_exit                                0x080004b1   Thumb Code     8  sys_exit.o(.text)
    __I$use$semihosting                      0x080004bd   Thumb Code     0  use_no_semi.o(.text)
    __use_no_semihosting_swi                 0x080004bd   Thumb Code     2  use_no_semi.o(.text)
    __semihosting_library_function           0x080004bf   Thumb Code     0  indicate_semi.o(.text)
    BusFault_Handler                         0x080004c1   Thumb Code     2  stm32g4xx_it.o(.text.BusFault_Handler)
    CDC_Transmit_FS                          0x08000519   Thumb Code    90  usbd_cdc_if.o(.text.CDC_Transmit_FS)
    DMA1_Channel1_IRQHandler                 0x08000575   Thumb Code    12  stm32g4xx_it.o(.text.DMA1_Channel1_IRQHandler)
    DMA1_Channel2_IRQHandler                 0x08000581   Thumb Code    12  stm32g4xx_it.o(.text.DMA1_Channel2_IRQHandler)
    DebugMon_Handler                         0x0800058d   Thumb Code     2  stm32g4xx_it.o(.text.DebugMon_Handler)
    Error_Handler                            0x08000591   Thumb Code    10  main.o(.text.Error_Handler)
    HAL_DMA_IRQHandler                       0x0800059d   Thumb Code   170  stm32g4xx_hal_dma.o(.text.HAL_DMA_IRQHandler)
    HAL_DMA_Init                             0x08000649   Thumb Code   298  stm32g4xx_hal_dma.o(.text.HAL_DMA_Init)
    HAL_DMA_Start_IT                         0x08000775   Thumb Code   228  stm32g4xx_hal_dma.o(.text.HAL_DMA_Start_IT)
    HAL_GPIO_Init                            0x08000859   Thumb Code   426  stm32g4xx_hal_gpio.o(.text.HAL_GPIO_Init)
    HAL_GPIO_TogglePin                       0x08000a05   Thumb Code    16  stm32g4xx_hal_gpio.o(.text.HAL_GPIO_TogglePin)
    HAL_GPIO_WritePin                        0x08000a15   Thumb Code    12  stm32g4xx_hal_gpio.o(.text.HAL_GPIO_WritePin)
    HAL_GetTick                              0x08000a21   Thumb Code    12  stm32g4xx_hal.o(.text.HAL_GetTick)
    HAL_IncTick                              0x08000a2d   Thumb Code    26  stm32g4xx_hal.o(.text.HAL_IncTick)
    HAL_Init                                 0x08000a49   Thumb Code    30  stm32g4xx_hal.o(.text.HAL_Init)
    HAL_InitTick                             0x08000a69   Thumb Code   176  stm32g4xx_hal_timebase_tim.o(.text.HAL_InitTick)
    HAL_MspInit                              0x08000b19   Thumb Code    70  stm32g4xx_hal_msp.o(.text.HAL_MspInit)
    HAL_NVIC_EnableIRQ                       0x08000b61   Thumb Code    38  stm32g4xx_hal_cortex.o(.text.HAL_NVIC_EnableIRQ)
    HAL_NVIC_SetPriority                     0x08000b89   Thumb Code    86  stm32g4xx_hal_cortex.o(.text.HAL_NVIC_SetPriority)
    HAL_NVIC_SetPriorityGrouping             0x08000be1   Thumb Code    32  stm32g4xx_hal_cortex.o(.text.HAL_NVIC_SetPriorityGrouping)
    HAL_PCDEx_ActivateLPM                    0x08000c01   Thumb Code    42  stm32g4xx_hal_pcd_ex.o(.text.HAL_PCDEx_ActivateLPM)
    HAL_PCDEx_LPM_Callback                   0x08000c2d   Thumb Code    82  usbd_conf.o(.text.HAL_PCDEx_LPM_Callback)
    HAL_PCDEx_PMAConfig                      0x08000c81   Thumb Code    58  stm32g4xx_hal_pcd_ex.o(.text.HAL_PCDEx_PMAConfig)
    HAL_PCD_DataInStageCallback              0x08000cbd   Thumb Code    20  usbd_conf.o(.text.HAL_PCD_DataInStageCallback)
    HAL_PCD_DataOutStageCallback             0x08000cd1   Thumb Code    22  usbd_conf.o(.text.HAL_PCD_DataOutStageCallback)
    HAL_PCD_EP_Close                         0x08000ce9   Thumb Code    80  stm32g4xx_hal_pcd.o(.text.HAL_PCD_EP_Close)
    HAL_PCD_EP_ClrStall                      0x08000d39   Thumb Code   100  stm32g4xx_hal_pcd.o(.text.HAL_PCD_EP_ClrStall)
    HAL_PCD_EP_GetRxCount                    0x08000d9d   Thumb Code    18  stm32g4xx_hal_pcd.o(.text.HAL_PCD_EP_GetRxCount)
    HAL_PCD_EP_Open                          0x08000db1   Thumb Code   104  stm32g4xx_hal_pcd.o(.text.HAL_PCD_EP_Open)
    HAL_PCD_EP_Receive                       0x08000e19   Thumb Code    50  stm32g4xx_hal_pcd.o(.text.HAL_PCD_EP_Receive)
    HAL_PCD_EP_SetStall                      0x08000e4d   Thumb Code   102  stm32g4xx_hal_pcd.o(.text.HAL_PCD_EP_SetStall)
    HAL_PCD_EP_Transmit                      0x08000eb5   Thumb Code    54  stm32g4xx_hal_pcd.o(.text.HAL_PCD_EP_Transmit)
    HAL_PCD_IRQHandler                       0x08000eed   Thumb Code  2398  stm32g4xx_hal_pcd.o(.text.HAL_PCD_IRQHandler)
    HAL_PCD_Init                             0x0800184d   Thumb Code   198  stm32g4xx_hal_pcd.o(.text.HAL_PCD_Init)
    HAL_PCD_MspInit                          0x08001915   Thumb Code   102  usbd_conf.o(.text.HAL_PCD_MspInit)
    HAL_PCD_ResetCallback                    0x0800197d   Thumb Code    36  usbd_conf.o(.text.HAL_PCD_ResetCallback)
    HAL_PCD_ResumeCallback                   0x080019a1   Thumb Code    40  usbd_conf.o(.text.HAL_PCD_ResumeCallback)
    HAL_PCD_SOFCallback                      0x080019c9   Thumb Code     8  usbd_conf.o(.text.HAL_PCD_SOFCallback)
    HAL_PCD_SetAddress                       0x080019d1   Thumb Code    40  stm32g4xx_hal_pcd.o(.text.HAL_PCD_SetAddress)
    HAL_PCD_SetupStageCallback               0x080019f9   Thumb Code    14  usbd_conf.o(.text.HAL_PCD_SetupStageCallback)
    HAL_PCD_Start                            0x08001a09   Thumb Code    42  stm32g4xx_hal_pcd.o(.text.HAL_PCD_Start)
    HAL_PCD_SuspendCallback                  0x08001a35   Thumb Code    38  usbd_conf.o(.text.HAL_PCD_SuspendCallback)
    HAL_PWREx_ControlVoltageScaling          0x08001a5d   Thumb Code   294  stm32g4xx_hal_pwr_ex.o(.text.HAL_PWREx_ControlVoltageScaling)
    HAL_PWREx_DisableUCPDDeadBattery         0x08001b85   Thumb Code    18  stm32g4xx_hal_pwr_ex.o(.text.HAL_PWREx_DisableUCPDDeadBattery)
    HAL_RCCEx_PeriphCLKConfig                0x08001b99   Thumb Code   618  stm32g4xx_hal_rcc_ex.o(.text.HAL_RCCEx_PeriphCLKConfig)
    HAL_RCC_ClockConfig                      0x08001e05   Thumb Code   788  stm32g4xx_hal_rcc.o(.text.HAL_RCC_ClockConfig)
    HAL_RCC_GetClockConfig                   0x08002119   Thumb Code    66  stm32g4xx_hal_rcc.o(.text.HAL_RCC_GetClockConfig)
    HAL_RCC_GetPCLK1Freq                     0x0800215d   Thumb Code    42  stm32g4xx_hal_rcc.o(.text.HAL_RCC_GetPCLK1Freq)
    HAL_RCC_OscConfig                        0x08002189   Thumb Code  1200  stm32g4xx_hal_rcc.o(.text.HAL_RCC_OscConfig)
    HAL_TIMEx_Break2Callback                 0x08002639   Thumb Code     2  stm32g4xx_hal_tim_ex.o(.text.HAL_TIMEx_Break2Callback)
    HAL_TIMEx_BreakCallback                  0x0800263d   Thumb Code     2  stm32g4xx_hal_tim_ex.o(.text.HAL_TIMEx_BreakCallback)
    HAL_TIMEx_CommutCallback                 0x08002641   Thumb Code     2  stm32g4xx_hal_tim_ex.o(.text.HAL_TIMEx_CommutCallback)
    HAL_TIMEx_DirectionChangeCallback        0x08002645   Thumb Code     2  stm32g4xx_hal_tim_ex.o(.text.HAL_TIMEx_DirectionChangeCallback)
    HAL_TIMEx_EncoderIndexCallback           0x08002649   Thumb Code     2  stm32g4xx_hal_tim_ex.o(.text.HAL_TIMEx_EncoderIndexCallback)
    HAL_TIMEx_IndexErrorCallback             0x0800264d   Thumb Code     2  stm32g4xx_hal_tim_ex.o(.text.HAL_TIMEx_IndexErrorCallback)
    HAL_TIMEx_MasterConfigSynchronization    0x08002651   Thumb Code   162  stm32g4xx_hal_tim_ex.o(.text.HAL_TIMEx_MasterConfigSynchronization)
    HAL_TIMEx_TransitionErrorCallback        0x080026f5   Thumb Code     2  stm32g4xx_hal_tim_ex.o(.text.HAL_TIMEx_TransitionErrorCallback)
    HAL_TIM_Base_Init                        0x080026f9   Thumb Code    98  stm32g4xx_hal_tim.o(.text.HAL_TIM_Base_Init)
    HAL_TIM_Base_MspInit                     0x0800275d   Thumb Code     2  stm32g4xx_hal_tim.o(.text.HAL_TIM_Base_MspInit)
    HAL_TIM_Base_Start_IT                    0x08002761   Thumb Code   146  stm32g4xx_hal_tim.o(.text.HAL_TIM_Base_Start_IT)
    HAL_TIM_ErrorCallback                    0x080027f5   Thumb Code     2  stm32g4xx_hal_tim.o(.text.HAL_TIM_ErrorCallback)
    HAL_TIM_IC_CaptureCallback               0x080027f9   Thumb Code     2  stm32g4xx_hal_tim.o(.text.HAL_TIM_IC_CaptureCallback)
    HAL_TIM_IRQHandler                       0x080027fd   Thumb Code   528  stm32g4xx_hal_tim.o(.text.HAL_TIM_IRQHandler)
    HAL_TIM_OC_DelayElapsedCallback          0x08002a0d   Thumb Code     2  stm32g4xx_hal_tim.o(.text.HAL_TIM_OC_DelayElapsedCallback)
    HAL_TIM_PWM_ConfigChannel                0x08002a11   Thumb Code   974  stm32g4xx_hal_tim.o(.text.HAL_TIM_PWM_ConfigChannel)
    HAL_TIM_PWM_Init                         0x08002de1   Thumb Code    98  stm32g4xx_hal_tim.o(.text.HAL_TIM_PWM_Init)
    HAL_TIM_PWM_MspInit                      0x08002e45   Thumb Code   212  tim.o(.text.HAL_TIM_PWM_MspInit)
    HAL_TIM_PWM_PulseFinishedCallback        0x08002f19   Thumb Code     2  stm32g4xx_hal_tim.o(.text.HAL_TIM_PWM_PulseFinishedCallback)
    HAL_TIM_PWM_PulseFinishedHalfCpltCallback 0x08002f1d   Thumb Code     2  stm32g4xx_hal_tim.o(.text.HAL_TIM_PWM_PulseFinishedHalfCpltCallback)
    HAL_TIM_PWM_Start_DMA                    0x08002f21   Thumb Code   782  stm32g4xx_hal_tim.o(.text.HAL_TIM_PWM_Start_DMA)
    HAL_TIM_PeriodElapsedCallback            0x08003231   Thumb Code    20  main.o(.text.HAL_TIM_PeriodElapsedCallback)
    HAL_TIM_TriggerCallback                  0x08003245   Thumb Code     2  stm32g4xx_hal_tim.o(.text.HAL_TIM_TriggerCallback)
    HardFault_Handler                        0x08003249   Thumb Code     2  stm32g4xx_it.o(.text.HardFault_Handler)
    MX_DMA_Init                              0x0800324d   Thumb Code    86  dma.o(.text.MX_DMA_Init)
    MX_FREERTOS_Init                         0x080032a5   Thumb Code    36  app_freertos.o(.text.MX_FREERTOS_Init)
    MX_GPIO_Init                             0x080032c9   Thumb Code   116  gpio.o(.text.MX_GPIO_Init)
    MX_TIM2_Init                             0x0800333d   Thumb Code   238  tim.o(.text.MX_TIM2_Init)
    MX_TIM3_Init                             0x0800342d   Thumb Code   234  tim.o(.text.MX_TIM3_Init)
    MX_USB_Device_Init                       0x08003519   Thumb Code   114  usb_device.o(.text.MX_USB_Device_Init)
    MemManage_Handler                        0x0800358d   Thumb Code     2  stm32g4xx_it.o(.text.MemManage_Handler)
    NMI_Handler                              0x08003591   Thumb Code     2  stm32g4xx_it.o(.text.NMI_Handler)
    PendSV_Handler                           0x080035a1   Thumb Code   100  port.o(.text.PendSV_Handler)
    SVC_Handler                              0x08003611   Thumb Code    36  port.o(.text.SVC_Handler)
    StartDefaultTask                         0x08003635   Thumb Code     8  app_freertos.o(.text.StartDefaultTask)
    SysTick_Handler                          0x0800363d   Thumb Code    30  cmsis_os2.o(.text.SysTick_Handler)
    SystemClock_Config                       0x0800365d   Thumb Code   120  main.o(.text.SystemClock_Config)
    SystemInit                               0x080036d5   Thumb Code    18  system_stm32g4xx.o(.text.SystemInit)
    TIM6_DAC_IRQHandler                      0x080036e9   Thumb Code    12  stm32g4xx_it.o(.text.TIM6_DAC_IRQHandler)
    TIM_Base_SetConfig                       0x080036f5   Thumb Code   266  stm32g4xx_hal_tim.o(.text.TIM_Base_SetConfig)
    TIM_DMADelayPulseHalfCplt                0x0800386d   Thumb Code    56  stm32g4xx_hal_tim.o(.text.TIM_DMADelayPulseHalfCplt)
    TIM_DMAError                             0x080038a5   Thumb Code    94  stm32g4xx_hal_tim.o(.text.TIM_DMAError)
    USBD_CDC_ConfigStrDescriptor             0x08003905   Thumb Code    24  usbd_desc.o(.text.USBD_CDC_ConfigStrDescriptor)
    USBD_CDC_DeviceDescriptor                0x08003a09   Thumb Code    14  usbd_desc.o(.text.USBD_CDC_DeviceDescriptor)
    USBD_CDC_GetDeviceQualifierDescriptor    0x08003a4d   Thumb Code    16  usbd_cdc.o(.text.USBD_CDC_GetDeviceQualifierDescriptor)
    USBD_CDC_InterfaceStrDescriptor          0x08003b25   Thumb Code    24  usbd_desc.o(.text.USBD_CDC_InterfaceStrDescriptor)
    USBD_CDC_LangIDStrDescriptor             0x08003b4d   Thumb Code    14  usbd_desc.o(.text.USBD_CDC_LangIDStrDescriptor)
    USBD_CDC_ManufacturerStrDescriptor       0x08003b5d   Thumb Code    24  usbd_desc.o(.text.USBD_CDC_ManufacturerStrDescriptor)
    USBD_CDC_ProductStrDescriptor            0x08003b89   Thumb Code    24  usbd_desc.o(.text.USBD_CDC_ProductStrDescriptor)
    USBD_CDC_ReceivePacket                   0x08003bb9   Thumb Code    44  usbd_cdc.o(.text.USBD_CDC_ReceivePacket)
    USBD_CDC_RegisterInterface               0x08003be5   Thumb Code    14  usbd_cdc.o(.text.USBD_CDC_RegisterInterface)
    USBD_CDC_SerialStrDescriptor             0x08003bf5   Thumb Code   364  usbd_desc.o(.text.USBD_CDC_SerialStrDescriptor)
    USBD_CDC_SetRxBuffer                     0x08003d61   Thumb Code    18  usbd_cdc.o(.text.USBD_CDC_SetRxBuffer)
    USBD_CDC_SetTxBuffer                     0x08003d75   Thumb Code    22  usbd_cdc.o(.text.USBD_CDC_SetTxBuffer)
    USBD_CDC_TransmitPacket                  0x08003e7d   Thumb Code    54  usbd_cdc.o(.text.USBD_CDC_TransmitPacket)
    USBD_ClrClassConfig                      0x08003eb5   Thumb Code    16  usbd_core.o(.text.USBD_ClrClassConfig)
    USBD_CtlContinueRx                       0x08003ec5   Thumb Code    16  usbd_ioreq.o(.text.USBD_CtlContinueRx)
    USBD_CtlContinueSendData                 0x08003ed5   Thumb Code    16  usbd_ioreq.o(.text.USBD_CtlContinueSendData)
    USBD_CtlError                            0x08003ee5   Thumb Code    22  usbd_ctlreq.o(.text.USBD_CtlError)
    USBD_CtlPrepareRx                        0x08003efd   Thumb Code    26  usbd_ioreq.o(.text.USBD_CtlPrepareRx)
    USBD_CtlReceiveStatus                    0x08003f19   Thumb Code    22  usbd_ioreq.o(.text.USBD_CtlReceiveStatus)
    USBD_CtlSendData                         0x08003f31   Thumb Code    26  usbd_ioreq.o(.text.USBD_CtlSendData)
    USBD_CtlSendStatus                       0x08003f4d   Thumb Code    22  usbd_ioreq.o(.text.USBD_CtlSendStatus)
    USBD_GetString                           0x08003f65   Thumb Code   218  usbd_ctlreq.o(.text.USBD_GetString)
    USBD_Init                                0x08004041   Thumb Code    42  usbd_core.o(.text.USBD_Init)
    USBD_LL_ClearStallEP                     0x0800406d   Thumb Code    34  usbd_conf.o(.text.USBD_LL_ClearStallEP)
    USBD_LL_CloseEP                          0x08004091   Thumb Code    34  usbd_conf.o(.text.USBD_LL_CloseEP)
    USBD_LL_DataInStage                      0x080040b5   Thumb Code   168  usbd_core.o(.text.USBD_LL_DataInStage)
    USBD_LL_DataOutStage                     0x0800415d   Thumb Code   110  usbd_core.o(.text.USBD_LL_DataOutStage)
    USBD_LL_GetRxDataSize                    0x080041cd   Thumb Code     8  usbd_conf.o(.text.USBD_LL_GetRxDataSize)
    USBD_LL_Init                             0x080041d5   Thumb Code   138  usbd_conf.o(.text.USBD_LL_Init)
    USBD_LL_IsStallEP                        0x08004261   Thumb Code    34  usbd_conf.o(.text.USBD_LL_IsStallEP)
    USBD_LL_OpenEP                           0x08004285   Thumb Code    40  usbd_conf.o(.text.USBD_LL_OpenEP)
    USBD_LL_PrepareReceive                   0x080042ad   Thumb Code    34  usbd_conf.o(.text.USBD_LL_PrepareReceive)
    USBD_LL_Reset                            0x080042d1   Thumb Code   104  usbd_core.o(.text.USBD_LL_Reset)
    USBD_LL_Resume                           0x08004339   Thumb Code    20  usbd_core.o(.text.USBD_LL_Resume)
    USBD_LL_SOF                              0x0800434d   Thumb Code    32  usbd_core.o(.text.USBD_LL_SOF)
    USBD_LL_SetSpeed                         0x0800436d   Thumb Code     8  usbd_core.o(.text.USBD_LL_SetSpeed)
    USBD_LL_SetUSBAddress                    0x08004375   Thumb Code    34  usbd_conf.o(.text.USBD_LL_SetUSBAddress)
    USBD_LL_SetupStage                       0x08004399   Thumb Code    98  usbd_core.o(.text.USBD_LL_SetupStage)
    USBD_LL_StallEP                          0x080043fd   Thumb Code    34  usbd_conf.o(.text.USBD_LL_StallEP)
    USBD_LL_Start                            0x08004421   Thumb Code    34  usbd_conf.o(.text.USBD_LL_Start)
    USBD_LL_Suspend                          0x08004445   Thumb Code    20  usbd_core.o(.text.USBD_LL_Suspend)
    USBD_LL_Transmit                         0x08004459   Thumb Code    34  usbd_conf.o(.text.USBD_LL_Transmit)
    USBD_ParseSetupRequest                   0x0800447d   Thumb Code    22  usbd_ctlreq.o(.text.USBD_ParseSetupRequest)
    USBD_RegisterClass                       0x08004495   Thumb Code    46  usbd_core.o(.text.USBD_RegisterClass)
    USBD_SetClassConfig                      0x080044c5   Thumb Code    16  usbd_core.o(.text.USBD_SetClassConfig)
    USBD_Start                               0x080044d5   Thumb Code     4  usbd_core.o(.text.USBD_Start)
    USBD_StdDevReq                           0x080044d9   Thumb Code   884  usbd_ctlreq.o(.text.USBD_StdDevReq)
    USBD_StdEPReq                            0x0800484d   Thumb Code   326  usbd_ctlreq.o(.text.USBD_StdEPReq)
    USBD_StdItfReq                           0x08004995   Thumb Code   122  usbd_ctlreq.o(.text.USBD_StdItfReq)
    USBD_static_free                         0x08004a11   Thumb Code     2  usbd_conf.o(.text.USBD_static_free)
    USBD_static_malloc                       0x08004a15   Thumb Code    10  usbd_conf.o(.text.USBD_static_malloc)
    USB_ActivateEndpoint                     0x08004a21   Thumb Code   550  stm32g4xx_ll_usb.o(.text.USB_ActivateEndpoint)
    USB_DeactivateEndpoint                   0x08004c49   Thumb Code   226  stm32g4xx_ll_usb.o(.text.USB_DeactivateEndpoint)
    USB_DevConnect                           0x08004d2d   Thumb Code    18  stm32g4xx_ll_usb.o(.text.USB_DevConnect)
    USB_DevInit                              0x08004d41   Thumb Code    26  stm32g4xx_ll_usb.o(.text.USB_DevInit)
    USB_DisableGlobalInt                     0x08004d5d   Thumb Code    20  stm32g4xx_ll_usb.o(.text.USB_DisableGlobalInt)
    USB_EPClearStall                         0x08004d71   Thumb Code   124  stm32g4xx_ll_usb.o(.text.USB_EPClearStall)
    USB_EPSetStall                           0x08004ded   Thumb Code    50  stm32g4xx_ll_usb.o(.text.USB_EPSetStall)
    USB_EPStartXfer                          0x08004e21   Thumb Code  2106  stm32g4xx_ll_usb.o(.text.USB_EPStartXfer)
    USB_EnableGlobalInt                      0x0800565d   Thumb Code    20  stm32g4xx_ll_usb.o(.text.USB_EnableGlobalInt)
    USB_LP_IRQHandler                        0x08005671   Thumb Code    12  stm32g4xx_it.o(.text.USB_LP_IRQHandler)
    USB_ReadInterrupts                       0x0800567d   Thumb Code     6  stm32g4xx_ll_usb.o(.text.USB_ReadInterrupts)
    USB_ReadPMA                              0x08005685   Thumb Code   156  stm32g4xx_ll_usb.o(.text.USB_ReadPMA)
    USB_SetDevAddress                        0x08005721   Thumb Code    14  stm32g4xx_ll_usb.o(.text.USB_SetDevAddress)
    USB_WritePMA                             0x08005731   Thumb Code   130  stm32g4xx_ll_usb.o(.text.USB_WritePMA)
    UsageFault_Handler                       0x080057b5   Thumb Code     2  stm32g4xx_it.o(.text.UsageFault_Handler)
    axis_thread_start                        0x080057b9   Thumb Code   104  axis.o(.text.axis_thread_start)
    main                                     0x08005821   Thumb Code   158  main.o(.text.main)
    osDelay                                  0x080058c1   Thumb Code    32  cmsis_os2.o(.text.osDelay)
    osKernelInitialize                       0x080058e1   Thumb Code    40  cmsis_os2.o(.text.osKernelInitialize)
    osKernelStart                            0x08005909   Thumb Code    60  cmsis_os2.o(.text.osKernelStart)
    osThreadNew                              0x08005945   Thumb Code   174  cmsis_os2.o(.text.osThreadNew)
    printTask                                0x080059f5   Thumb Code    44  vofa.o(.text.printTask)
    pvPortMalloc                             0x080062c5   Thumb Code   522  heap_4.o(.text.pvPortMalloc)
    pxPortInitialiseStack                    0x080064d1   Thumb Code    40  port.o(.text.pxPortInitialiseStack)
    rgb_set                                  0x080064f9   Thumb Code   384  rgb.o(.text.rgb_set)
    rtos_main                                0x08006679   Thumb Code     4  main_help.o(.text.rtos_main)
    run_state_mache_loop                     0x0800667d   Thumb Code    38  axis.o(.text.run_state_mache_loop)
    uxListRemove                             0x080066a5   Thumb Code    36  list.o(.text.uxListRemove)
    vApplicationGetIdleTaskMemory            0x080066c9   Thumb Code    26  cmsis_os2.o(.text.vApplicationGetIdleTaskMemory)
    vApplicationGetTimerTaskMemory           0x080066e5   Thumb Code    28  cmsis_os2.o(.text.vApplicationGetTimerTaskMemory)
    vListInitialise                          0x08006701   Thumb Code    22  list.o(.text.vListInitialise)
    vListInitialiseItem                      0x08006719   Thumb Code     6  list.o(.text.vListInitialiseItem)
    vListInsert                              0x08006721   Thumb Code    98  list.o(.text.vListInsert)
    vListInsertEnd                           0x08006785   Thumb Code    28  list.o(.text.vListInsertEnd)
    vPortEnterCritical                       0x080067b5   Thumb Code    70  port.o(.text.vPortEnterCritical)
    vPortExitCritical                        0x080067fd   Thumb Code    46  port.o(.text.vPortExitCritical)
    vPortFree                                0x0800682d   Thumb Code   212  heap_4.o(.text.vPortFree)
    vPortSetupTimerInterrupt                 0x08006901   Thumb Code    52  port.o(.text.vPortSetupTimerInterrupt)
    vQueueAddToRegistry                      0x08006935   Thumb Code   176  queue.o(.text.vQueueAddToRegistry)
    vQueueWaitForMessageRestricted           0x080069e5   Thumb Code    82  queue.o(.text.vQueueWaitForMessageRestricted)
    vTaskDelay                               0x08006a39   Thumb Code   128  tasks.o(.text.vTaskDelay)
    vTaskInternalSetTimeOutState             0x08006ab9   Thumb Code    18  tasks.o(.text.vTaskInternalSetTimeOutState)
    vTaskMissedYield                         0x08006acd   Thumb Code    14  tasks.o(.text.vTaskMissedYield)
    vTaskPlaceOnEventList                    0x08006add   Thumb Code   116  tasks.o(.text.vTaskPlaceOnEventList)
    vTaskPlaceOnEventListRestricted          0x08006b51   Thumb Code   122  tasks.o(.text.vTaskPlaceOnEventListRestricted)
    vTaskStartScheduler                      0x08006bcd   Thumb Code   232  tasks.o(.text.vTaskStartScheduler)
    vTaskSuspendAll                          0x08006cbd   Thumb Code    16  tasks.o(.text.vTaskSuspendAll)
    vTaskSwitchContext                       0x08006ccd   Thumb Code   188  tasks.o(.text.vTaskSwitchContext)
    vofa_init                                0x08006d89   Thumb Code   104  vofa.o(.text.vofa_init)
    xPortStartScheduler                      0x08006df1   Thumb Code   388  port.o(.text.xPortStartScheduler)
    xPortSysTickHandler                      0x08006f75   Thumb Code    46  port.o(.text.xPortSysTickHandler)
    xQueueGenericCreateStatic                0x08006fa5   Thumb Code   222  queue.o(.text.xQueueGenericCreateStatic)
    xQueueGenericSend                        0x08007085   Thumb Code   554  queue.o(.text.xQueueGenericSend)
    xQueueReceive                            0x080072b1   Thumb Code   418  queue.o(.text.xQueueReceive)
    xTaskCheckForTimeOut                     0x08007455   Thumb Code   162  tasks.o(.text.xTaskCheckForTimeOut)
    xTaskCreate                              0x080074f9   Thumb Code    96  tasks.o(.text.xTaskCreate)
    xTaskCreateStatic                        0x08007559   Thumb Code   118  tasks.o(.text.xTaskCreateStatic)
    xTaskGetSchedulerState                   0x080075d1   Thumb Code    30  tasks.o(.text.xTaskGetSchedulerState)
    xTaskGetTickCount                        0x080075f1   Thumb Code    12  tasks.o(.text.xTaskGetTickCount)
    xTaskIncrementTick                       0x080075fd   Thumb Code   260  tasks.o(.text.xTaskIncrementTick)
    xTaskPriorityDisinherit                  0x08007701   Thumb Code   138  tasks.o(.text.xTaskPriorityDisinherit)
    xTaskRemoveFromEventList                 0x0800778d   Thumb Code   114  tasks.o(.text.xTaskRemoveFromEventList)
    xTaskResumeAll                           0x08007801   Thumb Code   238  tasks.o(.text.xTaskResumeAll)
    xTimerCreateTimerTask                    0x080078f1   Thumb Code   172  timers.o(.text.xTimerCreateTimerTask)
    _fp_init                                 0x080079a5   Thumb Code    26  fpinit.o(x$fpl$fpinit)
    __fplib_config_fpu_vfp                   0x080079bd   Thumb Code     0  fpinit.o(x$fpl$fpinit)
    __fplib_config_pureend_doubles           0x080079bd   Thumb Code     0  fpinit.o(x$fpl$fpinit)
    AHBPrescTable                            0x080079be   Data          16  system_stm32g4xx.o(.rodata.AHBPrescTable)
    APBPrescTable                            0x080079ce   Data           8  system_stm32g4xx.o(.rodata.APBPrescTable)
    defaultTask_attributes                   0x080079d8   Data          36  app_freertos.o(.rodata.defaultTask_attributes)
    Region$$Table$$Base                      0x08007a24   Number         0  anon$$obj.o(Region$$Table)
    Region$$Table$$Limit                     0x08007a44   Number         0  anon$$obj.o(Region$$Table)
    uwTickPrio                               0x20000000   Data           4  stm32g4xx_hal.o(.data..L_MergedGlobals)
    uwTickFreq                               0x20000004   Data           4  stm32g4xx_hal.o(.data..L_MergedGlobals)
    CDC_Desc                                 0x20000008   Data          32  usbd_desc.o(.data.CDC_Desc)
    SystemCoreClock                          0x20000028   Data           4  system_stm32g4xx.o(.data.SystemCoreClock)
    USBD_CDC                                 0x2000002c   Data          56  usbd_cdc.o(.data.USBD_CDC)
    USBD_CDC_DeviceDesc                      0x200000ec   Data          18  usbd_desc.o(.data.USBD_CDC_DeviceDesc)
    USBD_Interface_fops_FS                   0x20000150   Data          20  usbd_cdc_if.o(.data.USBD_Interface_fops_FS)
    USBD_LangIDDesc                          0x20000164   Data           4  usbd_desc.o(.data.USBD_LangIDDesc)
    USBD_StringSerial                        0x20000168   Data          26  usbd_desc.o(.data.USBD_StringSerial)
    __libspace_start                         0x20000188   Data          96  libspace.o(.bss)
    __temporary_stack_top$libspace           0x200001e8   Data           0  libspace.o(.bss)
    pxCurrentTCB                             0x200001e8   Data           4  tasks.o(.bss..L_MergedGlobals)
    USBD_StrDesc                             0x200002f4   Data         512  usbd_desc.o(.bss.USBD_StrDesc)
    UserRxBufferFS                           0x20000714   Data        1024  usbd_cdc_if.o(.bss.UserRxBufferFS)
    UserTxBufferFS                           0x20000b14   Data        1024  usbd_cdc_if.o(.bss.UserTxBufferFS)
    axisTaskHandle                           0x20000f14   Data           4  axis.o(.bss.axisTaskHandle)
    defaultTaskHandle                        0x20000f18   Data           4  app_freertos.o(.bss.defaultTaskHandle)
    hUsbDeviceFS                             0x20000f1c   Data         720  usb_device.o(.bss.hUsbDeviceFS)
    hdma_tim2_ch1                            0x200011ec   Data          96  tim.o(.bss.hdma_tim2_ch1)
    hdma_tim3_ch4                            0x2000124c   Data          96  tim.o(.bss.hdma_tim3_ch4)
    hpcd_USB_FS                              0x200012ac   Data         756  usbd_conf.o(.bss.hpcd_USB_FS)
    htim2                                    0x200015a0   Data          76  tim.o(.bss.htim2)
    htim3                                    0x200015ec   Data          76  tim.o(.bss.htim3)
    htim6                                    0x20001638   Data          76  stm32g4xx_hal_timebase_tim.o(.bss.htim6)
    printTaskHandle                          0x20001684   Data           4  vofa.o(.bss.printTaskHandle)
    rgb_buffur                               0x20001bd8   Data         296  rgb.o(.bss.rgb_buffur)
    uwTick                                   0x20002900   Data           4  stm32g4xx_hal.o(.bss.uwTick)
    xQueueRegistry                           0x20002fbc   Data          64  queue.o(.bss.xQueueRegistry)



==============================================================================

Memory Map of the image

  Image Entry point : 0x080001d9

  Load Region LR_IROM1 (Base: 0x08000000, Size: 0x00007bd0, Max: 0x00020000, ABSOLUTE, COMPRESSED[0x00007b10])

    Execution Region ER_IROM1 (Exec base: 0x08000000, Load base: 0x08000000, Size: 0x00007a44, Max: 0x00020000, ABSOLUTE)

    Exec Addr    Load Addr    Size         Type   Attr      Idx    E Section Name        Object

    0x08000000   0x08000000   0x000001d8   Data   RO            3    RESET               startup_stm32g431xx.o
    0x080001d8   0x080001d8   0x00000008   Code   RO         2066  * !!!main             c_w.l(__main.o)
    0x080001e0   0x080001e0   0x00000034   Code   RO         2235    !!!scatter          c_w.l(__scatter.o)
    0x08000214   0x08000214   0x0000005a   Code   RO         2233    !!dczerorl2         c_w.l(__dczerorl2.o)
    0x0800026e   0x0800026e   0x00000002   PAD
    0x08000270   0x08000270   0x0000001c   Code   RO         2237    !!handler_zi        c_w.l(__scatter_zi.o)
    0x0800028c   0x0800028c   0x00000002   Code   RO         2095    .ARM.Collect$$libinit$$00000000  c_w.l(libinit.o)
    0x0800028e   0x0800028e   0x00000004   Code   RO         2101    .ARM.Collect$$libinit$$00000001  c_w.l(libinit2.o)
    0x08000292   0x08000292   0x00000000   Code   RO         2104    .ARM.Collect$$libinit$$00000004  c_w.l(libinit2.o)
    0x08000292   0x08000292   0x00000000   Code   RO         2106    .ARM.Collect$$libinit$$00000006  c_w.l(libinit2.o)
    0x08000292   0x08000292   0x00000000   Code   RO         2109    .ARM.Collect$$libinit$$0000000C  c_w.l(libinit2.o)
    0x08000292   0x08000292   0x00000000   Code   RO         2111    .ARM.Collect$$libinit$$0000000E  c_w.l(libinit2.o)
    0x08000292   0x08000292   0x00000000   Code   RO         2113    .ARM.Collect$$libinit$$00000010  c_w.l(libinit2.o)
    0x08000292   0x08000292   0x00000000   Code   RO         2116    .ARM.Collect$$libinit$$00000013  c_w.l(libinit2.o)
    0x08000292   0x08000292   0x00000000   Code   RO         2118    .ARM.Collect$$libinit$$00000015  c_w.l(libinit2.o)
    0x08000292   0x08000292   0x00000000   Code   RO         2120    .ARM.Collect$$libinit$$00000017  c_w.l(libinit2.o)
    0x08000292   0x08000292   0x00000000   Code   RO         2122    .ARM.Collect$$libinit$$00000019  c_w.l(libinit2.o)
    0x08000292   0x08000292   0x00000000   Code   RO         2124    .ARM.Collect$$libinit$$0000001B  c_w.l(libinit2.o)
    0x08000292   0x08000292   0x00000000   Code   RO         2126    .ARM.Collect$$libinit$$0000001D  c_w.l(libinit2.o)
    0x08000292   0x08000292   0x00000000   Code   RO         2128    .ARM.Collect$$libinit$$0000001F  c_w.l(libinit2.o)
    0x08000292   0x08000292   0x00000000   Code   RO         2130    .ARM.Collect$$libinit$$00000021  c_w.l(libinit2.o)
    0x08000292   0x08000292   0x00000000   Code   RO         2132    .ARM.Collect$$libinit$$00000023  c_w.l(libinit2.o)
    0x08000292   0x08000292   0x00000000   Code   RO         2134    .ARM.Collect$$libinit$$00000025  c_w.l(libinit2.o)
    0x08000292   0x08000292   0x00000000   Code   RO         2136    .ARM.Collect$$libinit$$00000027  c_w.l(libinit2.o)
    0x08000292   0x08000292   0x00000000   Code   RO         2140    .ARM.Collect$$libinit$$0000002E  c_w.l(libinit2.o)
    0x08000292   0x08000292   0x00000000   Code   RO         2142    .ARM.Collect$$libinit$$00000030  c_w.l(libinit2.o)
    0x08000292   0x08000292   0x00000000   Code   RO         2144    .ARM.Collect$$libinit$$00000032  c_w.l(libinit2.o)
    0x08000292   0x08000292   0x00000000   Code   RO         2146    .ARM.Collect$$libinit$$00000034  c_w.l(libinit2.o)
    0x08000292   0x08000292   0x00000002   Code   RO         2147    .ARM.Collect$$libinit$$00000035  c_w.l(libinit2.o)
    0x08000294   0x08000294   0x00000002   Code   RO         2169    .ARM.Collect$$libshutdown$$00000000  c_w.l(libshutdown.o)
    0x08000296   0x08000296   0x00000000   Code   RO         2184    .ARM.Collect$$libshutdown$$00000002  c_w.l(libshutdown2.o)
    0x08000296   0x08000296   0x00000000   Code   RO         2186    .ARM.Collect$$libshutdown$$00000004  c_w.l(libshutdown2.o)
    0x08000296   0x08000296   0x00000000   Code   RO         2189    .ARM.Collect$$libshutdown$$00000007  c_w.l(libshutdown2.o)
    0x08000296   0x08000296   0x00000000   Code   RO         2192    .ARM.Collect$$libshutdown$$0000000A  c_w.l(libshutdown2.o)
    0x08000296   0x08000296   0x00000000   Code   RO         2194    .ARM.Collect$$libshutdown$$0000000C  c_w.l(libshutdown2.o)
    0x08000296   0x08000296   0x00000000   Code   RO         2197    .ARM.Collect$$libshutdown$$0000000F  c_w.l(libshutdown2.o)
    0x08000296   0x08000296   0x00000002   Code   RO         2198    .ARM.Collect$$libshutdown$$00000010  c_w.l(libshutdown2.o)
    0x08000298   0x08000298   0x00000000   Code   RO         2068    .ARM.Collect$$rtentry$$00000000  c_w.l(__rtentry.o)
    0x08000298   0x08000298   0x00000000   Code   RO         2072    .ARM.Collect$$rtentry$$00000002  c_w.l(__rtentry2.o)
    0x08000298   0x08000298   0x00000006   Code   RO         2084    .ARM.Collect$$rtentry$$00000004  c_w.l(__rtentry4.o)
    0x0800029e   0x0800029e   0x00000000   Code   RO         2074    .ARM.Collect$$rtentry$$00000009  c_w.l(__rtentry2.o)
    0x0800029e   0x0800029e   0x00000004   Code   RO         2075    .ARM.Collect$$rtentry$$0000000A  c_w.l(__rtentry2.o)
    0x080002a2   0x080002a2   0x00000000   Code   RO         2077    .ARM.Collect$$rtentry$$0000000C  c_w.l(__rtentry2.o)
    0x080002a2   0x080002a2   0x00000008   Code   RO         2078    .ARM.Collect$$rtentry$$0000000D  c_w.l(__rtentry2.o)
    0x080002aa   0x080002aa   0x00000002   Code   RO         2099    .ARM.Collect$$rtexit$$00000000  c_w.l(rtexit.o)
    0x080002ac   0x080002ac   0x00000000   Code   RO         2149    .ARM.Collect$$rtexit$$00000002  c_w.l(rtexit2.o)
    0x080002ac   0x080002ac   0x00000004   Code   RO         2150    .ARM.Collect$$rtexit$$00000003  c_w.l(rtexit2.o)
    0x080002b0   0x080002b0   0x00000006   Code   RO         2151    .ARM.Collect$$rtexit$$00000004  c_w.l(rtexit2.o)
    0x080002b6   0x080002b6   0x00000002   PAD
    0x080002b8   0x080002b8   0x00000040   Code   RO            4    .text               startup_stm32g431xx.o
    0x080002f8   0x080002f8   0x0000008a   Code   RO         2054    .text               c_w.l(rt_memcpy_v6.o)
    0x08000382   0x08000382   0x00000010   Code   RO         2058    .text               c_w.l(aeabi_memset4.o)
    0x08000392   0x08000392   0x0000004e   Code   RO         2062    .text               c_w.l(rt_memclr_w.o)
    0x080003e0   0x080003e0   0x00000006   Code   RO         2064    .text               c_w.l(heapauxi.o)
    0x080003e6   0x080003e6   0x00000064   Code   RO         2069    .text               c_w.l(rt_memcpy_w.o)
    0x0800044a   0x0800044a   0x0000004a   Code   RO         2086    .text               c_w.l(sys_stackheap_outer.o)
    0x08000494   0x08000494   0x00000012   Code   RO         2088    .text               c_w.l(exit.o)
    0x080004a6   0x080004a6   0x00000002   PAD
    0x080004a8   0x080004a8   0x00000008   Code   RO         2096    .text               c_w.l(libspace.o)
    0x080004b0   0x080004b0   0x0000000c   Code   RO         2159    .text               c_w.l(sys_exit.o)
    0x080004bc   0x080004bc   0x00000002   Code   RO         2174    .text               c_w.l(use_no_semi.o)
    0x080004be   0x080004be   0x00000000   Code   RO         2176    .text               c_w.l(indicate_semi.o)
    0x080004be   0x080004be   0x00000002   PAD
    0x080004c0   0x080004c0   0x00000002   Code   RO           88    .text.BusFault_Handler  stm32g4xx_it.o
    0x080004c2   0x080004c2   0x00000002   PAD
    0x080004c4   0x080004c4   0x00000004   Code   RO         1278    .text.CDC_Control_FS  usbd_cdc_if.o
    0x080004c8   0x080004c8   0x00000004   Code   RO         1276    .text.CDC_DeInit_FS  usbd_cdc_if.o
    0x080004cc   0x080004cc   0x0000002c   Code   RO         1274    .text.CDC_Init_FS   usbd_cdc_if.o
    0x080004f8   0x080004f8   0x0000001c   Code   RO         1280    .text.CDC_Receive_FS  usbd_cdc_if.o
    0x08000514   0x08000514   0x00000004   Code   RO         1282    .text.CDC_TransmitCplt_FS  usbd_cdc_if.o
    0x08000518   0x08000518   0x0000005a   Code   RO         1284    .text.CDC_Transmit_FS  usbd_cdc_if.o
    0x08000572   0x08000572   0x00000002   PAD
    0x08000574   0x08000574   0x0000000c   Code   RO           94    .text.DMA1_Channel1_IRQHandler  stm32g4xx_it.o
    0x08000580   0x08000580   0x0000000c   Code   RO           96    .text.DMA1_Channel2_IRQHandler  stm32g4xx_it.o
    0x0800058c   0x0800058c   0x00000002   Code   RO           92    .text.DebugMon_Handler  stm32g4xx_it.o
    0x0800058e   0x0800058e   0x00000002   PAD
    0x08000590   0x08000590   0x0000000a   Code   RO           15    .text.Error_Handler  main.o
    0x0800059a   0x0800059a   0x00000002   PAD
    0x0800059c   0x0800059c   0x000000aa   Code   RO          573    .text.HAL_DMA_IRQHandler  stm32g4xx_hal_dma.o
    0x08000646   0x08000646   0x00000002   PAD
    0x08000648   0x08000648   0x0000012a   Code   RO          559    .text.HAL_DMA_Init  stm32g4xx_hal_dma.o
    0x08000772   0x08000772   0x00000002   PAD
    0x08000774   0x08000774   0x000000e4   Code   RO          565    .text.HAL_DMA_Start_IT  stm32g4xx_hal_dma.o
    0x08000858   0x08000858   0x000001aa   Code   RO          509    .text.HAL_GPIO_Init  stm32g4xx_hal_gpio.o
    0x08000a02   0x08000a02   0x00000002   PAD
    0x08000a04   0x08000a04   0x00000010   Code   RO          517    .text.HAL_GPIO_TogglePin  stm32g4xx_hal_gpio.o
    0x08000a14   0x08000a14   0x0000000c   Code   RO          515    .text.HAL_GPIO_WritePin  stm32g4xx_hal_gpio.o
    0x08000a20   0x08000a20   0x0000000c   Code   RO          287    .text.HAL_GetTick   stm32g4xx_hal.o
    0x08000a2c   0x08000a2c   0x0000001a   Code   RO          285    .text.HAL_IncTick   stm32g4xx_hal.o
    0x08000a46   0x08000a46   0x00000002   PAD
    0x08000a48   0x08000a48   0x0000001e   Code   RO          275    .text.HAL_Init      stm32g4xx_hal.o
    0x08000a66   0x08000a66   0x00000002   PAD
    0x08000a68   0x08000a68   0x000000b0   Code   RO          118    .text.HAL_InitTick  stm32g4xx_hal_timebase_tim.o
    0x08000b18   0x08000b18   0x00000046   Code   RO          109    .text.HAL_MspInit   stm32g4xx_hal_msp.o
    0x08000b5e   0x08000b5e   0x00000002   PAD
    0x08000b60   0x08000b60   0x00000026   Code   RO          735    .text.HAL_NVIC_EnableIRQ  stm32g4xx_hal_cortex.o
    0x08000b86   0x08000b86   0x00000002   PAD
    0x08000b88   0x08000b88   0x00000056   Code   RO          733    .text.HAL_NVIC_SetPriority  stm32g4xx_hal_cortex.o
    0x08000bde   0x08000bde   0x00000002   PAD
    0x08000be0   0x08000be0   0x00000020   Code   RO          731    .text.HAL_NVIC_SetPriorityGrouping  stm32g4xx_hal_cortex.o
    0x08000c00   0x08000c00   0x0000002a   Code   RO          215    .text.HAL_PCDEx_ActivateLPM  stm32g4xx_hal_pcd_ex.o
    0x08000c2a   0x08000c2a   0x00000002   PAD
    0x08000c2c   0x08000c2c   0x00000052   Code   RO         1220    .text.HAL_PCDEx_LPM_Callback  usbd_conf.o
    0x08000c7e   0x08000c7e   0x00000002   PAD
    0x08000c80   0x08000c80   0x0000003a   Code   RO          205    .text.HAL_PCDEx_PMAConfig  stm32g4xx_hal_pcd_ex.o
    0x08000cba   0x08000cba   0x00000002   PAD
    0x08000cbc   0x08000cbc   0x00000014   Code   RO         1174    .text.HAL_PCD_DataInStageCallback  usbd_conf.o
    0x08000cd0   0x08000cd0   0x00000016   Code   RO         1172    .text.HAL_PCD_DataOutStageCallback  usbd_conf.o
    0x08000ce6   0x08000ce6   0x00000002   PAD
    0x08000ce8   0x08000ce8   0x00000050   Code   RO          177    .text.HAL_PCD_EP_Close  stm32g4xx_hal_pcd.o
    0x08000d38   0x08000d38   0x00000064   Code   RO          187    .text.HAL_PCD_EP_ClrStall  stm32g4xx_hal_pcd.o
    0x08000d9c   0x08000d9c   0x00000012   Code   RO          181    .text.HAL_PCD_EP_GetRxCount  stm32g4xx_hal_pcd.o
    0x08000dae   0x08000dae   0x00000002   PAD
    0x08000db0   0x08000db0   0x00000068   Code   RO          175    .text.HAL_PCD_EP_Open  stm32g4xx_hal_pcd.o
    0x08000e18   0x08000e18   0x00000032   Code   RO          179    .text.HAL_PCD_EP_Receive  stm32g4xx_hal_pcd.o
    0x08000e4a   0x08000e4a   0x00000002   PAD
    0x08000e4c   0x08000e4c   0x00000066   Code   RO          185    .text.HAL_PCD_EP_SetStall  stm32g4xx_hal_pcd.o
    0x08000eb2   0x08000eb2   0x00000002   PAD
    0x08000eb4   0x08000eb4   0x00000036   Code   RO          183    .text.HAL_PCD_EP_Transmit  stm32g4xx_hal_pcd.o
    0x08000eea   0x08000eea   0x00000002   PAD
    0x08000eec   0x08000eec   0x0000095e   Code   RO          145    .text.HAL_PCD_IRQHandler  stm32g4xx_hal_pcd.o
    0x0800184a   0x0800184a   0x00000002   PAD
    0x0800184c   0x0800184c   0x000000c6   Code   RO          133    .text.HAL_PCD_Init  stm32g4xx_hal_pcd.o
    0x08001912   0x08001912   0x00000002   PAD
    0x08001914   0x08001914   0x00000066   Code   RO         1166    .text.HAL_PCD_MspInit  usbd_conf.o
    0x0800197a   0x0800197a   0x00000002   PAD
    0x0800197c   0x0800197c   0x00000024   Code   RO         1178    .text.HAL_PCD_ResetCallback  usbd_conf.o
    0x080019a0   0x080019a0   0x00000028   Code   RO         1182    .text.HAL_PCD_ResumeCallback  usbd_conf.o
    0x080019c8   0x080019c8   0x00000008   Code   RO         1176    .text.HAL_PCD_SOFCallback  usbd_conf.o
    0x080019d0   0x080019d0   0x00000028   Code   RO          149    .text.HAL_PCD_SetAddress  stm32g4xx_hal_pcd.o
    0x080019f8   0x080019f8   0x0000000e   Code   RO         1170    .text.HAL_PCD_SetupStageCallback  usbd_conf.o
    0x08001a06   0x08001a06   0x00000002   PAD
    0x08001a08   0x08001a08   0x0000002a   Code   RO          141    .text.HAL_PCD_Start  stm32g4xx_hal_pcd.o
    0x08001a32   0x08001a32   0x00000002   PAD
    0x08001a34   0x08001a34   0x00000026   Code   RO         1180    .text.HAL_PCD_SuspendCallback  usbd_conf.o
    0x08001a5a   0x08001a5a   0x00000002   PAD
    0x08001a5c   0x08001a5c   0x00000126   Code   RO          651    .text.HAL_PWREx_ControlVoltageScaling  stm32g4xx_hal_pwr_ex.o
    0x08001b82   0x08001b82   0x00000002   PAD
    0x08001b84   0x08001b84   0x00000012   Code   RO          721    .text.HAL_PWREx_DisableUCPDDeadBattery  stm32g4xx_hal_pwr_ex.o
    0x08001b96   0x08001b96   0x00000002   PAD
    0x08001b98   0x08001b98   0x0000026a   Code   RO          393    .text.HAL_RCCEx_PeriphCLKConfig  stm32g4xx_hal_rcc_ex.o
    0x08001e02   0x08001e02   0x00000002   PAD
    0x08001e04   0x08001e04   0x00000314   Code   RO          359    .text.HAL_RCC_ClockConfig  stm32g4xx_hal_rcc.o
    0x08002118   0x08002118   0x00000042   Code   RO          373    .text.HAL_RCC_GetClockConfig  stm32g4xx_hal_rcc.o
    0x0800215a   0x0800215a   0x00000002   PAD
    0x0800215c   0x0800215c   0x0000002a   Code   RO          367    .text.HAL_RCC_GetPCLK1Freq  stm32g4xx_hal_rcc.o
    0x08002186   0x08002186   0x00000002   PAD
    0x08002188   0x08002188   0x000004b0   Code   RO          357    .text.HAL_RCC_OscConfig  stm32g4xx_hal_rcc.o
    0x08002638   0x08002638   0x00000002   Code   RO         1128    .text.HAL_TIMEx_Break2Callback  stm32g4xx_hal_tim_ex.o
    0x0800263a   0x0800263a   0x00000002   PAD
    0x0800263c   0x0800263c   0x00000002   Code   RO         1126    .text.HAL_TIMEx_BreakCallback  stm32g4xx_hal_tim_ex.o
    0x0800263e   0x0800263e   0x00000002   PAD
    0x08002640   0x08002640   0x00000002   Code   RO         1122    .text.HAL_TIMEx_CommutCallback  stm32g4xx_hal_tim_ex.o
    0x08002642   0x08002642   0x00000002   PAD
    0x08002644   0x08002644   0x00000002   Code   RO         1132    .text.HAL_TIMEx_DirectionChangeCallback  stm32g4xx_hal_tim_ex.o
    0x08002646   0x08002646   0x00000002   PAD
    0x08002648   0x08002648   0x00000002   Code   RO         1130    .text.HAL_TIMEx_EncoderIndexCallback  stm32g4xx_hal_tim_ex.o
    0x0800264a   0x0800264a   0x00000002   PAD
    0x0800264c   0x0800264c   0x00000002   Code   RO         1134    .text.HAL_TIMEx_IndexErrorCallback  stm32g4xx_hal_tim_ex.o
    0x0800264e   0x0800264e   0x00000002   PAD
    0x08002650   0x08002650   0x000000a2   Code   RO         1072    .text.HAL_TIMEx_MasterConfigSynchronization  stm32g4xx_hal_tim_ex.o
    0x080026f2   0x080026f2   0x00000002   PAD
    0x080026f4   0x080026f4   0x00000002   Code   RO         1136    .text.HAL_TIMEx_TransitionErrorCallback  stm32g4xx_hal_tim_ex.o
    0x080026f6   0x080026f6   0x00000002   PAD
    0x080026f8   0x080026f8   0x00000062   Code   RO          777    .text.HAL_TIM_Base_Init  stm32g4xx_hal_tim.o
    0x0800275a   0x0800275a   0x00000002   PAD
    0x0800275c   0x0800275c   0x00000002   Code   RO          779    .text.HAL_TIM_Base_MspInit  stm32g4xx_hal_tim.o
    0x0800275e   0x0800275e   0x00000002   PAD
    0x08002760   0x08002760   0x00000092   Code   RO          791    .text.HAL_TIM_Base_Start_IT  stm32g4xx_hal_tim.o
    0x080027f2   0x080027f2   0x00000002   PAD
    0x080027f4   0x080027f4   0x00000002   Code   RO          977    .text.HAL_TIM_ErrorCallback  stm32g4xx_hal_tim.o
    0x080027f6   0x080027f6   0x00000002   PAD
    0x080027f8   0x080027f8   0x00000002   Code   RO          913    .text.HAL_TIM_IC_CaptureCallback  stm32g4xx_hal_tim.o
    0x080027fa   0x080027fa   0x00000002   PAD
    0x080027fc   0x080027fc   0x00000210   Code   RO          911    .text.HAL_TIM_IRQHandler  stm32g4xx_hal_tim.o
    0x08002a0c   0x08002a0c   0x00000002   Code   RO          915    .text.HAL_TIM_OC_DelayElapsedCallback  stm32g4xx_hal_tim.o
    0x08002a0e   0x08002a0e   0x00000002   PAD
    0x08002a10   0x08002a10   0x000003ce   Code   RO          931    .text.HAL_TIM_PWM_ConfigChannel  stm32g4xx_hal_tim.o
    0x08002dde   0x08002dde   0x00000002   PAD
    0x08002de0   0x08002de0   0x00000062   Code   RO          831    .text.HAL_TIM_PWM_Init  stm32g4xx_hal_tim.o
    0x08002e42   0x08002e42   0x00000002   PAD
    0x08002e44   0x08002e44   0x000000d4   Code   RO           66    .text.HAL_TIM_PWM_MspInit  tim.o
    0x08002f18   0x08002f18   0x00000002   Code   RO          917    .text.HAL_TIM_PWM_PulseFinishedCallback  stm32g4xx_hal_tim.o
    0x08002f1a   0x08002f1a   0x00000002   PAD
    0x08002f1c   0x08002f1c   0x00000002   Code   RO          973    .text.HAL_TIM_PWM_PulseFinishedHalfCpltCallback  stm32g4xx_hal_tim.o
    0x08002f1e   0x08002f1e   0x00000002   PAD
    0x08002f20   0x08002f20   0x0000030e   Code   RO          847    .text.HAL_TIM_PWM_Start_DMA  stm32g4xx_hal_tim.o
    0x0800322e   0x0800322e   0x00000002   PAD
    0x08003230   0x08003230   0x00000014   Code   RO           17    .text.HAL_TIM_PeriodElapsedCallback  main.o
    0x08003244   0x08003244   0x00000002   Code   RO          921    .text.HAL_TIM_TriggerCallback  stm32g4xx_hal_tim.o
    0x08003246   0x08003246   0x00000002   PAD
    0x08003248   0x08003248   0x00000002   Code   RO           84    .text.HardFault_Handler  stm32g4xx_it.o
    0x0800324a   0x0800324a   0x00000002   PAD
    0x0800324c   0x0800324c   0x00000056   Code   RO           51    .text.MX_DMA_Init   dma.o
    0x080032a2   0x080032a2   0x00000002   PAD
    0x080032a4   0x080032a4   0x00000024   Code   RO           37    .text.MX_FREERTOS_Init  app_freertos.o
    0x080032c8   0x080032c8   0x00000074   Code   RO           28    .text.MX_GPIO_Init  gpio.o
    0x0800333c   0x0800333c   0x000000ee   Code   RO           60    .text.MX_TIM2_Init  tim.o
    0x0800342a   0x0800342a   0x00000002   PAD
    0x0800342c   0x0800342c   0x000000ea   Code   RO           64    .text.MX_TIM3_Init  tim.o
    0x08003516   0x08003516   0x00000002   PAD
    0x08003518   0x08003518   0x00000072   Code   RO         1238    .text.MX_USB_Device_Init  usb_device.o
    0x0800358a   0x0800358a   0x00000002   PAD
    0x0800358c   0x0800358c   0x00000002   Code   RO           86    .text.MemManage_Handler  stm32g4xx_it.o
    0x0800358e   0x0800358e   0x00000002   PAD
    0x08003590   0x08003590   0x00000002   Code   RO           82    .text.NMI_Handler   stm32g4xx_it.o
    0x08003592   0x08003592   0x0000000e   PAD
    0x080035a0   0x080035a0   0x00000064   Code   RO         1985    .text.PendSV_Handler  port.o
    0x08003604   0x08003604   0x0000000c   PAD
    0x08003610   0x08003610   0x00000024   Code   RO         1969    .text.SVC_Handler   port.o
    0x08003634   0x08003634   0x00000008   Code   RO           39    .text.StartDefaultTask  app_freertos.o
    0x0800363c   0x0800363c   0x0000001e   Code   RO         1780    .text.SysTick_Handler  cmsis_os2.o
    0x0800365a   0x0800365a   0x00000002   PAD
    0x0800365c   0x0800365c   0x00000078   Code   RO           13    .text.SystemClock_Config  main.o
    0x080036d4   0x080036d4   0x00000012   Code   RO         1151    .text.SystemInit    system_stm32g4xx.o
    0x080036e6   0x080036e6   0x00000002   PAD
    0x080036e8   0x080036e8   0x0000000c   Code   RO          100    .text.TIM6_DAC_IRQHandler  stm32g4xx_it.o
    0x080036f4   0x080036f4   0x0000010a   Code   RO          781    .text.TIM_Base_SetConfig  stm32g4xx_hal_tim.o
    0x080037fe   0x080037fe   0x00000002   PAD
    0x08003800   0x08003800   0x0000006a   Code   RO          825    .text.TIM_DMADelayPulseCplt  stm32g4xx_hal_tim.o
    0x0800386a   0x0800386a   0x00000002   PAD
    0x0800386c   0x0800386c   0x00000038   Code   RO          827    .text.TIM_DMADelayPulseHalfCplt  stm32g4xx_hal_tim.o
    0x080038a4   0x080038a4   0x0000005e   Code   RO          801    .text.TIM_DMAError  stm32g4xx_hal_tim.o
    0x08003902   0x08003902   0x00000002   PAD
    0x08003904   0x08003904   0x00000024   Code   RO         1257    .text.USBD_CDC_ConfigStrDescriptor  usbd_desc.o
    0x08003928   0x08003928   0x0000006e   Code   RO         1396    .text.USBD_CDC_DataIn  usbd_cdc.o
    0x08003996   0x08003996   0x00000002   PAD
    0x08003998   0x08003998   0x0000002c   Code   RO         1398    .text.USBD_CDC_DataOut  usbd_cdc.o
    0x080039c4   0x080039c4   0x00000042   Code   RO         1390    .text.USBD_CDC_DeInit  usbd_cdc.o
    0x08003a06   0x08003a06   0x00000002   PAD
    0x08003a08   0x08003a08   0x0000000e   Code   RO         1247    .text.USBD_CDC_DeviceDescriptor  usbd_desc.o
    0x08003a16   0x08003a16   0x00000002   PAD
    0x08003a18   0x08003a18   0x00000034   Code   RO         1394    .text.USBD_CDC_EP0_RxReady  usbd_cdc.o
    0x08003a4c   0x08003a4c   0x00000010   Code   RO         1406    .text.USBD_CDC_GetDeviceQualifierDescriptor  usbd_cdc.o
    0x08003a5c   0x08003a5c   0x00000010   Code   RO         1402    .text.USBD_CDC_GetFSCfgDesc  usbd_cdc.o
    0x08003a6c   0x08003a6c   0x00000010   Code   RO         1400    .text.USBD_CDC_GetHSCfgDesc  usbd_cdc.o
    0x08003a7c   0x08003a7c   0x00000010   Code   RO         1404    .text.USBD_CDC_GetOtherSpeedCfgDesc  usbd_cdc.o
    0x08003a8c   0x08003a8c   0x00000098   Code   RO         1388    .text.USBD_CDC_Init  usbd_cdc.o
    0x08003b24   0x08003b24   0x00000028   Code   RO         1259    .text.USBD_CDC_InterfaceStrDescriptor  usbd_desc.o
    0x08003b4c   0x08003b4c   0x0000000e   Code   RO         1249    .text.USBD_CDC_LangIDStrDescriptor  usbd_desc.o
    0x08003b5a   0x08003b5a   0x00000002   PAD
    0x08003b5c   0x08003b5c   0x0000002c   Code   RO         1251    .text.USBD_CDC_ManufacturerStrDescriptor  usbd_desc.o
    0x08003b88   0x08003b88   0x00000030   Code   RO         1253    .text.USBD_CDC_ProductStrDescriptor  usbd_desc.o
    0x08003bb8   0x08003bb8   0x0000002c   Code   RO         1416    .text.USBD_CDC_ReceivePacket  usbd_cdc.o
    0x08003be4   0x08003be4   0x0000000e   Code   RO         1408    .text.USBD_CDC_RegisterInterface  usbd_cdc.o
    0x08003bf2   0x08003bf2   0x00000002   PAD
    0x08003bf4   0x08003bf4   0x0000016c   Code   RO         1255    .text.USBD_CDC_SerialStrDescriptor  usbd_desc.o
    0x08003d60   0x08003d60   0x00000012   Code   RO         1412    .text.USBD_CDC_SetRxBuffer  usbd_cdc.o
    0x08003d72   0x08003d72   0x00000002   PAD
    0x08003d74   0x08003d74   0x00000016   Code   RO         1410    .text.USBD_CDC_SetTxBuffer  usbd_cdc.o
    0x08003d8a   0x08003d8a   0x00000002   PAD
    0x08003d8c   0x08003d8c   0x000000f0   Code   RO         1392    .text.USBD_CDC_Setup  usbd_cdc.o
    0x08003e7c   0x08003e7c   0x00000036   Code   RO         1414    .text.USBD_CDC_TransmitPacket  usbd_cdc.o
    0x08003eb2   0x08003eb2   0x00000002   PAD
    0x08003eb4   0x08003eb4   0x00000010   Code   RO         1311    .text.USBD_ClrClassConfig  usbd_core.o
    0x08003ec4   0x08003ec4   0x00000010   Code   RO         1372    .text.USBD_CtlContinueRx  usbd_ioreq.o
    0x08003ed4   0x08003ed4   0x00000010   Code   RO         1368    .text.USBD_CtlContinueSendData  usbd_ioreq.o
    0x08003ee4   0x08003ee4   0x00000016   Code   RO         1347    .text.USBD_CtlError  usbd_ctlreq.o
    0x08003efa   0x08003efa   0x00000002   PAD
    0x08003efc   0x08003efc   0x0000001a   Code   RO         1370    .text.USBD_CtlPrepareRx  usbd_ioreq.o
    0x08003f16   0x08003f16   0x00000002   PAD
    0x08003f18   0x08003f18   0x00000016   Code   RO         1376    .text.USBD_CtlReceiveStatus  usbd_ioreq.o
    0x08003f2e   0x08003f2e   0x00000002   PAD
    0x08003f30   0x08003f30   0x0000001a   Code   RO         1366    .text.USBD_CtlSendData  usbd_ioreq.o
    0x08003f4a   0x08003f4a   0x00000002   PAD
    0x08003f4c   0x08003f4c   0x00000016   Code   RO         1374    .text.USBD_CtlSendStatus  usbd_ioreq.o
    0x08003f62   0x08003f62   0x00000002   PAD
    0x08003f64   0x08003f64   0x000000da   Code   RO         1355    .text.USBD_GetString  usbd_ctlreq.o
    0x0800403e   0x0800403e   0x00000002   PAD
    0x08004040   0x08004040   0x0000002a   Code   RO         1297    .text.USBD_Init     usbd_core.o
    0x0800406a   0x0800406a   0x00000002   PAD
    0x0800406c   0x0800406c   0x00000022   Code   RO         1208    .text.USBD_LL_ClearStallEP  usbd_conf.o
    0x0800408e   0x0800408e   0x00000002   PAD
    0x08004090   0x08004090   0x00000022   Code   RO         1202    .text.USBD_LL_CloseEP  usbd_conf.o
    0x080040b2   0x080040b2   0x00000002   PAD
    0x080040b4   0x080040b4   0x000000a8   Code   RO         1317    .text.USBD_LL_DataInStage  usbd_core.o
    0x0800415c   0x0800415c   0x0000006e   Code   RO         1315    .text.USBD_LL_DataOutStage  usbd_core.o
    0x080041ca   0x080041ca   0x00000002   PAD
    0x080041cc   0x080041cc   0x00000008   Code   RO         1218    .text.USBD_LL_GetRxDataSize  usbd_conf.o
    0x080041d4   0x080041d4   0x0000008a   Code   RO         1192    .text.USBD_LL_Init  usbd_conf.o
    0x0800425e   0x0800425e   0x00000002   PAD
    0x08004260   0x08004260   0x00000022   Code   RO         1210    .text.USBD_LL_IsStallEP  usbd_conf.o
    0x08004282   0x08004282   0x00000002   PAD
    0x08004284   0x08004284   0x00000028   Code   RO         1200    .text.USBD_LL_OpenEP  usbd_conf.o
    0x080042ac   0x080042ac   0x00000022   Code   RO         1216    .text.USBD_LL_PrepareReceive  usbd_conf.o
    0x080042ce   0x080042ce   0x00000002   PAD
    0x080042d0   0x080042d0   0x00000068   Code   RO         1319    .text.USBD_LL_Reset  usbd_core.o
    0x08004338   0x08004338   0x00000014   Code   RO         1325    .text.USBD_LL_Resume  usbd_core.o
    0x0800434c   0x0800434c   0x00000020   Code   RO         1327    .text.USBD_LL_SOF   usbd_core.o
    0x0800436c   0x0800436c   0x00000008   Code   RO         1321    .text.USBD_LL_SetSpeed  usbd_core.o
    0x08004374   0x08004374   0x00000022   Code   RO         1212    .text.USBD_LL_SetUSBAddress  usbd_conf.o
    0x08004396   0x08004396   0x00000002   PAD
    0x08004398   0x08004398   0x00000062   Code   RO         1313    .text.USBD_LL_SetupStage  usbd_core.o
    0x080043fa   0x080043fa   0x00000002   PAD
    0x080043fc   0x080043fc   0x00000022   Code   RO         1206    .text.USBD_LL_StallEP  usbd_conf.o
    0x0800441e   0x0800441e   0x00000002   PAD
    0x08004420   0x08004420   0x00000022   Code   RO         1196    .text.USBD_LL_Start  usbd_conf.o
    0x08004442   0x08004442   0x00000002   PAD
    0x08004444   0x08004444   0x00000014   Code   RO         1323    .text.USBD_LL_Suspend  usbd_core.o
    0x08004458   0x08004458   0x00000022   Code   RO         1214    .text.USBD_LL_Transmit  usbd_conf.o
    0x0800447a   0x0800447a   0x00000002   PAD
    0x0800447c   0x0800447c   0x00000016   Code   RO         1353    .text.USBD_ParseSetupRequest  usbd_ctlreq.o
    0x08004492   0x08004492   0x00000002   PAD
    0x08004494   0x08004494   0x0000002e   Code   RO         1301    .text.USBD_RegisterClass  usbd_core.o
    0x080044c2   0x080044c2   0x00000002   PAD
    0x080044c4   0x080044c4   0x00000010   Code   RO         1309    .text.USBD_SetClassConfig  usbd_core.o
    0x080044d4   0x080044d4   0x00000004   Code   RO         1303    .text.USBD_Start    usbd_core.o
    0x080044d8   0x080044d8   0x00000374   Code   RO         1345    .text.USBD_StdDevReq  usbd_ctlreq.o
    0x0800484c   0x0800484c   0x00000146   Code   RO         1351    .text.USBD_StdEPReq  usbd_ctlreq.o
    0x08004992   0x08004992   0x00000002   PAD
    0x08004994   0x08004994   0x0000007a   Code   RO         1349    .text.USBD_StdItfReq  usbd_ctlreq.o
    0x08004a0e   0x08004a0e   0x00000002   PAD
    0x08004a10   0x08004a10   0x00000002   Code   RO         1226    .text.USBD_static_free  usbd_conf.o
    0x08004a12   0x08004a12   0x00000002   PAD
    0x08004a14   0x08004a14   0x0000000a   Code   RO         1224    .text.USBD_static_malloc  usbd_conf.o
    0x08004a1e   0x08004a1e   0x00000002   PAD
    0x08004a20   0x08004a20   0x00000226   Code   RO          239    .text.USB_ActivateEndpoint  stm32g4xx_ll_usb.o
    0x08004c46   0x08004c46   0x00000002   PAD
    0x08004c48   0x08004c48   0x000000e2   Code   RO          241    .text.USB_DeactivateEndpoint  stm32g4xx_ll_usb.o
    0x08004d2a   0x08004d2a   0x00000002   PAD
    0x08004d2c   0x08004d2c   0x00000012   Code   RO          255    .text.USB_DevConnect  stm32g4xx_ll_usb.o
    0x08004d3e   0x08004d3e   0x00000002   PAD
    0x08004d40   0x08004d40   0x0000001a   Code   RO          237    .text.USB_DevInit   stm32g4xx_ll_usb.o
    0x08004d5a   0x08004d5a   0x00000002   PAD
    0x08004d5c   0x08004d5c   0x00000014   Code   RO          233    .text.USB_DisableGlobalInt  stm32g4xx_ll_usb.o
    0x08004d70   0x08004d70   0x0000007c   Code   RO          249    .text.USB_EPClearStall  stm32g4xx_ll_usb.o
    0x08004dec   0x08004dec   0x00000032   Code   RO          247    .text.USB_EPSetStall  stm32g4xx_ll_usb.o
    0x08004e1e   0x08004e1e   0x00000002   PAD
    0x08004e20   0x08004e20   0x0000083a   Code   RO          243    .text.USB_EPStartXfer  stm32g4xx_ll_usb.o
    0x0800565a   0x0800565a   0x00000002   PAD
    0x0800565c   0x0800565c   0x00000014   Code   RO          231    .text.USB_EnableGlobalInt  stm32g4xx_ll_usb.o
    0x08005670   0x08005670   0x0000000c   Code   RO           98    .text.USB_LP_IRQHandler  stm32g4xx_it.o
    0x0800567c   0x0800567c   0x00000006   Code   RO          259    .text.USB_ReadInterrupts  stm32g4xx_ll_usb.o
    0x08005682   0x08005682   0x00000002   PAD
    0x08005684   0x08005684   0x0000009c   Code   RO          265    .text.USB_ReadPMA   stm32g4xx_ll_usb.o
    0x08005720   0x08005720   0x0000000e   Code   RO          253    .text.USB_SetDevAddress  stm32g4xx_ll_usb.o
    0x0800572e   0x0800572e   0x00000002   PAD
    0x08005730   0x08005730   0x00000082   Code   RO          245    .text.USB_WritePMA  stm32g4xx_ll_usb.o
    0x080057b2   0x080057b2   0x00000002   PAD
    0x080057b4   0x080057b4   0x00000002   Code   RO           90    .text.UsageFault_Handler  stm32g4xx_it.o
    0x080057b6   0x080057b6   0x00000002   PAD
    0x080057b8   0x080057b8   0x00000068   Code   RO         2001    .text.axis_thread_start  axis.o
    0x08005820   0x08005820   0x0000009e   Code   RO           11    .text.main          main.o
    0x080058be   0x080058be   0x00000002   PAD
    0x080058c0   0x080058c0   0x00000020   Code   RO         1840    .text.osDelay       cmsis_os2.o
    0x080058e0   0x080058e0   0x00000028   Code   RO         1782    .text.osKernelInitialize  cmsis_os2.o
    0x08005908   0x08005908   0x0000003c   Code   RO         1788    .text.osKernelStart  cmsis_os2.o
    0x08005944   0x08005944   0x000000ae   Code   RO         1804    .text.osThreadNew   cmsis_os2.o
    0x080059f2   0x080059f2   0x00000002   PAD
    0x080059f4   0x080059f4   0x0000002c   Code   RO         2041    .text.printTask     vofa.o
    0x08005a20   0x08005a20   0x0000028a   Code   RO         1615    .text.prvAddNewTaskToReadyList  tasks.o
    0x08005caa   0x08005caa   0x00000002   PAD
    0x08005cac   0x08005cac   0x00000086   Code   RO         1647    .text.prvIdleTask   tasks.o
    0x08005d32   0x08005d32   0x00000002   PAD
    0x08005d34   0x08005d34   0x00000128   Code   RO         1613    .text.prvInitialiseNewTask  tasks.o
    0x08005e5c   0x08005e5c   0x00000028   Code   RO         1977    .text.prvPortStartFirstTask  port.o
    0x08005e84   0x08005e84   0x0000003e   Code   RO         1967    .text.prvTaskExitError  port.o
    0x08005ec2   0x08005ec2   0x00000002   PAD
    0x08005ec4   0x08005ec4   0x0000038a   Code   RO         1732    .text.prvTimerTask  timers.o
    0x0800624e   0x0800624e   0x00000002   PAD
    0x08006250   0x08006250   0x00000074   Code   RO         1512    .text.prvUnlockQueue  queue.o
    0x080062c4   0x080062c4   0x0000020a   Code   RO         1943    .text.pvPortMalloc  heap_4.o
    0x080064ce   0x080064ce   0x00000002   PAD
    0x080064d0   0x080064d0   0x00000028   Code   RO         1965    .text.pxPortInitialiseStack  port.o
    0x080064f8   0x080064f8   0x00000180   Code   RO         2014    .text.rgb_set       rgb.o
    0x08006678   0x08006678   0x00000004   Code   RO         2025    .text.rtos_main     main_help.o
    0x0800667c   0x0800667c   0x00000026   Code   RO         2003    .text.run_state_mache_loop  axis.o
    0x080066a2   0x080066a2   0x00000002   PAD
    0x080066a4   0x080066a4   0x00000024   Code   RO         1476    .text.uxListRemove  list.o
    0x080066c8   0x080066c8   0x0000001a   Code   RO         1926    .text.vApplicationGetIdleTaskMemory  cmsis_os2.o
    0x080066e2   0x080066e2   0x00000002   PAD
    0x080066e4   0x080066e4   0x0000001c   Code   RO         1928    .text.vApplicationGetTimerTaskMemory  cmsis_os2.o
    0x08006700   0x08006700   0x00000016   Code   RO         1468    .text.vListInitialise  list.o
    0x08006716   0x08006716   0x00000002   PAD
    0x08006718   0x08006718   0x00000006   Code   RO         1470    .text.vListInitialiseItem  list.o
    0x0800671e   0x0800671e   0x00000002   PAD
    0x08006720   0x08006720   0x00000062   Code   RO         1474    .text.vListInsert   list.o
    0x08006782   0x08006782   0x00000002   PAD
    0x08006784   0x08006784   0x0000001c   Code   RO         1472    .text.vListInsertEnd  list.o
    0x080067a0   0x080067a0   0x00000014   Code   RO         1975    .text.vPortEnableVFP  port.o
    0x080067b4   0x080067b4   0x00000046   Code   RO         1981    .text.vPortEnterCritical  port.o
    0x080067fa   0x080067fa   0x00000002   PAD
    0x080067fc   0x080067fc   0x0000002e   Code   RO         1983    .text.vPortExitCritical  port.o
    0x0800682a   0x0800682a   0x00000002   PAD
    0x0800682c   0x0800682c   0x000000d4   Code   RO         1945    .text.vPortFree     heap_4.o
    0x08006900   0x08006900   0x00000034   Code   RO         1973    .text.vPortSetupTimerInterrupt  port.o
    0x08006934   0x08006934   0x000000b0   Code   RO         1546    .text.vQueueAddToRegistry  queue.o
    0x080069e4   0x080069e4   0x00000052   Code   RO         1550    .text.vQueueWaitForMessageRestricted  queue.o
    0x08006a36   0x08006a36   0x00000002   PAD
    0x08006a38   0x08006a38   0x00000080   Code   RO         1627    .text.vTaskDelay    tasks.o
    0x08006ab8   0x08006ab8   0x00000012   Code   RO         1677    .text.vTaskInternalSetTimeOutState  tasks.o
    0x08006aca   0x08006aca   0x00000002   PAD
    0x08006acc   0x08006acc   0x0000000e   Code   RO         1681    .text.vTaskMissedYield  tasks.o
    0x08006ada   0x08006ada   0x00000002   PAD
    0x08006adc   0x08006adc   0x00000074   Code   RO         1665    .text.vTaskPlaceOnEventList  tasks.o
    0x08006b50   0x08006b50   0x0000007a   Code   RO         1669    .text.vTaskPlaceOnEventListRestricted  tasks.o
    0x08006bca   0x08006bca   0x00000002   PAD
    0x08006bcc   0x08006bcc   0x000000f0   Code   RO         1645    .text.vTaskStartScheduler  tasks.o
    0x08006cbc   0x08006cbc   0x00000010   Code   RO         1623    .text.vTaskSuspendAll  tasks.o
    0x08006ccc   0x08006ccc   0x000000bc   Code   RO         1639    .text.vTaskSwitchContext  tasks.o
    0x08006d88   0x08006d88   0x00000068   Code   RO         2039    .text.vofa_init     vofa.o
    0x08006df0   0x08006df0   0x00000184   Code   RO         1971    .text.xPortStartScheduler  port.o
    0x08006f74   0x08006f74   0x0000002e   Code   RO         1987    .text.xPortSysTickHandler  port.o
    0x08006fa2   0x08006fa2   0x00000002   PAD
    0x08006fa4   0x08006fa4   0x000000de   Code   RO         1488    .text.xQueueGenericCreateStatic  queue.o
    0x08007082   0x08007082   0x00000002   PAD
    0x08007084   0x08007084   0x0000022a   Code   RO         1502    .text.xQueueGenericSend  queue.o
    0x080072ae   0x080072ae   0x00000002   PAD
    0x080072b0   0x080072b0   0x000001a2   Code   RO         1518    .text.xQueueReceive  queue.o
    0x08007452   0x08007452   0x00000002   PAD
    0x08007454   0x08007454   0x000000a2   Code   RO         1679    .text.xTaskCheckForTimeOut  tasks.o
    0x080074f6   0x080074f6   0x00000002   PAD
    0x080074f8   0x080074f8   0x00000060   Code   RO         1617    .text.xTaskCreate   tasks.o
    0x08007558   0x08007558   0x00000076   Code   RO         1611    .text.xTaskCreateStatic  tasks.o
    0x080075ce   0x080075ce   0x00000002   PAD
    0x080075d0   0x080075d0   0x0000001e   Code   RO         1693    .text.xTaskGetSchedulerState  tasks.o
    0x080075ee   0x080075ee   0x00000002   PAD
    0x080075f0   0x080075f0   0x0000000c   Code   RO         1653    .text.xTaskGetTickCount  tasks.o
    0x080075fc   0x080075fc   0x00000104   Code   RO         1651    .text.xTaskIncrementTick  tasks.o
    0x08007700   0x08007700   0x0000008a   Code   RO         1697    .text.xTaskPriorityDisinherit  tasks.o
    0x0800778a   0x0800778a   0x00000002   PAD
    0x0800778c   0x0800778c   0x00000072   Code   RO         1671    .text.xTaskRemoveFromEventList  tasks.o
    0x080077fe   0x080077fe   0x00000002   PAD
    0x08007800   0x08007800   0x000000ee   Code   RO         1625    .text.xTaskResumeAll  tasks.o
    0x080078ee   0x080078ee   0x00000002   PAD
    0x080078f0   0x080078f0   0x000000b4   Code   RO         1730    .text.xTimerCreateTimerTask  timers.o
    0x080079a4   0x080079a4   0x0000001a   Code   RO         2157    x$fpl$fpinit        fz_wm.l(fpinit.o)
    0x080079be   0x080079be   0x00000010   Data   RO         1156    .rodata.AHBPrescTable  system_stm32g4xx.o
    0x080079ce   0x080079ce   0x00000008   Data   RO         1157    .rodata.APBPrescTable  system_stm32g4xx.o
    0x080079d6   0x080079d6   0x00000002   PAD
    0x080079d8   0x080079d8   0x00000024   Data   RO           42    .rodata.defaultTask_attributes  app_freertos.o
    0x080079fc   0x080079fc   0x0000000c   Data   RO           41    .rodata.str1.1      app_freertos.o
    0x08007a08   0x08007a08   0x00000005   Data   RO         1770    .rodata.str1.1      timers.o
    0x08007a0d   0x08007a0d   0x0000000a   Data   RO         2005    .rodata.str1.1      axis.o
    0x08007a17   0x08007a17   0x0000000a   Data   RO         2043    .rodata.str1.1      vofa.o
    0x08007a21   0x08007a21   0x00000003   PAD
    0x08007a24   0x08007a24   0x00000020   Data   RO         2232    Region$$Table       anon$$obj.o


    Execution Region RW_IRAM1 (Exec base: 0x20000000, Load base: 0x08007a48, Size: 0x00003600, Max: 0x00008000, ABSOLUTE, COMPRESSED[0x000000c8])

    Exec Addr    Load Addr    Size         Type   Attr      Idx    E Section Name        Object

    0x20000000   COMPRESSED   0x00000008   Data   RW          346    .data..L_MergedGlobals  stm32g4xx_hal.o
    0x20000008   COMPRESSED   0x00000020   Data   RW         1261    .data.CDC_Desc      usbd_desc.o
    0x20000028   COMPRESSED   0x00000004   Data   RW         1155    .data.SystemCoreClock  system_stm32g4xx.o
    0x2000002c   COMPRESSED   0x00000038   Data   RW         1418    .data.USBD_CDC      usbd_cdc.o
    0x20000064   COMPRESSED   0x00000043   Data   RW         1420    .data.USBD_CDC_CfgFSDesc  usbd_cdc.o
    0x200000a7   COMPRESSED   0x00000001   PAD
    0x200000a8   COMPRESSED   0x00000043   Data   RW         1421    .data.USBD_CDC_CfgHSDesc  usbd_cdc.o
    0x200000eb   COMPRESSED   0x00000001   PAD
    0x200000ec   COMPRESSED   0x00000012   Data   RW         1262    .data.USBD_CDC_DeviceDesc  usbd_desc.o
    0x200000fe   COMPRESSED   0x00000002   PAD
    0x20000100   COMPRESSED   0x0000000a   Data   RW         1419    .data.USBD_CDC_DeviceQualifierDesc  usbd_cdc.o
    0x2000010a   COMPRESSED   0x00000002   PAD
    0x2000010c   COMPRESSED   0x00000043   Data   RW         1422    .data.USBD_CDC_OtherSpeedCfgDesc  usbd_cdc.o
    0x2000014f   COMPRESSED   0x00000001   PAD
    0x20000150   COMPRESSED   0x00000014   Data   RW         1286    .data.USBD_Interface_fops_FS  usbd_cdc_if.o
    0x20000164   COMPRESSED   0x00000004   Data   RW         1263    .data.USBD_LangIDDesc  usbd_desc.o
    0x20000168   COMPRESSED   0x0000001a   Data   RW         1264    .data.USBD_StringSerial  usbd_desc.o
    0x20000182   COMPRESSED   0x00000002   PAD
    0x20000184   COMPRESSED   0x00000004   Data   RW         1991    .data.uxCriticalNesting  port.o
    0x20000188        -       0x00000060   Zero   RW         2097    .bss                c_w.l(libspace.o)
    0x200001e8        -       0x00000078   Zero   RW         1720    .bss..L_MergedGlobals  tasks.o
    0x20000260        -       0x0000003c   Zero   RW         1771    .bss..L_MergedGlobals  timers.o
    0x2000029c        -       0x00000020   Zero   RW         1956    .bss..L_MergedGlobals  heap_4.o
    0x200002bc        -       0x00000008   Zero   RW         1992    .bss..L_MergedGlobals  port.o
    0x200002c4        -       0x00000028   Zero   RW         1721    .bss..L_MergedGlobals.1  tasks.o
    0x200002ec        -       0x00000004   Zero   RW         1930    .bss.KernelState    cmsis_os2.o
    0x200002f0        -       0x00000001   Zero   RW         1357    .bss.USBD_SetConfig.cfgidx  usbd_ctlreq.o
    0x200002f1   COMPRESSED   0x00000003   PAD
    0x200002f4        -       0x00000200   Zero   RW         1265    .bss.USBD_StrDesc   usbd_desc.o
    0x200004f4        -       0x00000220   Zero   RW         1229    .bss.USBD_static_malloc.mem  usbd_conf.o
    0x20000714        -       0x00000400   Zero   RW         1287    .bss.UserRxBufferFS  usbd_cdc_if.o
    0x20000b14        -       0x00000400   Zero   RW         1288    .bss.UserTxBufferFS  usbd_cdc_if.o
    0x20000f14        -       0x00000004   Zero   RW         2006    .bss.axisTaskHandle  axis.o
    0x20000f18        -       0x00000004   Zero   RW           43    .bss.defaultTaskHandle  app_freertos.o
    0x20000f1c        -       0x000002d0   Zero   RW         1240    .bss.hUsbDeviceFS   usb_device.o
    0x200011ec        -       0x00000060   Zero   RW           72    .bss.hdma_tim2_ch1  tim.o
    0x2000124c        -       0x00000060   Zero   RW           73    .bss.hdma_tim3_ch4  tim.o
    0x200012ac        -       0x000002f4   Zero   RW         1228    .bss.hpcd_USB_FS    usbd_conf.o
    0x200015a0        -       0x0000004c   Zero   RW           70    .bss.htim2          tim.o
    0x200015ec        -       0x0000004c   Zero   RW           71    .bss.htim3          tim.o
    0x20001638        -       0x0000004c   Zero   RW          124    .bss.htim6          stm32g4xx_hal_timebase_tim.o
    0x20001684        -       0x00000004   Zero   RW         2044    .bss.printTaskHandle  vofa.o
    0x20001688        -       0x000000a0   Zero   RW         1769    .bss.prvCheckForValidListAndQueue.ucStaticTimerQueueStorage  timers.o
    0x20001728        -       0x00000050   Zero   RW         1768    .bss.prvCheckForValidListAndQueue.xStaticTimerQueue  timers.o
    0x20001778        -       0x00000460   Zero   RW         1719    .bss.pxReadyTasksLists  tasks.o
    0x20001bd8        -       0x00000128   Zero   RW         2016    .bss.rgb_buffur     rgb.o
    0x20001d00        -       0x00000c00   Zero   RW         1955    .bss.ucHeap         heap_4.o
    0x20002900        -       0x00000004   Zero   RW          345    .bss.uwTick         stm32g4xx_hal.o
    0x20002904        -       0x00000200   Zero   RW         1932    .bss.vApplicationGetIdleTaskMemory.Idle_Stack  cmsis_os2.o
    0x20002b04        -       0x0000005c   Zero   RW         1931    .bss.vApplicationGetIdleTaskMemory.Idle_TCB  cmsis_os2.o
    0x20002b60        -       0x00000400   Zero   RW         1934    .bss.vApplicationGetTimerTaskMemory.Timer_Stack  cmsis_os2.o
    0x20002f60        -       0x0000005c   Zero   RW         1933    .bss.vApplicationGetTimerTaskMemory.Timer_TCB  cmsis_os2.o
    0x20002fbc        -       0x00000040   Zero   RW         1552    .bss.xQueueRegistry  queue.o
    0x20002ffc   COMPRESSED   0x00000004   PAD
    0x20003000        -       0x00000200   Zero   RW            2    HEAP                startup_stm32g431xx.o
    0x20003200        -       0x00000400   Zero   RW            1    STACK               startup_stm32g431xx.o


==============================================================================

Image component sizes


      Code (inc. data)   RO Data    RW Data    ZI Data      Debug   Object Name

        44          0         48          0          4       2811   app_freertos.o
       142         36         10          0          4       3207   axis.o
       390          0          0          0       1724      44369   cmsis_os2.o
        86          0          0          0          0       3426   dma.o
       116          0          0          0          0       2343   gpio.o
       734          0          0          0       3104       5598   heap_4.o
       190          0          0          0          0       2324   list.o
       308          0          0          0          0       6038   main.o
         4          0          0          0          0        344   main_help.o
       900         16          0          4          8       4171   port.o
      1568          0          0          0         64      28127   queue.o
       384          0          0          0        296       5055   rgb.o
        64         26        472          0       1536        828   startup_stm32g431xx.o
        68          0          0          8          4       8592   stm32g4xx_hal.o
       156          0          0          0          0      10234   stm32g4xx_hal_cortex.o
       696          0          0          0          0       9338   stm32g4xx_hal_dma.o
       454          0          0          0          0       5232   stm32g4xx_hal_gpio.o
        70          0          0          0          0       3432   stm32g4xx_hal_msp.o
      3186          0          0          0          0      15556   stm32g4xx_hal_pcd.o
       100          0          0          0          0       5688   stm32g4xx_hal_pcd_ex.o
       312          0          0          0          0       9772   stm32g4xx_hal_pwr_ex.o
      2096          0          0          0          0       9953   stm32g4xx_hal_rcc.o
       618          0          0          0          0      10671   stm32g4xx_hal_rcc_ex.o
      3162         34          0          0          0      60442   stm32g4xx_hal_tim.o
       176          0          0          0          0      29819   stm32g4xx_hal_tim_ex.o
       176          0          0          0         76       7767   stm32g4xx_hal_timebase_tim.o
        60          0          0          0          0       7208   stm32g4xx_it.o
      3446          6          0          0          0      20469   stm32g4xx_ll_usb.o
        18          0         24          4          0       2766   system_stm32g4xx.o
      3090          8          0          0       1280      42995   tasks.o
       684          0          0          0        344       7794   tim.o
      1086         20          5          0        300      16071   timers.o
       114          0          0          0        720       3073   usb_device.o
       880         12          0        267          0      10646   usbd_cdc.o
       174          0          0         20       2048       2864   usbd_cdc_if.o
       832          0          0          0       1300      18587   usbd_conf.o
       684          0          0          0          0       8432   usbd_core.o
      1594         44          0          0          1      10007   usbd_ctlreq.o
       560         72          0         80        512       4322   usbd_desc.o
       128          0          0          0          0       4609   usbd_ioreq.o
       148         36         10          0          4       3649   vofa.o

    ----------------------------------------------------------------------
     29988        322        606        392      13336     458629   Object Totals
         0          0         32          0          0          0   (incl. Generated)
       290         12          5          9          7          0   (incl. Padding)

    ----------------------------------------------------------------------

      Code (inc. data)   RO Data    RW Data    ZI Data      Debug   Library Member Name

        90          0          0          0          0          0   __dczerorl2.o
         8          0          0          0          0         68   __main.o
         0          0          0          0          0          0   __rtentry.o
        12          0          0          0          0          0   __rtentry2.o
         6          0          0          0          0          0   __rtentry4.o
        52          8          0          0          0          0   __scatter.o
        28          0          0          0          0          0   __scatter_zi.o
        16          0          0          0          0         68   aeabi_memset4.o
        18          0          0          0          0         80   exit.o
         6          0          0          0          0        152   heapauxi.o
         0          0          0          0          0          0   indicate_semi.o
         2          0          0          0          0          0   libinit.o
         6          0          0          0          0          0   libinit2.o
         2          0          0          0          0          0   libshutdown.o
         2          0          0          0          0          0   libshutdown2.o
         8          4          0          0         96         68   libspace.o
        78          0          0          0          0         80   rt_memclr_w.o
       138          0          0          0          0         68   rt_memcpy_v6.o
       100          0          0          0          0         80   rt_memcpy_w.o
         2          0          0          0          0          0   rtexit.o
        10          0          0          0          0          0   rtexit2.o
        12          4          0          0          0         68   sys_exit.o
        74          0          0          0          0         80   sys_stackheap_outer.o
         2          0          0          0          0         68   use_no_semi.o
        26          0          0          0          0        116   fpinit.o

    ----------------------------------------------------------------------
       706         16          0          0         96        996   Library Totals
         8          0          0          0          0          0   (incl. Padding)

    ----------------------------------------------------------------------

      Code (inc. data)   RO Data    RW Data    ZI Data      Debug   Library Name

       672         16          0          0         96        880   c_w.l
        26          0          0          0          0        116   fz_wm.l

    ----------------------------------------------------------------------
       706         16          0          0         96        996   Library Totals

    ----------------------------------------------------------------------

==============================================================================


      Code (inc. data)   RO Data    RW Data    ZI Data      Debug   

     30694        338        606        392      13432     458481   Grand Totals
     30694        338        606        200      13432     458481   ELF Image Totals (compressed)
     30694        338        606        200          0          0   ROM Totals

==============================================================================

    Total RO  Size (Code + RO Data)                31300 (  30.57kB)
    Total RW  Size (RW Data + ZI Data)             13824 (  13.50kB)
    Total ROM Size (Code + RO Data + RW Data)      31500 (  30.76kB)

==============================================================================

