<html>
<body>
<pre>
<h1>µVision Build Log</h1>
<h2>Tool Versions:</h2>
IDE-Version: ¦ÌVision V5.38.0.0
Copyright (C) 2022 ARM Ltd and ARM Germany GmbH. All rights reserved.
License Information: LI LI, IL, LIC=BUURY-I7DW2-NNDAF-61Z5D-6SJ4R-0CYX0
 
Tool Versions:
Toolchain:       MDK-ARM Plus  Version: 5.38.0.0
Toolchain Path:  F:\Keil_MDK\InstallFile\ARM\ARMCLANG\Bin
C Compiler:      ArmClang.exe V6.19
Assembler:       Armasm.exe V6.19
Linker/Locator:  ArmLink.exe V6.19
Library Manager: ArmAr.exe V6.19
Hex Converter:   FromElf.exe V6.19
CPU DLL:         SARMCM3.DLL V5.38.0.0
Dialog DLL:      DCM.DLL V1.17.5.0
Target DLL:      Segger\JL2CM3.dll V2.99.42.0
Dialog DLL:      TCM.DLL V1.56.4.0
 
<h2>Project:</h2>
F:\Desktop\ljyws\foc_g4\foc\MDK-ARM\foc.uvprojx
Project File Date:  12/06/2023

<h2>Output:</h2>
*** Using Compiler 'V6.19', folder: 'F:\Keil_MDK\InstallFile\ARM\ARMCLANG\Bin'
Build target 'foc'
compiling dma.c...
compiling spi.c...
compiling stm32g4xx_it.c...
compiling gpio.c...
compiling main.c...
compiling tim.c...
compiling stm32g4xx_hal_msp.c...
compiling app_freertos.c...
compiling stm32g4xx_hal_timebase_tim.c...
compiling stm32g4xx_hal_pcd.c...
compiling stm32g4xx_ll_usb.c...
compiling stm32g4xx_hal_rcc.c...
compiling stm32g4xx_hal_flash.c...
compiling stm32g4xx_hal_rcc_ex.c...
compiling stm32g4xx_hal_pcd_ex.c...
compiling stm32g4xx_hal.c...
compiling stm32g4xx_hal_flash_ex.c...
compiling stm32g4xx_hal_dma_ex.c...
compiling stm32g4xx_hal_pwr.c...
compiling stm32g4xx_hal_pwr_ex.c...
compiling stm32g4xx_hal_dma.c...
compiling stm32g4xx_hal_gpio.c...
compiling stm32g4xx_hal_cortex.c...
compiling stm32g4xx_hal_flash_ramfunc.c...
compiling stm32g4xx_hal_exti.c...
compiling system_stm32g4xx.c...
compiling stm32g4xx_hal_spi_ex.c...
compiling usb_device.c...
compiling usbd_desc.c...
compiling usbd_conf.c...
compiling stm32g4xx_hal_tim_ex.c...
compiling usbd_ctlreq.c...
compiling usbd_ioreq.c...
compiling usbd_cdc_if.c...
compiling usbd_core.c...
compiling stm32g4xx_hal_spi.c...
compiling list.c...
compiling croutine.c...
compiling stm32g4xx_hal_tim.c...
compiling usbd_cdc.c...
compiling event_groups.c...
compiling queue.c...
compiling Axis.c...
compiling stream_buffer.c...
compiling heap_4.c...
compiling timers.c...
compiling port.c...
compiling board.c...
compiling util.c...
compiling tasks.c...
compiling encoder.c...
compiling main_help.c...
compiling rgb.c...
compiling vofa.c...
compiling cmsis_os2.c...
linking...
Program Size: Code=31146 RO-data=606 RW-data=392 ZI-data=13528  
FromELF: creating hex file...
"foc\foc.axf" - 0 Error(s), 0 Warning(s).

<h2>Software Packages used:</h2>

Package Vendor: ARM
                http://www.keil.com/pack/ARM.CMSIS.5.9.0.pack
                ARM.CMSIS.5.9.0
                CMSIS (Common Microcontroller Software Interface Standard)
   * Component: CORE Version: 5.6.0

Package Vendor: Keil
                https://www.keil.com/pack/Keil.STM32G4xx_DFP.1.5.0.pack
                Keil.STM32G4xx_DFP.1.5.0
                STMicroelectronics STM32G4 Series Device Support, Drivers and Examples

<h2>Collection of Component include folders:</h2>
  ./RTE/_foc
  F:/Keil_MDK/packet/ARM/CMSIS/5.9.0/CMSIS/Core/Include
  F:/Keil_MDK/packet/Keil/STM32G4xx_DFP/1.5.0/Drivers/CMSIS/Device/ST/STM32G4xx/Include

<h2>Collection of Component Files used:</h2>

   * Component: ARM::CMSIS:CORE:5.6.0
      Include file:  CMSIS/Core/Include/tz_context.h
Build Time Elapsed:  00:00:08
</pre>
</body>
</html>
