Component: Arm Compiler for Embedded 6.19 Tool: armlink [5e73cb00]

==============================================================================

Section Cross References

    axis.o(.text.start_thread) refers to axis.o(.text.axis_thread_entry) for axis_thread_entry
    axis.o(.text.start_thread) refers to axis.o(.rodata.axisTask_attributes) for axisTask_attributes
    axis.o(.text.start_thread) refers to cmsis_os2.o(.text.osThreadNew) for osThreadNew
    axis.o(.text.start_thread) refers to axis.o(.bss.AxisTaskHandle) for AxisTaskHandle
    axis.o(.ARM.exidx.text.start_thread) refers to axis.o(.text.start_thread) for [Anonymous Symbol]
    axis.o(.text.axis_thread_entry) refers to axis.o(.data.axis) for axis
    axis.o(.text.axis_thread_entry) refers to cmsis_os2.o(.text.osDelay) for osDelay
    axis.o(.ARM.exidx.text.axis_thread_entry) refers to axis.o(.text.axis_thread_entry) for [Anonymous Symbol]
    axis.o(.rodata.axisTask_attributes) refers to axis.o(.rodata.str1.1) for [Anonymous Symbol]
    startup_stm32g474xx.o(STACK) refers (Special) to heapauxi.o(.text) for __use_two_region_memory
    startup_stm32g474xx.o(HEAP) refers (Special) to heapauxi.o(.text) for __use_two_region_memory
    startup_stm32g474xx.o(RESET) refers (Special) to heapauxi.o(.text) for __use_two_region_memory
    startup_stm32g474xx.o(RESET) refers to startup_stm32g474xx.o(STACK) for __initial_sp
    startup_stm32g474xx.o(RESET) refers to startup_stm32g474xx.o(.text) for Reset_Handler
    startup_stm32g474xx.o(RESET) refers to stm32g4xx_it.o(.text.NMI_Handler) for NMI_Handler
    startup_stm32g474xx.o(RESET) refers to stm32g4xx_it.o(.text.HardFault_Handler) for HardFault_Handler
    startup_stm32g474xx.o(RESET) refers to stm32g4xx_it.o(.text.MemManage_Handler) for MemManage_Handler
    startup_stm32g474xx.o(RESET) refers to stm32g4xx_it.o(.text.BusFault_Handler) for BusFault_Handler
    startup_stm32g474xx.o(RESET) refers to stm32g4xx_it.o(.text.UsageFault_Handler) for UsageFault_Handler
    startup_stm32g474xx.o(RESET) refers to port.o(.text.SVC_Handler) for SVC_Handler
    startup_stm32g474xx.o(RESET) refers to stm32g4xx_it.o(.text.DebugMon_Handler) for DebugMon_Handler
    startup_stm32g474xx.o(RESET) refers to port.o(.text.PendSV_Handler) for PendSV_Handler
    startup_stm32g474xx.o(RESET) refers to cmsis_os2.o(.text.SysTick_Handler) for SysTick_Handler
    startup_stm32g474xx.o(RESET) refers to board.o(.text.USB_HP_IRQHandler) for USB_HP_IRQHandler
    startup_stm32g474xx.o(RESET) refers to stm32g4xx_it.o(.text.USB_LP_IRQHandler) for USB_LP_IRQHandler
    startup_stm32g474xx.o(RESET) refers to stm32g4xx_it.o(.text.TIM1_UP_TIM16_IRQHandler) for TIM1_UP_TIM16_IRQHandler
    startup_stm32g474xx.o(RESET) refers to stm32g4xx_it.o(.text.TIM6_DAC_IRQHandler) for TIM6_DAC_IRQHandler
    startup_stm32g474xx.o(.text) refers (Special) to heapauxi.o(.text) for __use_two_region_memory
    startup_stm32g474xx.o(.text) refers to system_stm32g4xx.o(.text.SystemInit) for SystemInit
    startup_stm32g474xx.o(.text) refers to __main.o(!!!main) for __main
    startup_stm32g474xx.o(.text) refers to startup_stm32g474xx.o(HEAP) for Heap_Mem
    startup_stm32g474xx.o(.text) refers to startup_stm32g474xx.o(STACK) for Stack_Mem
    main.o(.text.main) refers to stm32g4xx_hal.o(.text.HAL_Init) for HAL_Init
    main.o(.text.main) refers to main.o(.text.SystemClock_Config) for SystemClock_Config
    main.o(.text.main) refers to gpio.o(.text.MX_GPIO_Init) for MX_GPIO_Init
    main.o(.text.main) refers to spi.o(.text.MX_SPI1_Init) for MX_SPI1_Init
    main.o(.text.main) refers to tim.o(.text.MX_TIM1_Init) for MX_TIM1_Init
    main.o(.text.main) refers to adc.o(.text.MX_ADC1_Init) for MX_ADC1_Init
    main.o(.text.main) refers to adc.o(.text.MX_ADC2_Init) for MX_ADC2_Init
    main.o(.text.main) refers to board.o(.text.board_init) for board_init
    main.o(.text.main) refers to low_level.o(.text.start_pwm_adc) for start_pwm_adc
    main.o(.text.main) refers to cmsis_os2.o(.text.osKernelInitialize) for osKernelInitialize
    main.o(.text.main) refers to app_freertos.o(.text.MX_FREERTOS_Init) for MX_FREERTOS_Init
    main.o(.text.main) refers to cmsis_os2.o(.text.osKernelStart) for osKernelStart
    main.o(.ARM.exidx.text.main) refers to main.o(.text.main) for [Anonymous Symbol]
    main.o(.text.SystemClock_Config) refers to rt_memclr_w.o(.text) for __aeabi_memclr4
    main.o(.text.SystemClock_Config) refers to stm32g4xx_hal_pwr_ex.o(.text.HAL_PWREx_ControlVoltageScaling) for HAL_PWREx_ControlVoltageScaling
    main.o(.text.SystemClock_Config) refers to stm32g4xx_hal_rcc.o(.text.HAL_RCC_OscConfig) for HAL_RCC_OscConfig
    main.o(.text.SystemClock_Config) refers to main.o(.text.Error_Handler) for Error_Handler
    main.o(.text.SystemClock_Config) refers to stm32g4xx_hal_rcc.o(.text.HAL_RCC_ClockConfig) for HAL_RCC_ClockConfig
    main.o(.ARM.exidx.text.SystemClock_Config) refers to main.o(.text.SystemClock_Config) for [Anonymous Symbol]
[...]
    foc_inverse_park                         0x0800bab1   Thumb Code    76  foc.o(.text.foc_inverse_park)
    foc_park_transform                       0x0800bafd   Thumb Code    76  foc.o(.text.foc_park_transform)
    foc_sin_cos_cal                          0x0800bb49   Thumb Code    42  foc.o(.text.foc_sin_cos_cal)
    foc_update                               0x0800bb75   Thumb Code    42  foc.o(.text.foc_update)
    gpio_op_write                            0x0800bba1   Thumb Code    32  bsp_gpio_op.o(.text.gpio_op_write)
    main                                     0x0800bbc1   Thumb Code    60  main.o(.text.main)
    mod                                      0x0800bbfd   Thumb Code    46  utils.o(.text.mod)
    osDelay                                  0x0800c5d5   Thumb Code    52  cmsis_os2.o(.text.osDelay)
    osKernelInitialize                       0x0800c609   Thumb Code    70  cmsis_os2.o(.text.osKernelInitialize)
    osKernelStart                            0x0800c651   Thumb Code    82  cmsis_os2.o(.text.osKernelStart)
    osThreadNew                              0x0800c6a5   Thumb Code   346  cmsis_os2.o(.text.osThreadNew)
    pvPortMalloc                             0x0800d6a5   Thumb Code   492  heap_4.o(.text.pvPortMalloc)
    pxPortInitialiseStack                    0x0800d891   Thumb Code    94  port.o(.text.pxPortInitialiseStack)
    spi_op_transmit_receive                  0x0800d8f1   Thumb Code   232  bsp_spi_op.o(.text.spi_op_transmit_receive)
    start_pwm_adc                            0x0800d9d9   Thumb Code   202  low_level.o(.text.start_pwm_adc)
    start_thread                             0x0800daa5   Thumb Code    36  axis.o(.text.start_thread)
    svm                                      0x0800dac9   Thumb Code  1168  utils.o(.text.svm)
    tim1_period_elapsed_callback             0x0800df59   Thumb Code   198  board.o(.text.tim1_period_elapsed_callback)
    uxListRemove                             0x0800e021   Thumb Code    72  list.o(.text.uxListRemove)
    vApplicationGetIdleTaskMemory            0x0800e069   Thumb Code    42  cmsis_os2.o(.text.vApplicationGetIdleTaskMemory)
    vApplicationGetTimerTaskMemory           0x0800e095   Thumb Code    44  cmsis_os2.o(.text.vApplicationGetTimerTaskMemory)
    vListInitialise                          0x0800e0c1   Thumb Code    46  list.o(.text.vListInitialise)
    vListInitialiseItem                      0x0800e0f1   Thumb Code    14  list.o(.text.vListInitialiseItem)
    vListInsert                              0x0800e101   Thumb Code   106  list.o(.text.vListInsert)
    vListInsertEnd                           0x0800e16d   Thumb Code    58  list.o(.text.vListInsertEnd)
    vPortEnterCritical                       0x0800e1bd   Thumb Code    86  port.o(.text.vPortEnterCritical)
    vPortExitCritical                        0x0800e215   Thumb Code    74  port.o(.text.vPortExitCritical)
    vPortFree                                0x0800e261   Thumb Code   206  heap_4.o(.text.vPortFree)
    vPortSetupTimerInterrupt                 0x0800e331   Thumb Code    68  port.o(.text.vPortSetupTimerInterrupt)
    vPortValidateInterruptPriority           0x0800e375   Thumb Code   132  port.o(.text.vPortValidateInterruptPriority)
    vQueueAddToRegistry                      0x0800e3f9   Thumb Code    82  queue.o(.text.vQueueAddToRegistry)
    vQueueWaitForMessageRestricted           0x0800e44d   Thumb Code   100  queue.o(.text.vQueueWaitForMessageRestricted)
    vTaskDelay                               0x0800e4b1   Thumb Code   110  tasks.o(.text.vTaskDelay)
    vTaskInternalSetTimeOutState             0x0800e521   Thumb Code    36  tasks.o(.text.vTaskInternalSetTimeOutState)
    vTaskMissedYield                         0x0800e545   Thumb Code    14  tasks.o(.text.vTaskMissedYield)
    vTaskPlaceOnEventList                    0x0800e555   Thumb Code    66  tasks.o(.text.vTaskPlaceOnEventList)
    vTaskPlaceOnEventListRestricted          0x0800e599   Thumb Code    82  tasks.o(.text.vTaskPlaceOnEventListRestricted)
    vTaskStartScheduler                      0x0800e5ed   Thumb Code   224  tasks.o(.text.vTaskStartScheduler)
    vTaskSuspendAll                          0x0800e6cd   Thumb Code    16  tasks.o(.text.vTaskSuspendAll)
    vTaskSwitchContext                       0x0800e6dd   Thumb Code   198  tasks.o(.text.vTaskSwitchContext)
    vbus_sense_adc_cb                        0x0800e7a5   Thumb Code   100  low_level.o(.text.vbus_sense_adc_cb)
    vofa_send_data                           0x0800e809   Thumb Code    94  vofa.o(.text.vofa_send_data)
    vofa_sendframetail                       0x0800e869   Thumb Code    82  vofa.o(.text.vofa_sendframetail)
    vofa_start                               0x0800e8bd   Thumb Code    92  vofa.o(.text.vofa_start)
    vofa_transmit                            0x0800e919   Thumb Code    24  vofa.o(.text.vofa_transmit)
    wrap_pm                                  0x0800e931   Thumb Code    56  utils.o(.text.wrap_pm)
    wrap_pm_pi                               0x0800e969   Thumb Code    28  utils.o(.text.wrap_pm_pi)
    xPortStartScheduler                      0x0800e985   Thumb Code   342  port.o(.text.xPortStartScheduler)
    xPortSysTickHandler                      0x0800eadd   Thumb Code    60  port.o(.text.xPortSysTickHandler)
    xQueueGenericCreateStatic                0x0800eb19   Thumb Code   270  queue.o(.text.xQueueGenericCreateStatic)
    xQueueGenericReset                       0x0800ec29   Thumb Code   186  queue.o(.text.xQueueGenericReset)
    xQueueGenericSend                        0x0800ece5   Thumb Code   556  queue.o(.text.xQueueGenericSend)
    xQueueGenericSendFromISR                 0x0800ef11   Thumb Code   332  queue.o(.text.xQueueGenericSendFromISR)
    xQueueReceive                            0x0800f05d   Thumb Code   476  queue.o(.text.xQueueReceive)
    xTaskCheckForTimeOut                     0x0800f239   Thumb Code   204  tasks.o(.text.xTaskCheckForTimeOut)
    xTaskCreate                              0x0800f305   Thumb Code   158  tasks.o(.text.xTaskCreate)
    xTaskCreateStatic                        0x0800f3a5   Thumb Code   206  tasks.o(.text.xTaskCreateStatic)
    xTaskGetSchedulerState                   0x0800f475   Thumb Code    56  tasks.o(.text.xTaskGetSchedulerState)
    xTaskGetTickCount                        0x0800f4ad   Thumb Code    20  tasks.o(.text.xTaskGetTickCount)
    xTaskIncrementTick                       0x0800f4c1   Thumb Code   452  tasks.o(.text.xTaskIncrementTick)
    xTaskPriorityDisinherit                  0x0800f685   Thumb Code   236  tasks.o(.text.xTaskPriorityDisinherit)
    xTaskRemoveFromEventList                 0x0800f771   Thumb Code   206  tasks.o(.text.xTaskRemoveFromEventList)
    xTaskResumeAll                           0x0800f841   Thumb Code   390  tasks.o(.text.xTaskResumeAll)
    xTimerCreateTimerTask                    0x0800f9c9   Thumb Code   148  timers.o(.text.xTimerCreateTimerTask)
    xTimerGenericCommand                     0x0800fa5d   Thumb Code   176  timers.o(.text.xTimerGenericCommand)
    __hardfp_floor                           0x0800fb11   Thumb Code   252  floor.o(i.__hardfp_floor)
    __hardfp_nearbyintf                      0x0800fc29   Thumb Code    56  nearbyintf.o(i.__hardfp_nearbyintf)
    __aeabi_d2f                              0x0800fc61   Thumb Code     0  d2f.o(x$fpl$d2f)
    _d2f                                     0x0800fc61   Thumb Code    98  d2f.o(x$fpl$d2f)
    __aeabi_dadd                             0x0800fcc5   Thumb Code     0  daddsub_clz.o(x$fpl$dadd)
    _dadd                                    0x0800fcc5   Thumb Code   332  daddsub_clz.o(x$fpl$dadd)
    __fpl_dcmp_Inf                           0x0800fe15   Thumb Code    24  dcmpi.o(x$fpl$dcmpinf)
    __aeabi_cdcmpeq                          0x0800fe2d   Thumb Code     0  deqf.o(x$fpl$deqf)
    _dcmpeq                                  0x0800fe2d   Thumb Code   120  deqf.o(x$fpl$deqf)
    __aeabi_i2d                              0x0800fea5   Thumb Code     0  dflt_clz.o(x$fpl$dflt)
    _dflt                                    0x0800fea5   Thumb Code    46  dflt_clz.o(x$fpl$dflt)
    __aeabi_cdcmpge                          0x0800fed5   Thumb Code     0  dgeqf.o(x$fpl$dgeqf)
    _dcmpge                                  0x0800fed5   Thumb Code   120  dgeqf.o(x$fpl$dgeqf)
    __aeabi_cdcmple                          0x0800ff4d   Thumb Code     0  dleqf.o(x$fpl$dleqf)
    _dcmple                                  0x0800ff4d   Thumb Code   120  dleqf.o(x$fpl$dleqf)
    __fpl_dcmple_InfNaN                      0x0800ffaf   Thumb Code     0  dleqf.o(x$fpl$dleqf)
    __fpl_dnaninf                            0x0800ffc5   Thumb Code   156  dnaninf.o(x$fpl$dnaninf)
    __fpl_dretinf                            0x08010061   Thumb Code    12  dretinf.o(x$fpl$dretinf)
    __aeabi_cdrcmple                         0x0801006d   Thumb Code     0  drleqf.o(x$fpl$drleqf)
    _drcmple                                 0x0801006d   Thumb Code   108  drleqf.o(x$fpl$drleqf)
    __aeabi_drsub                            0x080100d9   Thumb Code     0  daddsub_clz.o(x$fpl$drsb)
    _drsb                                    0x080100d9   Thumb Code    22  daddsub_clz.o(x$fpl$drsb)
    __aeabi_dsub                             0x080100f1   Thumb Code     0  daddsub_clz.o(x$fpl$dsub)
    _dsub                                    0x080100f1   Thumb Code   472  daddsub_clz.o(x$fpl$dsub)
    __aeabi_f2d                              0x080102cd   Thumb Code     0  f2d.o(x$fpl$f2d)
    _f2d                                     0x080102cd   Thumb Code    86  f2d.o(x$fpl$f2d)
    __aeabi_dcmpeq                           0x08010323   Thumb Code     0  dcmp.o(x$fpl$fcmp)
    _deq                                     0x08010323   Thumb Code    14  dcmp.o(x$fpl$fcmp)
    _dneq                                    0x08010331   Thumb Code    14  dcmp.o(x$fpl$fcmp)
    __aeabi_dcmpgt                           0x0801033f   Thumb Code     0  dcmp.o(x$fpl$fcmp)
    _dgr                                     0x0801033f   Thumb Code    14  dcmp.o(x$fpl$fcmp)
    __aeabi_dcmpge                           0x0801034d   Thumb Code     0  dcmp.o(x$fpl$fcmp)
    _dgeq                                    0x0801034d   Thumb Code    14  dcmp.o(x$fpl$fcmp)
    __aeabi_dcmple                           0x0801035b   Thumb Code     0  dcmp.o(x$fpl$fcmp)
    _dleq                                    0x0801035b   Thumb Code    14  dcmp.o(x$fpl$fcmp)
    __aeabi_dcmplt                           0x08010369   Thumb Code     0  dcmp.o(x$fpl$fcmp)
    _dls                                     0x08010369   Thumb Code    14  dcmp.o(x$fpl$fcmp)
    __fpl_fnaninf                            0x08010377   Thumb Code   140  fnaninf.o(x$fpl$fnaninf)
    _fp_init                                 0x08010403   Thumb Code    26  fpinit.o(x$fpl$fpinit)
    __fplib_config_fpu_vfp                   0x0801041b   Thumb Code     0  fpinit.o(x$fpl$fpinit)
    __fplib_config_pureend_doubles           0x0801041b   Thumb Code     0  fpinit.o(x$fpl$fpinit)
    __fpl_fretinf                            0x0801041d   Thumb Code    10  fretinf.o(x$fpl$fretinf)
    _frnd                                    0x08010429   Thumb Code    96  frnd.o(x$fpl$frnd)
    AHBPrescTable                            0x08010488   Data          16  system_stm32g4xx.o(.rodata.AHBPrescTable)
    __I$use$fp                               0x08010488   Number         0  usenofp.o(x$fpl$usenofp)
    APBPrescTable                            0x08010498   Data           8  system_stm32g4xx.o(.rodata.APBPrescTable)
    axisTask_attributes                      0x080104a0   Data          36  axis.o(.rodata.axisTask_attributes)
    defaultTask_attributes                   0x080104c4   Data          36  app_freertos.o(.rodata.defaultTask_attributes)
    Region$$Table$$Base                      0x08010d60   Number         0  anon$$obj.o(Region$$Table)
    Region$$Table$$Limit                     0x08010d80   Number         0  anon$$obj.o(Region$$Table)
    CDC_Desc                                 0x20000000   Data          32  usbd_desc.o(.data.CDC_Desc)
    SystemCoreClock                          0x20000028   Data           4  system_stm32g4xx.o(.data.SystemCoreClock)
    USBD_CDC                                 0x2000002c   Data          56  usbd_cdc.o(.data.USBD_CDC)
    USBD_CDC_DeviceDesc                      0x200000ec   Data          18  usbd_desc.o(.data.USBD_CDC_DeviceDesc)
    USBD_Interface_fops_FS                   0x20000150   Data          20  usbd_cdc_if.o(.data.USBD_Interface_fops_FS)
    USBD_LangIDDesc                          0x20000164   Data           4  usbd_desc.o(.data.USBD_LangIDDesc)
    USBD_StringSerial                        0x20000168   Data          26  usbd_desc.o(.data.USBD_StringSerial)
    adc_full_scale                           0x20000184   Data           4  low_level.o(.data.adc_full_scale)
    adc_ref_voltage                          0x20000188   Data           4  low_level.o(.data.adc_ref_voltage)
    axis                                     0x2000018c   Data          17  axis.o(.data.axis)
    motor                                    0x200001a0   Data         232  motor.o(.data.motor)
    mt6825                                   0x20000288   Data         136  drv_encoder.o(.data.mt6825)
    uwTickFreq                               0x20000310   Data           4  stm32g4xx_hal.o(.data.uwTickFreq)
    uwTickPrio                               0x20000314   Data           4  stm32g4xx_hal.o(.data.uwTickPrio)
    vbus_voltage                             0x2000031c   Data           4  low_level.o(.data.vbus_voltage)
    __libspace_start                         0x20000320   Data          96  libspace.o(.bss)
    AxisTaskHandle                           0x20000380   Data           4  axis.o(.bss.AxisTaskHandle)
    __temporary_stack_top$libspace           0x20000380   Data           0  libspace.o(.bss)
    USBD_StrDesc                             0x20000390   Data         512  usbd_desc.o(.bss.USBD_StrDesc)
    UserRxBufferFS                           0x200007b0   Data        2048  usbd_cdc_if.o(.bss.UserRxBufferFS)
    UserTxBufferFS                           0x20000fb0   Data        2048  usbd_cdc_if.o(.bss.UserTxBufferFS)
    cnt                                      0x200017b0   Data           2  vofa.o(.bss.cnt)
    counting_down_                           0x200017b2   Data           1  board.o(.bss.counting_down_)
    defaultTaskHandle                        0x200017b4   Data           4  app_freertos.o(.bss.defaultTaskHandle)
    hUsbDeviceFS                             0x200017b8   Data         720  usb_device.o(.bss.hUsbDeviceFS)
    hadc1                                    0x20001a88   Data         108  adc.o(.bss.hadc1)
    hadc2                                    0x20001af4   Data         108  adc.o(.bss.hadc2)
    hpcd_USB_FS                              0x20001b60   Data         732  usbd_conf.o(.bss.hpcd_USB_FS)
    hspi1                                    0x20001e3c   Data         100  spi.o(.bss.hspi1)
    htim1                                    0x20001ea0   Data          76  tim.o(.bss.htim1)
    htim6                                    0x20001eec   Data          76  stm32g4xx_hal_timebase_tim.o(.bss.htim6)
    inv_vbus_voltage                         0x20001f38   Data           4  low_level.o(.bss.inv_vbus_voltage)
    pxCurrentTCB                             0x20002030   Data           4  tasks.o(.bss.pxCurrentTCB)
    send_buf                                 0x200024a8   Data        1024  vofa.o(.bss.send_buf)
    uwTick                                   0x200034b0   Data           4  stm32g4xx_hal.o(.bss.uwTick)
    xQueueRegistry                           0x20003c08   Data          64  queue.o(.bss.xQueueRegistry)



==============================================================================

Memory Map of the image

  Image Entry point : 0x080001d9

  Load Region LR_IROM1 (Base: 0x08000000, Size: 0x000110a0, Max: 0x00080000, ABSOLUTE, COMPRESSED[0x00010ed0])

    Execution Region ER_IROM1 (Exec base: 0x08000000, Load base: 0x08000000, Size: 0x00010d80, Max: 0x00080000, ABSOLUTE)

    Exec Addr    Load Addr    Size         Type   Attr      Idx    E Section Name        Object

    0x08000000   0x08000000   0x000001d8   Data   RO           18    RESET               startup_stm32g474xx.o
    0x080001d8   0x080001d8   0x00000008   Code   RO         2864  * !!!main             c_w.l(__main.o)
    0x080001e0   0x080001e0   0x00000034   Code   RO         3144    !!!scatter          c_w.l(__scatter.o)
    0x08000214   0x08000214   0x0000005a   Code   RO         3142    !!dczerorl2         c_w.l(__dczerorl2.o)
    0x0800026e   0x0800026e   0x00000002   PAD
    0x08000270   0x08000270   0x0000001c   Code   RO         3146    !!handler_zi        c_w.l(__scatter_zi.o)
    0x0800028c   0x0800028c   0x00000002   Code   RO         3007    .ARM.Collect$$libinit$$00000000  c_w.l(libinit.o)
    0x0800028e   0x0800028e   0x00000004   Code   RO         3010    .ARM.Collect$$libinit$$00000001  c_w.l(libinit2.o)
    0x08000292   0x08000292   0x00000000   Code   RO         3013    .ARM.Collect$$libinit$$00000004  c_w.l(libinit2.o)
    0x08000292   0x08000292   0x00000000   Code   RO         3015    .ARM.Collect$$libinit$$00000006  c_w.l(libinit2.o)
    0x08000292   0x08000292   0x00000000   Code   RO         3018    .ARM.Collect$$libinit$$0000000C  c_w.l(libinit2.o)
    0x08000292   0x08000292   0x00000000   Code   RO         3020    .ARM.Collect$$libinit$$0000000E  c_w.l(libinit2.o)
    0x08000292   0x08000292   0x00000000   Code   RO         3022    .ARM.Collect$$libinit$$00000010  c_w.l(libinit2.o)
    0x08000292   0x08000292   0x00000000   Code   RO         3025    .ARM.Collect$$libinit$$00000013  c_w.l(libinit2.o)
    0x08000292   0x08000292   0x00000000   Code   RO         3027    .ARM.Collect$$libinit$$00000015  c_w.l(libinit2.o)
    0x08000292   0x08000292   0x00000000   Code   RO         3029    .ARM.Collect$$libinit$$00000017  c_w.l(libinit2.o)
    0x08000292   0x08000292   0x00000000   Code   RO         3031    .ARM.Collect$$libinit$$00000019  c_w.l(libinit2.o)
    0x08000292   0x08000292   0x00000000   Code   RO         3033    .ARM.Collect$$libinit$$0000001B  c_w.l(libinit2.o)
    0x08000292   0x08000292   0x00000000   Code   RO         3035    .ARM.Collect$$libinit$$0000001D  c_w.l(libinit2.o)
    0x08000292   0x08000292   0x00000000   Code   RO         3037    .ARM.Collect$$libinit$$0000001F  c_w.l(libinit2.o)
    0x08000292   0x08000292   0x00000000   Code   RO         3039    .ARM.Collect$$libinit$$00000021  c_w.l(libinit2.o)
    0x08000292   0x08000292   0x00000000   Code   RO         3041    .ARM.Collect$$libinit$$00000023  c_w.l(libinit2.o)
    0x08000292   0x08000292   0x00000000   Code   RO         3043    .ARM.Collect$$libinit$$00000025  c_w.l(libinit2.o)
    0x08000292   0x08000292   0x00000000   Code   RO         3045    .ARM.Collect$$libinit$$00000027  c_w.l(libinit2.o)
    0x08000292   0x08000292   0x00000000   Code   RO         3049    .ARM.Collect$$libinit$$0000002E  c_w.l(libinit2.o)
    0x08000292   0x08000292   0x00000000   Code   RO         3051    .ARM.Collect$$libinit$$00000030  c_w.l(libinit2.o)
    0x08000292   0x08000292   0x00000000   Code   RO         3053    .ARM.Collect$$libinit$$00000032  c_w.l(libinit2.o)
    0x08000292   0x08000292   0x00000000   Code   RO         3055    .ARM.Collect$$libinit$$00000034  c_w.l(libinit2.o)
    0x08000292   0x08000292   0x00000002   Code   RO         3056    .ARM.Collect$$libinit$$00000035  c_w.l(libinit2.o)
    0x08000294   0x08000294   0x00000002   Code   RO         3078    .ARM.Collect$$libshutdown$$00000000  c_w.l(libshutdown.o)
    0x08000296   0x08000296   0x00000000   Code   RO         3093    .ARM.Collect$$libshutdown$$00000002  c_w.l(libshutdown2.o)
    0x08000296   0x08000296   0x00000000   Code   RO         3095    .ARM.Collect$$libshutdown$$00000004  c_w.l(libshutdown2.o)
    0x08000296   0x08000296   0x00000000   Code   RO         3098    .ARM.Collect$$libshutdown$$00000007  c_w.l(libshutdown2.o)
    0x08000296   0x08000296   0x00000000   Code   RO         3101    .ARM.Collect$$libshutdown$$0000000A  c_w.l(libshutdown2.o)
    0x08000296   0x08000296   0x00000000   Code   RO         3103    .ARM.Collect$$libshutdown$$0000000C  c_w.l(libshutdown2.o)
    0x08000296   0x08000296   0x00000000   Code   RO         3106    .ARM.Collect$$libshutdown$$0000000F  c_w.l(libshutdown2.o)
    0x08000296   0x08000296   0x00000002   Code   RO         3107    .ARM.Collect$$libshutdown$$00000010  c_w.l(libshutdown2.o)
    0x08000298   0x08000298   0x00000000   Code   RO         2906    .ARM.Collect$$rtentry$$00000000  c_w.l(__rtentry.o)
    0x08000298   0x08000298   0x00000000   Code   RO         2960    .ARM.Collect$$rtentry$$00000002  c_w.l(__rtentry2.o)
    0x08000298   0x08000298   0x00000006   Code   RO         2972    .ARM.Collect$$rtentry$$00000004  c_w.l(__rtentry4.o)
    0x0800029e   0x0800029e   0x00000000   Code   RO         2962    .ARM.Collect$$rtentry$$00000009  c_w.l(__rtentry2.o)
    0x0800029e   0x0800029e   0x00000004   Code   RO         2963    .ARM.Collect$$rtentry$$0000000A  c_w.l(__rtentry2.o)
    0x080002a2   0x080002a2   0x00000000   Code   RO         2965    .ARM.Collect$$rtentry$$0000000C  c_w.l(__rtentry2.o)
    0x080002a2   0x080002a2   0x00000008   Code   RO         2966    .ARM.Collect$$rtentry$$0000000D  c_w.l(__rtentry2.o)
    0x080002aa   0x080002aa   0x00000002   Code   RO         3008    .ARM.Collect$$rtexit$$00000000  c_w.l(rtexit.o)
    0x080002ac   0x080002ac   0x00000000   Code   RO         3058    .ARM.Collect$$rtexit$$00000002  c_w.l(rtexit2.o)
    0x080002ac   0x080002ac   0x00000004   Code   RO         3059    .ARM.Collect$$rtexit$$00000003  c_w.l(rtexit2.o)
    0x080002b0   0x080002b0   0x00000006   Code   RO         3060    .ARM.Collect$$rtexit$$00000004  c_w.l(rtexit2.o)
    0x080002b6   0x080002b6   0x00000002   PAD
    0x080002b8   0x080002b8   0x00000040   Code   RO           19    .text               startup_stm32g474xx.o
    0x080002f8   0x080002f8   0x0000008a   Code   RO         2852    .text               c_w.l(rt_memcpy_v6.o)
    0x08000382   0x08000382   0x00000010   Code   RO         2856    .text               c_w.l(aeabi_memset4.o)
    0x08000392   0x08000392   0x0000004e   Code   RO         2860    .text               c_w.l(rt_memclr_w.o)
    0x080003e0   0x080003e0   0x00000006   Code   RO         2862    .text               c_w.l(heapauxi.o)
    0x080003e6   0x080003e6   0x00000064   Code   RO         2909    .text               c_w.l(rt_memcpy_w.o)
    0x0800044a   0x0800044a   0x00000002   PAD
    0x0800044c   0x0800044c   0x00000008   Code   RO         2995    .text               c_w.l(libspace.o)
    0x08000454   0x08000454   0x0000004a   Code   RO         2998    .text               c_w.l(sys_stackheap_outer.o)
    0x0800049e   0x0800049e   0x00000012   Code   RO         3000    .text               c_w.l(exit.o)
    0x080004b0   0x080004b0   0x0000000c   Code   RO         3068    .text               c_w.l(sys_exit.o)
    0x080004bc   0x080004bc   0x00000002   Code   RO         3083    .text               c_w.l(use_no_semi.o)
    0x080004be   0x080004be   0x00000000   Code   RO         3085    .text               c_w.l(indicate_semi.o)
    0x080004be   0x080004be   0x00000002   PAD
    0x080004c0   0x080004c0   0x000000c4   Code   RO          899    .text.ADC_Disable   stm32g4xx_hal_adc.o
    0x08000584   0x08000584   0x0000014c   Code   RO          907    .text.ADC_Enable    stm32g4xx_hal_adc.o
    0x080006d0   0x080006d0   0x00000004   Code   RO          118    .text.BusFault_Handler  stm32g4xx_it.o
    0x080006d4   0x080006d4   0x0000005c   Code   RO         2015    .text.CDC_Control_FS  usbd_cdc_if.o
    0x08000730   0x08000730   0x00000004   Code   RO         2013    .text.CDC_DeInit_FS  usbd_cdc_if.o
    0x08000734   0x08000734   0x00000032   Code   RO         2011    .text.CDC_Init_FS   usbd_cdc_if.o
    0x08000766   0x08000766   0x00000002   PAD
    0x08000768   0x08000768   0x00000024   Code   RO         2017    .text.CDC_Receive_FS  usbd_cdc_if.o
    0x0800078c   0x0800078c   0x00000018   Code   RO         2019    .text.CDC_TransmitCplt_FS  usbd_cdc_if.o
    0x080007a4   0x080007a4   0x00000060   Code   RO         2021    .text.CDC_Transmit_FS  usbd_cdc_if.o
    0x08000804   0x08000804   0x00000002   Code   RO          122    .text.DebugMon_Handler  stm32g4xx_it.o
    0x08000806   0x08000806   0x00000002   PAD
    0x08000808   0x08000808   0x0000000e   Code   RO           30    .text.Error_Handler  main.o
    0x08000816   0x08000816   0x00000002   PAD
    0x08000818   0x08000818   0x0000005c   Code   RO         1994    .text.Get_SerialNum  usbd_desc.o
    0x08000874   0x08000874   0x000000e0   Code   RO         1022    .text.HAL_ADCEx_Calibration_Start  stm32g4xx_hal_adc_ex.o
    0x08000954   0x08000954   0x00000aca   Code   RO         1090    .text.HAL_ADCEx_InjectedConfigChannel  stm32g4xx_hal_adc_ex.o
    0x0800141e   0x0800141e   0x00000002   PAD
    0x08001420   0x08001420   0x00000222   Code   RO         1042    .text.HAL_ADCEx_InjectedStart  stm32g4xx_hal_adc_ex.o
    0x08001642   0x08001642   0x00000002   PAD
    0x08001644   0x08001644   0x000002f2   Code   RO         1112    .text.HAL_ADCEx_MultiModeConfigChannel  stm32g4xx_hal_adc_ex.o
    0x08001936   0x08001936   0x00000002   PAD
    0x08001938   0x08001938   0x000003de   Code   RO          875    .text.HAL_ADC_Init  stm32g4xx_hal_adc.o
    0x08001d16   0x08001d16   0x00000002   PAD
    0x08001d18   0x08001d18   0x00000152   Code   RO           68    .text.HAL_ADC_MspInit  adc.o
    0x08001e6a   0x08001e6a   0x00000002   PAD
    0x08001e6c   0x08001e6c   0x00000042   Code   RO          332    .text.HAL_Delay     stm32g4xx_hal.o
    0x08001eae   0x08001eae   0x00000002   PAD
    0x08001eb0   0x08001eb0   0x00000368   Code   RO          582    .text.HAL_GPIO_Init  stm32g4xx_hal_gpio.o
    0x08002218   0x08002218   0x0000002c   Code   RO          588    .text.HAL_GPIO_WritePin  stm32g4xx_hal_gpio.o
    0x08002244   0x08002244   0x0000000c   Code   RO          324    .text.HAL_GetTick   stm32g4xx_hal.o
    0x08002250   0x08002250   0x0000001a   Code   RO          322    .text.HAL_IncTick   stm32g4xx_hal.o
    0x0800226a   0x0800226a   0x00000002   PAD
    0x0800226c   0x0800226c   0x00000030   Code   RO          312    .text.HAL_Init      stm32g4xx_hal.o
    0x0800229c   0x0800229c   0x000000d4   Code   RO          145    .text.HAL_InitTick  stm32g4xx_hal_timebase_tim.o
    0x08002370   0x08002370   0x00000054   Code   RO          137    .text.HAL_MspInit   stm32g4xx_hal_msp.o
    0x080023c4   0x080023c4   0x00000014   Code   RO          816    .text.HAL_NVIC_EnableIRQ  stm32g4xx_hal_cortex.o
    0x080023d8   0x080023d8   0x0000002e   Code   RO          808    .text.HAL_NVIC_SetPriority  stm32g4xx_hal_cortex.o
    0x08002406   0x08002406   0x00000002   PAD
    0x08002408   0x08002408   0x00000010   Code   RO          804    .text.HAL_NVIC_SetPriorityGrouping  stm32g4xx_hal_cortex.o
    0x08002418   0x08002418   0x0000003a   Code   RO          248    .text.HAL_PCDEx_ActivateLPM  stm32g4xx_hal_pcd_ex.o
    0x08002452   0x08002452   0x00000002   PAD
    0x08002454   0x08002454   0x00000072   Code   RO         1954    .text.HAL_PCDEx_LPM_Callback  usbd_conf.o
    0x080024c6   0x080024c6   0x00000002   PAD
    0x080024c8   0x080024c8   0x0000007a   Code   RO          238    .text.HAL_PCDEx_PMAConfig  stm32g4xx_hal_pcd_ex.o
    0x08002542   0x08002542   0x00000002   PAD
    0x08002544   0x08002544   0x00000026   Code   RO         1904    .text.HAL_PCD_DataInStageCallback  usbd_conf.o
    0x0800256a   0x0800256a   0x00000002   PAD
    0x0800256c   0x0800256c   0x00000028   Code   RO         1902    .text.HAL_PCD_DataOutStageCallback  usbd_conf.o
    0x08002594   0x08002594   0x000000a8   Code   RO          205    .text.HAL_PCD_EP_Close  stm32g4xx_hal_pcd.o
    0x0800263c   0x0800263c   0x000000c8   Code   RO          215    .text.HAL_PCD_EP_ClrStall  stm32g4xx_hal_pcd.o
    0x08002704   0x08002704   0x000001f8   Code   RO          227    .text.HAL_PCD_EP_DB_Receive  stm32g4xx_hal_pcd.o
    0x080028fc   0x080028fc   0x00000748   Code   RO          229    .text.HAL_PCD_EP_DB_Transmit  stm32g4xx_hal_pcd.o
    0x08003044   0x08003044   0x00000022   Code   RO          209    .text.HAL_PCD_EP_GetRxCount  stm32g4xx_hal_pcd.o
    0x08003066   0x08003066   0x00000002   PAD
    0x08003068   0x08003068   0x000000da   Code   RO          203    .text.HAL_PCD_EP_Open  stm32g4xx_hal_pcd.o
    0x08003142   0x08003142   0x00000002   PAD
    0x08003144   0x08003144   0x0000005a   Code   RO          207    .text.HAL_PCD_EP_Receive  stm32g4xx_hal_pcd.o
    0x0800319e   0x0800319e   0x00000002   PAD
    0x080031a0   0x080031a0   0x000000c4   Code   RO          213    .text.HAL_PCD_EP_SetStall  stm32g4xx_hal_pcd.o
    0x08003264   0x08003264   0x00000066   Code   RO          211    .text.HAL_PCD_EP_Transmit  stm32g4xx_hal_pcd.o
    0x080032ca   0x080032ca   0x00000002   PAD
    0x080032cc   0x080032cc   0x000001e8   Code   RO          171    .text.HAL_PCD_IRQHandler  stm32g4xx_hal_pcd.o
    0x080034b4   0x080034b4   0x00000194   Code   RO          159    .text.HAL_PCD_Init  stm32g4xx_hal_pcd.o
    0x08003648   0x08003648   0x00000070   Code   RO         1896    .text.HAL_PCD_MspInit  usbd_conf.o
    0x080036b8   0x080036b8   0x00000038   Code   RO         1908    .text.HAL_PCD_ResetCallback  usbd_conf.o
    0x080036f0   0x080036f0   0x00000032   Code   RO         1912    .text.HAL_PCD_ResumeCallback  usbd_conf.o
    0x08003722   0x08003722   0x00000002   PAD
    0x08003724   0x08003724   0x00000014   Code   RO         1906    .text.HAL_PCD_SOFCallback  usbd_conf.o
    0x08003738   0x08003738   0x0000005c   Code   RO          177    .text.HAL_PCD_SetAddress  stm32g4xx_hal_pcd.o
    0x08003794   0x08003794   0x00000018   Code   RO         1900    .text.HAL_PCD_SetupStageCallback  usbd_conf.o
    0x080037ac   0x080037ac   0x00000054   Code   RO          167    .text.HAL_PCD_Start  stm32g4xx_hal_pcd.o
    0x08003800   0x08003800   0x0000002e   Code   RO         1910    .text.HAL_PCD_SuspendCallback  usbd_conf.o
    0x0800382e   0x0800382e   0x00000002   PAD
    0x08003830   0x08003830   0x000001b4   Code   RO          725    .text.HAL_PWREx_ControlVoltageScaling  stm32g4xx_hal_pwr_ex.o
    0x080039e4   0x080039e4   0x00000012   Code   RO          795    .text.HAL_PWREx_DisableUCPDDeadBattery  stm32g4xx_hal_pwr_ex.o
    0x080039f6   0x080039f6   0x00000002   PAD
    0x080039f8   0x080039f8   0x00000524   Code   RO          437    .text.HAL_RCCEx_PeriphCLKConfig  stm32g4xx_hal_rcc_ex.o
    0x08003f1c   0x08003f1c   0x00000326   Code   RO          402    .text.HAL_RCC_ClockConfig  stm32g4xx_hal_rcc.o
    0x08004242   0x08004242   0x00000002   PAD
    0x08004244   0x08004244   0x00000054   Code   RO          418    .text.HAL_RCC_GetClockConfig  stm32g4xx_hal_rcc.o
    0x08004298   0x08004298   0x0000000c   Code   RO          410    .text.HAL_RCC_GetHCLKFreq  stm32g4xx_hal_rcc.o
    0x080042a4   0x080042a4   0x00000026   Code   RO          412    .text.HAL_RCC_GetPCLK1Freq  stm32g4xx_hal_rcc.o
    0x080042ca   0x080042ca   0x00000002   PAD
    0x080042cc   0x080042cc   0x000000fc   Code   RO          406    .text.HAL_RCC_GetSysClockFreq  stm32g4xx_hal_rcc.o
    0x080043c8   0x080043c8   0x000007b6   Code   RO          400    .text.HAL_RCC_OscConfig  stm32g4xx_hal_rcc.o
    0x08004b7e   0x08004b7e   0x00000002   PAD
    0x08004b80   0x08004b80   0x0000014c   Code   RO         1136    .text.HAL_SPI_Init  stm32g4xx_hal_spi.o
    0x08004ccc   0x08004ccc   0x00000086   Code   RO           84    .text.HAL_SPI_MspInit  spi.o
    0x08004d52   0x08004d52   0x00000002   PAD
    0x08004d54   0x08004d54   0x00000008   Code   RO         1636    .text.HAL_TIMEx_Break2Callback  stm32g4xx_hal_tim_ex.o
    0x08004d5c   0x08004d5c   0x00000008   Code   RO         1634    .text.HAL_TIMEx_BreakCallback  stm32g4xx_hal_tim_ex.o
    0x08004d64   0x08004d64   0x00000008   Code   RO         1630    .text.HAL_TIMEx_CommutCallback  stm32g4xx_hal_tim_ex.o
    0x08004d6c   0x08004d6c   0x00000142   Code   RO         1582    .text.HAL_TIMEx_ConfigBreakDeadTime  stm32g4xx_hal_tim_ex.o
    0x08004eae   0x08004eae   0x00000002   PAD
    0x08004eb0   0x08004eb0   0x00000008   Code   RO         1640    .text.HAL_TIMEx_DirectionChangeCallback  stm32g4xx_hal_tim_ex.o
    0x08004eb8   0x08004eb8   0x00000008   Code   RO         1638    .text.HAL_TIMEx_EncoderIndexCallback  stm32g4xx_hal_tim_ex.o
    0x08004ec0   0x08004ec0   0x00000008   Code   RO         1642    .text.HAL_TIMEx_IndexErrorCallback  stm32g4xx_hal_tim_ex.o
    0x08004ec8   0x08004ec8   0x00000174   Code   RO         1580    .text.HAL_TIMEx_MasterConfigSynchronization  stm32g4xx_hal_tim_ex.o
    0x0800503c   0x0800503c   0x000001a2   Code   RO         1550    .text.HAL_TIMEx_PWMN_Start  stm32g4xx_hal_tim_ex.o
    0x080051de   0x080051de   0x00000002   PAD
    0x080051e0   0x080051e0   0x00000008   Code   RO         1644    .text.HAL_TIMEx_TransitionErrorCallback  stm32g4xx_hal_tim_ex.o
    0x080051e8   0x080051e8   0x000000a8   Code   RO         1263    .text.HAL_TIM_Base_Init  stm32g4xx_hal_tim.o
    0x08005290   0x08005290   0x00000008   Code   RO         1265    .text.HAL_TIM_Base_MspInit  stm32g4xx_hal_tim.o
    0x08005298   0x08005298   0x00000106   Code   RO         1277    .text.HAL_TIM_Base_Start_IT  stm32g4xx_hal_tim.o
    0x0800539e   0x0800539e   0x00000002   PAD
    0x080053a0   0x080053a0   0x00000008   Code   RO         1399    .text.HAL_TIM_IC_CaptureCallback  stm32g4xx_hal_tim.o
    0x080053a8   0x080053a8   0x00000300   Code   RO         1397    .text.HAL_TIM_IRQHandler  stm32g4xx_hal_tim.o
    0x080056a8   0x080056a8   0x000000d0   Code   RO           98    .text.HAL_TIM_MspPostInit  tim.o
    0x08005778   0x08005778   0x00000008   Code   RO         1401    .text.HAL_TIM_OC_DelayElapsedCallback  stm32g4xx_hal_tim.o
    0x08005780   0x08005780   0x000001b0   Code   RO         1433    .text.HAL_TIM_PWM_ConfigChannel  stm32g4xx_hal_tim.o
    0x08005930   0x08005930   0x000000a8   Code   RO         1317    .text.HAL_TIM_PWM_Init  stm32g4xx_hal_tim.o
    0x080059d8   0x080059d8   0x0000004e   Code   RO          100    .text.HAL_TIM_PWM_MspInit  tim.o
    0x08005a26   0x08005a26   0x00000002   PAD
    0x08005a28   0x08005a28   0x00000008   Code   RO         1403    .text.HAL_TIM_PWM_PulseFinishedCallback  stm32g4xx_hal_tim.o
    0x08005a30   0x08005a30   0x00000298   Code   RO         1325    .text.HAL_TIM_PWM_Start  stm32g4xx_hal_tim.o
    0x08005cc8   0x08005cc8   0x0000003a   Code   RO           32    .text.HAL_TIM_PeriodElapsedCallback  main.o
    0x08005d02   0x08005d02   0x00000002   PAD
    0x08005d04   0x08005d04   0x00000008   Code   RO         1407    .text.HAL_TIM_TriggerCallback  stm32g4xx_hal_tim.o
    0x08005d0c   0x08005d0c   0x00000004   Code   RO          114    .text.HardFault_Handler  stm32g4xx_it.o
    0x08005d10   0x08005d10   0x0000007a   Code   RO         1996    .text.IntToUnicode  usbd_desc.o
    0x08005d8a   0x08005d8a   0x00000002   PAD
    0x08005d8c   0x08005d8c   0x0000001c   Code   RO         1013    .text.LL_ADC_Disable  stm32g4xx_hal_adc.o
    0x08005da8   0x08005da8   0x00000018   Code   RO          881    .text.LL_ADC_DisableDeepPowerDown  stm32g4xx_hal_adc.o
    0x08005dc0   0x08005dc0   0x0000001c   Code   RO         1011    .text.LL_ADC_Enable  stm32g4xx_hal_adc.o
    0x08005ddc   0x08005ddc   0x0000001e   Code   RO          885    .text.LL_ADC_EnableInternalRegulator  stm32g4xx_hal_adc.o
    0x08005dfa   0x08005dfa   0x00000002   PAD
    0x08005dfc   0x08005dfc   0x00000010   Code   RO          973    .text.LL_ADC_GetCommonPathInternalCh  stm32g4xx_hal_adc.o
    0x08005e0c   0x08005e0c   0x00000010   Code   RO         1108    .text.LL_ADC_GetCommonPathInternalCh  stm32g4xx_hal_adc_ex.o
    0x08005e1c   0x08005e1c   0x00000010   Code   RO         1044    .text.LL_ADC_GetMultimode  stm32g4xx_hal_adc_ex.o
    0x08005e2c   0x08005e2c   0x0000001e   Code   RO         1102    .text.LL_ADC_GetOffsetChannel  stm32g4xx_hal_adc_ex.o
    0x08005e4a   0x08005e4a   0x00000002   PAD
    0x08005e4c   0x08005e4c   0x00000010   Code   RO         1046    .text.LL_ADC_INJ_GetTrigAuto  stm32g4xx_hal_adc_ex.o
    0x08005e5c   0x08005e5c   0x00000010   Code   RO          893    .text.LL_ADC_INJ_IsConversionOngoing  stm32g4xx_hal_adc.o
    0x08005e6c   0x08005e6c   0x00000010   Code   RO         1036    .text.LL_ADC_INJ_IsConversionOngoing  stm32g4xx_hal_adc_ex.o
    0x08005e7c   0x08005e7c   0x0000001c   Code   RO         1048    .text.LL_ADC_INJ_StartConversion  stm32g4xx_hal_adc_ex.o
    0x08005e98   0x08005e98   0x0000000e   Code   RO         1026    .text.LL_ADC_IsCalibrationOnGoing  stm32g4xx_hal_adc_ex.o
    0x08005ea6   0x08005ea6   0x00000002   PAD
    0x08005ea8   0x08005ea8   0x00000010   Code   RO          879    .text.LL_ADC_IsDeepPowerDownEnabled  stm32g4xx_hal_adc.o
    0x08005eb8   0x08005eb8   0x00000010   Code   RO         1005    .text.LL_ADC_IsDisableOngoing  stm32g4xx_hal_adc.o
    0x08005ec8   0x08005ec8   0x00000010   Code   RO          889    .text.LL_ADC_IsEnabled  stm32g4xx_hal_adc.o
    0x08005ed8   0x08005ed8   0x00000010   Code   RO         1038    .text.LL_ADC_IsEnabled  stm32g4xx_hal_adc_ex.o
    0x08005ee8   0x08005ee8   0x00000010   Code   RO          883    .text.LL_ADC_IsInternalRegulatorEnabled  stm32g4xx_hal_adc.o
    0x08005ef8   0x08005ef8   0x00000010   Code   RO          887    .text.LL_ADC_REG_IsConversionOngoing  stm32g4xx_hal_adc.o
    0x08005f08   0x08005f08   0x00000010   Code   RO         1034    .text.LL_ADC_REG_IsConversionOngoing  stm32g4xx_hal_adc_ex.o
    0x08005f18   0x08005f18   0x00000036   Code   RO         1092    .text.LL_ADC_SetChannelSamplingTime  stm32g4xx_hal_adc_ex.o
    0x08005f4e   0x08005f4e   0x00000002   PAD
    0x08005f50   0x08005f50   0x00000034   Code   RO         1106    .text.LL_ADC_SetChannelSingleDiff  stm32g4xx_hal_adc_ex.o
    0x08005f84   0x08005f84   0x0000001a   Code   RO          891    .text.LL_ADC_SetCommonClock  stm32g4xx_hal_adc.o
    0x08005f9e   0x08005f9e   0x00000002   PAD
    0x08005fa0   0x08005fa0   0x0000001a   Code   RO         1110    .text.LL_ADC_SetCommonPathInternalCh  stm32g4xx_hal_adc_ex.o
    0x08005fba   0x08005fba   0x00000002   PAD
    0x08005fbc   0x08005fbc   0x0000003c   Code   RO         1096    .text.LL_ADC_SetOffset  stm32g4xx_hal_adc_ex.o
    0x08005ff8   0x08005ff8   0x00000028   Code   RO         1100    .text.LL_ADC_SetOffsetSaturation  stm32g4xx_hal_adc_ex.o
    0x08006020   0x08006020   0x00000028   Code   RO         1098    .text.LL_ADC_SetOffsetSign  stm32g4xx_hal_adc_ex.o
    0x08006048   0x08006048   0x00000028   Code   RO         1104    .text.LL_ADC_SetOffsetState  stm32g4xx_hal_adc_ex.o
    0x08006070   0x08006070   0x0000001a   Code   RO         1094    .text.LL_ADC_SetSamplingTimeCommonConfig  stm32g4xx_hal_adc_ex.o
    0x0800608a   0x0800608a   0x00000002   PAD
    0x0800608c   0x0800608c   0x00000028   Code   RO         1024    .text.LL_ADC_StartCalibration  stm32g4xx_hal_adc_ex.o
    0x080060b4   0x080060b4   0x00000010   Code   RO         1731    .text.LL_SPI_IsActiveFlag_BSY  bsp_spi_op.o
    0x080060c4   0x080060c4   0x00000010   Code   RO         1733    .text.LL_SPI_IsActiveFlag_RXNE  bsp_spi_op.o
    0x080060d4   0x080060d4   0x00000010   Code   RO         1727    .text.LL_SPI_IsActiveFlag_TXE  bsp_spi_op.o
    0x080060e4   0x080060e4   0x0000000e   Code   RO         1735    .text.LL_SPI_ReceiveData16  bsp_spi_op.o
    0x080060f2   0x080060f2   0x00000002   PAD
    0x080060f4   0x080060f4   0x00000014   Code   RO         1729    .text.LL_SPI_TransmitData16  bsp_spi_op.o
    0x08006108   0x08006108   0x0000011a   Code   RO           64    .text.MX_ADC1_Init  adc.o
    0x08006222   0x08006222   0x00000002   PAD
    0x08006224   0x08006224   0x000000b0   Code   RO           66    .text.MX_ADC2_Init  adc.o
    0x080062d4   0x080062d4   0x00000024   Code   RO           50    .text.MX_FREERTOS_Init  app_freertos.o
    0x080062f8   0x080062f8   0x0000010a   Code   RO           42    .text.MX_GPIO_Init  gpio.o
    0x08006402   0x08006402   0x00000002   PAD
    0x08006404   0x08006404   0x0000005a   Code   RO           82    .text.MX_SPI1_Init  spi.o
    0x0800645e   0x0800645e   0x00000002   PAD
    0x08006460   0x08006460   0x00000142   Code   RO           96    .text.MX_TIM1_Init  tim.o
    0x080065a2   0x080065a2   0x00000002   PAD
    0x080065a4   0x080065a4   0x00000076   Code   RO         1971    .text.MX_USB_Device_Init  usb_device.o
    0x0800661a   0x0800661a   0x00000002   PAD
    0x0800661c   0x0800661c   0x00000004   Code   RO          116    .text.MemManage_Handler  stm32g4xx_it.o
    0x08006620   0x08006620   0x00000004   Code   RO          112    .text.NMI_Handler   stm32g4xx_it.o
    0x08006624   0x08006624   0x0000006c   Code   RO          814    .text.NVIC_EncodePriority  stm32g4xx_hal_cortex.o
    0x08006690   0x08006690   0x000006fe   Code   RO          173    .text.PCD_EP_ISR_Handler  stm32g4xx_hal_pcd.o
    0x08006d8e   0x08006d8e   0x00000002   PAD
    0x08006d90   0x08006d90   0x00000064   Code   RO         2835    .text.PendSV_Handler  port.o
    0x08006df4   0x08006df4   0x0000009c   Code   RO          404    .text.RCC_GetSysClockFreqFromPLLSource  stm32g4xx_hal_rcc.o
    0x08006e90   0x08006e90   0x00000024   Code   RO         2819    .text.SVC_Handler   port.o
    0x08006eb4   0x08006eb4   0x0000000e   Code   RO         2615    .text.SVC_Setup     cmsis_os2.o
    0x08006ec2   0x08006ec2   0x00000002   PAD
    0x08006ec4   0x08006ec4   0x00000036   Code   RO         2104    .text.SWAPBYTE      usbd_ctlreq.o
    0x08006efa   0x08006efa   0x00000002   PAD
    0x08006efc   0x08006efc   0x00000018   Code   RO           52    .text.StartDefaultTask  app_freertos.o
    0x08006f14   0x08006f14   0x0000001e   Code   RO         2605    .text.SysTick_Handler  cmsis_os2.o
    0x08006f32   0x08006f32   0x00000002   PAD
    0x08006f34   0x08006f34   0x00000008   Code   RO         1914    .text.SystemClockConfig_Resume  usbd_conf.o
    0x08006f3c   0x08006f3c   0x00000078   Code   RO           28    .text.SystemClock_Config  main.o
    0x08006fb4   0x08006fb4   0x00000012   Code   RO         1657    .text.SystemInit    system_stm32g4xx.o
    0x08006fc6   0x08006fc6   0x00000002   PAD
    0x08006fc8   0x08006fc8   0x00000010   Code   RO          126    .text.TIM1_UP_TIM16_IRQHandler  stm32g4xx_it.o
    0x08006fd8   0x08006fd8   0x00000010   Code   RO          128    .text.TIM6_DAC_IRQHandler  stm32g4xx_it.o
    0x08006fe8   0x08006fe8   0x000001e6   Code   RO         1267    .text.TIM_Base_SetConfig  stm32g4xx_hal_tim.o
    0x080071ce   0x080071ce   0x00000002   PAD
    0x080071d0   0x080071d0   0x00000036   Code   RO         1301    .text.TIM_CCxChannelCmd  stm32g4xx_hal_tim.o
    0x08007206   0x08007206   0x00000002   PAD
    0x08007208   0x08007208   0x00000036   Code   RO         1534    .text.TIM_CCxNChannelCmd  stm32g4xx_hal_tim_ex.o
    0x0800723e   0x0800723e   0x00000002   PAD
    0x08007240   0x08007240   0x00000174   Code   RO         1411    .text.TIM_OC1_SetConfig  stm32g4xx_hal_tim.o
    0x080073b4   0x080073b4   0x00000190   Code   RO         1413    .text.TIM_OC2_SetConfig  stm32g4xx_hal_tim.o
    0x08007544   0x08007544   0x0000018e   Code   RO         1415    .text.TIM_OC3_SetConfig  stm32g4xx_hal_tim.o
    0x080076d2   0x080076d2   0x00000002   PAD
    0x080076d4   0x080076d4   0x00000190   Code   RO         1417    .text.TIM_OC4_SetConfig  stm32g4xx_hal_tim.o
    0x08007864   0x08007864   0x000000e2   Code   RO         1419    .text.TIM_OC5_SetConfig  stm32g4xx_hal_tim.o
    0x08007946   0x08007946   0x00000002   PAD
    0x08007948   0x08007948   0x000000e4   Code   RO         1421    .text.TIM_OC6_SetConfig  stm32g4xx_hal_tim.o
    0x08007a2c   0x08007a2c   0x0000004e   Code   RO         1990    .text.USBD_CDC_ConfigStrDescriptor  usbd_desc.o
    0x08007a7a   0x08007a7a   0x00000002   PAD
    0x08007a7c   0x08007a7c   0x000000c4   Code   RO         2147    .text.USBD_CDC_DataIn  usbd_cdc.o
    0x08007b40   0x08007b40   0x00000058   Code   RO         2149    .text.USBD_CDC_DataOut  usbd_cdc.o
    0x08007b98   0x08007b98   0x0000006e   Code   RO         2141    .text.USBD_CDC_DeInit  usbd_cdc.o
    0x08007c06   0x08007c06   0x00000002   PAD
    0x08007c08   0x08007c08   0x0000001a   Code   RO         1980    .text.USBD_CDC_DeviceDescriptor  usbd_desc.o
    0x08007c22   0x08007c22   0x00000002   PAD
    0x08007c24   0x08007c24   0x00000060   Code   RO         2145    .text.USBD_CDC_EP0_RxReady  usbd_cdc.o
    0x08007c84   0x08007c84   0x00000016   Code   RO         2157    .text.USBD_CDC_GetDeviceQualifierDescriptor  usbd_cdc.o
    0x08007c9a   0x08007c9a   0x00000002   PAD
    0x08007c9c   0x08007c9c   0x00000016   Code   RO         2153    .text.USBD_CDC_GetFSCfgDesc  usbd_cdc.o
    0x08007cb2   0x08007cb2   0x00000002   PAD
    0x08007cb4   0x08007cb4   0x00000016   Code   RO         2151    .text.USBD_CDC_GetHSCfgDesc  usbd_cdc.o
    0x08007cca   0x08007cca   0x00000002   PAD
    0x08007ccc   0x08007ccc   0x00000016   Code   RO         2155    .text.USBD_CDC_GetOtherSpeedCfgDesc  usbd_cdc.o
    0x08007ce2   0x08007ce2   0x00000002   PAD
    0x08007ce4   0x08007ce4   0x0000010e   Code   RO         2139    .text.USBD_CDC_Init  usbd_cdc.o
    0x08007df2   0x08007df2   0x00000002   PAD
    0x08007df4   0x08007df4   0x0000004e   Code   RO         1992    .text.USBD_CDC_InterfaceStrDescriptor  usbd_desc.o
    0x08007e42   0x08007e42   0x00000002   PAD
    0x08007e44   0x08007e44   0x0000001a   Code   RO         1982    .text.USBD_CDC_LangIDStrDescriptor  usbd_desc.o
    0x08007e5e   0x08007e5e   0x00000002   PAD
    0x08007e60   0x08007e60   0x00000028   Code   RO         1984    .text.USBD_CDC_ManufacturerStrDescriptor  usbd_desc.o
    0x08007e88   0x08007e88   0x0000004e   Code   RO         1986    .text.USBD_CDC_ProductStrDescriptor  usbd_desc.o
    0x08007ed6   0x08007ed6   0x00000002   PAD
    0x08007ed8   0x08007ed8   0x0000005e   Code   RO         2167    .text.USBD_CDC_ReceivePacket  usbd_cdc.o
    0x08007f36   0x08007f36   0x00000002   PAD
    0x08007f38   0x08007f38   0x0000002c   Code   RO         2159    .text.USBD_CDC_RegisterInterface  usbd_cdc.o
    0x08007f64   0x08007f64   0x00000020   Code   RO         1988    .text.USBD_CDC_SerialStrDescriptor  usbd_desc.o
    0x08007f84   0x08007f84   0x00000034   Code   RO         2163    .text.USBD_CDC_SetRxBuffer  usbd_cdc.o
    0x08007fb8   0x08007fb8   0x0000003e   Code   RO         2161    .text.USBD_CDC_SetTxBuffer  usbd_cdc.o
    0x08007ff6   0x08007ff6   0x00000002   PAD
    0x08007ff8   0x08007ff8   0x0000019c   Code   RO         2143    .text.USBD_CDC_Setup  usbd_cdc.o
    0x08008194   0x08008194   0x0000006e   Code   RO         2165    .text.USBD_CDC_TransmitPacket  usbd_cdc.o
    0x08008202   0x08008202   0x00000002   PAD
    0x08008204   0x08008204   0x0000002a   Code   RO         2047    .text.USBD_ClrClassConfig  usbd_core.o
    0x0800822e   0x0800822e   0x00000002   PAD
    0x08008230   0x08008230   0x00000040   Code   RO         2094    .text.USBD_ClrFeature  usbd_ctlreq.o
    0x08008270   0x08008270   0x0000001e   Code   RO         2124    .text.USBD_CtlContinueRx  usbd_ioreq.o
    0x0800828e   0x0800828e   0x00000002   PAD
    0x08008290   0x08008290   0x0000001e   Code   RO         2120    .text.USBD_CtlContinueSendData  usbd_ioreq.o
    0x080082ae   0x080082ae   0x00000002   PAD
    0x080082b0   0x080082b0   0x0000001c   Code   RO         2096    .text.USBD_CtlError  usbd_ctlreq.o
    0x080082cc   0x080082cc   0x00000036   Code   RO         2122    .text.USBD_CtlPrepareRx  usbd_ioreq.o
    0x08008302   0x08008302   0x00000002   PAD
    0x08008304   0x08008304   0x00000022   Code   RO         2128    .text.USBD_CtlReceiveStatus  usbd_ioreq.o
    0x08008326   0x08008326   0x00000002   PAD
    0x08008328   0x08008328   0x00000032   Code   RO         2118    .text.USBD_CtlSendData  usbd_ioreq.o
    0x0800835a   0x0800835a   0x00000002   PAD
    0x0800835c   0x0800835c   0x00000022   Code   RO         2126    .text.USBD_CtlSendStatus  usbd_ioreq.o
    0x0800837e   0x0800837e   0x00000002   PAD
    0x08008380   0x08008380   0x00000064   Code   RO         2088    .text.USBD_GetConfig  usbd_ctlreq.o
    0x080083e4   0x080083e4   0x0000031e   Code   RO         2082    .text.USBD_GetDescriptor  usbd_ctlreq.o
    0x08008702   0x08008702   0x00000002   PAD
    0x08008704   0x08008704   0x00000032   Code   RO         2108    .text.USBD_GetLen   usbd_ctlreq.o
    0x08008736   0x08008736   0x00000002   PAD
    0x08008738   0x08008738   0x00000062   Code   RO         2090    .text.USBD_GetStatus  usbd_ctlreq.o
    0x0800879a   0x0800879a   0x00000002   PAD
    0x0800879c   0x0800879c   0x00000098   Code   RO         2106    .text.USBD_GetString  usbd_ctlreq.o
    0x08008834   0x08008834   0x00000052   Code   RO         1928    .text.USBD_Get_USB_Status  usbd_conf.o
    0x08008886   0x08008886   0x00000002   PAD
    0x08008888   0x08008888   0x0000006a   Code   RO         2033    .text.USBD_Init     usbd_core.o
    0x080088f2   0x080088f2   0x00000002   PAD
    0x080088f4   0x080088f4   0x0000003a   Code   RO         1942    .text.USBD_LL_ClearStallEP  usbd_conf.o
    0x0800892e   0x0800892e   0x00000002   PAD
    0x08008930   0x08008930   0x0000003a   Code   RO         1936    .text.USBD_LL_CloseEP  usbd_conf.o
    0x0800896a   0x0800896a   0x00000002   PAD
    0x0800896c   0x0800896c   0x0000014c   Code   RO         2053    .text.USBD_LL_DataInStage  usbd_core.o
    0x08008ab8   0x08008ab8   0x000000f6   Code   RO         2051    .text.USBD_LL_DataOutStage  usbd_core.o
    0x08008bae   0x08008bae   0x00000002   PAD
    0x08008bb0   0x08008bb0   0x0000001c   Code   RO         1952    .text.USBD_LL_GetRxDataSize  usbd_conf.o
    0x08008bcc   0x08008bcc   0x000000a4   Code   RO         1924    .text.USBD_LL_Init  usbd_conf.o
    0x08008c70   0x08008c70   0x0000005a   Code   RO         1944    .text.USBD_LL_IsStallEP  usbd_conf.o
    0x08008cca   0x08008cca   0x00000002   PAD
    0x08008ccc   0x08008ccc   0x0000004a   Code   RO         1934    .text.USBD_LL_OpenEP  usbd_conf.o
    0x08008d16   0x08008d16   0x00000002   PAD
    0x08008d18   0x08008d18   0x00000042   Code   RO         1950    .text.USBD_LL_PrepareReceive  usbd_conf.o
    0x08008d5a   0x08008d5a   0x00000002   PAD
    0x08008d5c   0x08008d5c   0x000000a0   Code   RO         2055    .text.USBD_LL_Reset  usbd_core.o
    0x08008dfc   0x08008dfc   0x00000024   Code   RO         2061    .text.USBD_LL_Resume  usbd_core.o
    0x08008e20   0x08008e20   0x0000004e   Code   RO         2063    .text.USBD_LL_SOF   usbd_core.o
    0x08008e6e   0x08008e6e   0x00000002   PAD
    0x08008e70   0x08008e70   0x00000016   Code   RO         2057    .text.USBD_LL_SetSpeed  usbd_core.o
    0x08008e86   0x08008e86   0x00000002   PAD
    0x08008e88   0x08008e88   0x0000003a   Code   RO         1946    .text.USBD_LL_SetUSBAddress  usbd_conf.o
    0x08008ec2   0x08008ec2   0x00000002   PAD
    0x08008ec4   0x08008ec4   0x00000094   Code   RO         2049    .text.USBD_LL_SetupStage  usbd_core.o
    0x08008f58   0x08008f58   0x0000003a   Code   RO         1940    .text.USBD_LL_StallEP  usbd_conf.o
    0x08008f92   0x08008f92   0x00000002   PAD
    0x08008f94   0x08008f94   0x00000032   Code   RO         1930    .text.USBD_LL_Start  usbd_conf.o
    0x08008fc6   0x08008fc6   0x00000002   PAD
    0x08008fc8   0x08008fc8   0x0000001e   Code   RO         2059    .text.USBD_LL_Suspend  usbd_core.o
    0x08008fe6   0x08008fe6   0x00000002   PAD
    0x08008fe8   0x08008fe8   0x00000042   Code   RO         1948    .text.USBD_LL_Transmit  usbd_conf.o
    0x0800902a   0x0800902a   0x00000002   PAD
    0x0800902c   0x0800902c   0x00000062   Code   RO         2102    .text.USBD_ParseSetupRequest  usbd_ctlreq.o
    0x0800908e   0x0800908e   0x00000002   PAD
    0x08009090   0x08009090   0x00000056   Code   RO         2037    .text.USBD_RegisterClass  usbd_core.o
    0x080090e6   0x080090e6   0x00000002   PAD
    0x080090e8   0x080090e8   0x0000000a   Code   RO         2043    .text.USBD_RunTestMode  usbd_core.o
    0x080090f2   0x080090f2   0x00000002   PAD
    0x080090f4   0x080090f4   0x0000008c   Code   RO         2084    .text.USBD_SetAddress  usbd_ctlreq.o
    0x08009180   0x08009180   0x00000036   Code   RO         2045    .text.USBD_SetClassConfig  usbd_core.o
    0x080091b6   0x080091b6   0x00000002   PAD
    0x080091b8   0x080091b8   0x00000176   Code   RO         2086    .text.USBD_SetConfig  usbd_ctlreq.o
    0x0800932e   0x0800932e   0x00000002   PAD
    0x08009330   0x08009330   0x00000026   Code   RO         2092    .text.USBD_SetFeature  usbd_ctlreq.o
    0x08009356   0x08009356   0x00000002   PAD
    0x08009358   0x08009358   0x00000010   Code   RO         2039    .text.USBD_Start    usbd_core.o
    0x08009368   0x08009368   0x000000c4   Code   RO         2080    .text.USBD_StdDevReq  usbd_ctlreq.o
    0x0800942c   0x0800942c   0x00000318   Code   RO         2100    .text.USBD_StdEPReq  usbd_ctlreq.o
    0x08009744   0x08009744   0x0000009a   Code   RO         2098    .text.USBD_StdItfReq  usbd_ctlreq.o
    0x080097de   0x080097de   0x00000002   PAD
    0x080097e0   0x080097e0   0x00000008   Code   RO         1960    .text.USBD_static_free  usbd_conf.o
    0x080097e8   0x080097e8   0x00000010   Code   RO         1958    .text.USBD_static_malloc  usbd_conf.o
    0x080097f8   0x080097f8   0x00000696   Code   RO          275    .text.USB_ActivateEndpoint  stm32g4xx_ll_usb.o
    0x08009e8e   0x08009e8e   0x00000002   PAD
    0x08009e90   0x08009e90   0x00000360   Code   RO          277    .text.USB_DeactivateEndpoint  stm32g4xx_ll_usb.o
    0x0800a1f0   0x0800a1f0   0x00000018   Code   RO          293    .text.USB_DevConnect  stm32g4xx_ll_usb.o
    0x0800a208   0x0800a208   0x00000028   Code   RO          269    .text.USB_DevInit   stm32g4xx_ll_usb.o
    0x0800a230   0x0800a230   0x0000001e   Code   RO          265    .text.USB_DisableGlobalInt  stm32g4xx_ll_usb.o
    0x0800a24e   0x0800a24e   0x00000002   PAD
    0x0800a250   0x0800a250   0x00000148   Code   RO          285    .text.USB_EPClearStall  stm32g4xx_ll_usb.o
    0x0800a398   0x0800a398   0x00000088   Code   RO          283    .text.USB_EPSetStall  stm32g4xx_ll_usb.o
    0x0800a420   0x0800a420   0x00000e16   Code   RO          279    .text.USB_EPStartXfer  stm32g4xx_ll_usb.o
    0x0800b236   0x0800b236   0x00000002   PAD
    0x0800b238   0x0800b238   0x0000001e   Code   RO          263    .text.USB_EnableGlobalInt  stm32g4xx_ll_usb.o
    0x0800b256   0x0800b256   0x00000002   PAD
    0x0800b258   0x0800b258   0x00000040   Code   RO         1821    .text.USB_HP_IRQHandler  board.o
    0x0800b298   0x0800b298   0x00000010   Code   RO          124    .text.USB_LP_IRQHandler  stm32g4xx_it.o
    0x0800b2a8   0x0800b2a8   0x00000012   Code   RO          297    .text.USB_ReadInterrupts  stm32g4xx_ll_usb.o
    0x0800b2ba   0x0800b2ba   0x00000002   PAD
    0x0800b2bc   0x0800b2bc   0x00000084   Code   RO          303    .text.USB_ReadPMA   stm32g4xx_ll_usb.o
    0x0800b340   0x0800b340   0x00000020   Code   RO          291    .text.USB_SetDevAddress  stm32g4xx_ll_usb.o
    0x0800b360   0x0800b360   0x0000007a   Code   RO          281    .text.USB_WritePMA  stm32g4xx_ll_usb.o
    0x0800b3da   0x0800b3da   0x00000002   PAD
    0x0800b3dc   0x0800b3dc   0x00000004   Code   RO          120    .text.UsageFault_Handler  stm32g4xx_it.o
    0x0800b3e0   0x0800b3e0   0x00000030   Code   RO          818    .text.__NVIC_EnableIRQ  stm32g4xx_hal_cortex.o
    0x0800b410   0x0800b410   0x00000010   Code   RO          810    .text.__NVIC_GetPriorityGrouping  stm32g4xx_hal_cortex.o
    0x0800b420   0x0800b420   0x00000042   Code   RO          812    .text.__NVIC_SetPriority  stm32g4xx_hal_cortex.o
    0x0800b462   0x0800b462   0x00000002   PAD
    0x0800b464   0x0800b464   0x00000042   Code   RO         2769    .text.__NVIC_SetPriority  cmsis_os2.o
    0x0800b4a6   0x0800b4a6   0x00000002   PAD
    0x0800b4a8   0x0800b4a8   0x0000003c   Code   RO          806    .text.__NVIC_SetPriorityGrouping  stm32g4xx_hal_cortex.o
    0x0800b4e4   0x0800b4e4   0x00000234   Code   RO            4    .text.axis_thread_entry  axis.o
    0x0800b718   0x0800b718   0x00000030   Code   RO         1815    .text.board_init    board.o
    0x0800b748   0x0800b748   0x00000108   Code   RO         1856    .text.fast_cos_f32  utils.o
    0x0800b850   0x0800b850   0x00000100   Code   RO         1854    .text.fast_sin_f32  utils.o
    0x0800b950   0x0800b950   0x0000009c   Code   RO         1817    .text.fetch_and_reset_adcs  board.o
    0x0800b9ec   0x0800b9ec   0x00000046   Code   RO         1862    .text.fmodf_pos     utils.o
    0x0800ba32   0x0800ba32   0x00000002   PAD
    0x0800ba34   0x0800ba34   0x0000002c   Code   RO         1756    .text.foc_clarke_transform  foc.o
    0x0800ba60   0x0800ba60   0x00000050   Code   RO         1758    .text.foc_inverse_clarke  foc.o
    0x0800bab0   0x0800bab0   0x0000004c   Code   RO         1762    .text.foc_inverse_park  foc.o
    0x0800bafc   0x0800bafc   0x0000004c   Code   RO         1760    .text.foc_park_transform  foc.o
    0x0800bb48   0x0800bb48   0x0000002a   Code   RO         1754    .text.foc_sin_cos_cal  foc.o
    0x0800bb72   0x0800bb72   0x00000002   PAD
    0x0800bb74   0x0800bb74   0x0000002a   Code   RO         1752    .text.foc_update    foc.o
    0x0800bb9e   0x0800bb9e   0x00000002   PAD
    0x0800bba0   0x0800bba0   0x00000020   Code   RO         1714    .text.gpio_op_write  bsp_gpio_op.o
    0x0800bbc0   0x0800bbc0   0x0000003c   Code   RO           26    .text.main          main.o
    0x0800bbfc   0x0800bbfc   0x0000002e   Code   RO         1858    .text.mod           utils.o
    0x0800bc2a   0x0800bc2a   0x00000002   PAD
    0x0800bc2c   0x0800bc2c   0x0000002e   Code   RO         1771    .text.motor_apply_pwm_timings  motor.o
    0x0800bc5a   0x0800bc5a   0x00000002   PAD
    0x0800bc5c   0x0800bc5c   0x0000000e   Code   RO         1781    .text.motor_measure_phase_inductance  motor.o
    0x0800bc6a   0x0800bc6a   0x00000002   PAD
    0x0800bc6c   0x0800bc6c   0x0000008c   Code   RO         1779    .text.motor_measure_phase_resistance  motor.o
    0x0800bcf8   0x0800bcf8   0x000001c8   Code   RO         1775    .text.motor_phase_current_from_adcval  motor.o
    0x0800bec0   0x0800bec0   0x000000ac   Code   RO         1777    .text.motor_phase_current_update_offset  motor.o
    0x0800bf6c   0x0800bf6c   0x00000088   Code   RO         1785    .text.motor_pwm_update  motor.o
    0x0800bff4   0x0800bff4   0x00000066   Code   RO         1783    .text.motor_run_calibration  motor.o
    0x0800c05a   0x0800c05a   0x00000002   PAD
    0x0800c05c   0x0800c05c   0x00000014   Code   RO         1773    .text.motor_update  motor.o
    0x0800c070   0x0800c070   0x00000044   Code   RO         1787    .text.motor_update_current_controller_gains  motor.o
    0x0800c0b4   0x0800c0b4   0x00000070   Code   RO         1695    .text.mt6825_abs_spi_start_trans  drv_encoder.o
    0x0800c124   0x0800c124   0x00000004   Code   RO         1701    .text.mt6825_run_offset_calibration  drv_encoder.o
    0x0800c128   0x0800c128   0x00000010   Code   RO         1693    .text.mt6825_sample_now  drv_encoder.o
    0x0800c138   0x0800c138   0x00000022   Code   RO         1699    .text.mt6825_set_spi_cs  drv_encoder.o
    0x0800c15a   0x0800c15a   0x00000006   PAD
    0x0800c160   0x0800c160   0x00000474   Code   RO         1697    .text.mt6825_update  drv_encoder.o
    0x0800c5d4   0x0800c5d4   0x00000034   Code   RO         2673    .text.osDelay       cmsis_os2.o
    0x0800c608   0x0800c608   0x00000046   Code   RO         2607    .text.osKernelInitialize  cmsis_os2.o
    0x0800c64e   0x0800c64e   0x00000002   PAD
    0x0800c650   0x0800c650   0x00000052   Code   RO         2613    .text.osKernelStart  cmsis_os2.o
    0x0800c6a2   0x0800c6a2   0x00000002   PAD
    0x0800c6a4   0x0800c6a4   0x0000015a   Code   RO         2637    .text.osThreadNew   cmsis_os2.o
    0x0800c7fe   0x0800c7fe   0x00000002   PAD
    0x0800c800   0x0800c800   0x000000d4   Code   RO         2399    .text.prvAddCurrentTaskToDelayedList  tasks.o
    0x0800c8d4   0x0800c8d4   0x00000122   Code   RO         2385    .text.prvAddNewTaskToReadyList  tasks.o
    0x0800c9f6   0x0800c9f6   0x00000002   PAD
    0x0800c9f8   0x0800c9f8   0x000000a2   Code   RO         2536    .text.prvCheckForValidListAndQueue  timers.o
    0x0800ca9a   0x0800ca9a   0x00000002   PAD
    0x0800ca9c   0x0800ca9c   0x0000005a   Code   RO         2503    .text.prvCheckTasksWaitingTermination  tasks.o
    0x0800caf6   0x0800caf6   0x00000002   PAD
    0x0800caf8   0x0800caf8   0x00000042   Code   RO         2278    .text.prvCopyDataFromQueue  queue.o
    0x0800cb3a   0x0800cb3a   0x00000002   PAD
    0x0800cb3c   0x0800cb3c   0x000000cc   Code   RO         2266    .text.prvCopyDataToQueue  queue.o
    0x0800cc08   0x0800cc08   0x0000005e   Code   RO         2391    .text.prvDeleteTCB  tasks.o
    0x0800cc66   0x0800cc66   0x00000002   PAD
    0x0800cc68   0x0800cc68   0x00000040   Code   RO         2574    .text.prvGetNextExpireTime  timers.o
    0x0800cca8   0x0800cca8   0x000000bc   Code   RO         2786    .text.prvHeapInit   heap_4.o
    0x0800cd64   0x0800cd64   0x00000038   Code   RO         2425    .text.prvIdleTask   tasks.o
    0x0800cd9c   0x0800cd9c   0x00000048   Code   RO         2240    .text.prvInitialiseNewQueue  queue.o
    0x0800cde4   0x0800cde4   0x00000122   Code   RO         2383    .text.prvInitialiseNewTask  tasks.o
    0x0800cf06   0x0800cf06   0x00000002   PAD
    0x0800cf08   0x0800cf08   0x0000008e   Code   RO         2501    .text.prvInitialiseTaskLists  tasks.o
    0x0800cf96   0x0800cf96   0x00000002   PAD
    0x0800cf98   0x0800cf98   0x000000c6   Code   RO         2788    .text.prvInsertBlockIntoFreeList  heap_4.o
    0x0800d05e   0x0800d05e   0x00000002   PAD
    0x0800d060   0x0800d060   0x00000086   Code   RO         2586    .text.prvInsertTimerInActiveList  timers.o
    0x0800d0e6   0x0800d0e6   0x00000002   PAD
    0x0800d0e8   0x0800d0e8   0x00000028   Code   RO         2280    .text.prvIsQueueEmpty  queue.o
    0x0800d110   0x0800d110   0x0000002e   Code   RO         2268    .text.prvIsQueueFull  queue.o
    0x0800d13e   0x0800d13e   0x00000002   PAD
    0x0800d140   0x0800d140   0x00000028   Code   RO         2827    .text.prvPortStartFirstTask  port.o
    0x0800d168   0x0800d168   0x0000008e   Code   RO         2582    .text.prvProcessExpiredTimer  timers.o
    0x0800d1f6   0x0800d1f6   0x00000002   PAD
    0x0800d1f8   0x0800d1f8   0x00000192   Code   RO         2578    .text.prvProcessReceivedCommands  timers.o
    0x0800d38a   0x0800d38a   0x00000002   PAD
    0x0800d38c   0x0800d38c   0x0000009a   Code   RO         2576    .text.prvProcessTimerOrBlockTask  timers.o
    0x0800d426   0x0800d426   0x00000002   PAD
    0x0800d428   0x0800d428   0x00000046   Code   RO         2393    .text.prvResetNextTaskUnblockTime  tasks.o
    0x0800d46e   0x0800d46e   0x00000002   PAD
    0x0800d470   0x0800d470   0x00000044   Code   RO         2580    .text.prvSampleTimeNow  timers.o
    0x0800d4b4   0x0800d4b4   0x000000d4   Code   RO         2584    .text.prvSwitchTimerLists  timers.o
    0x0800d588   0x0800d588   0x0000004c   Code   RO         2817    .text.prvTaskExitError  port.o
    0x0800d5d4   0x0800d5d4   0x0000001e   Code   RO         2538    .text.prvTimerTask  timers.o
    0x0800d5f2   0x0800d5f2   0x00000002   PAD
    0x0800d5f4   0x0800d5f4   0x000000ae   Code   RO         2270    .text.prvUnlockQueue  queue.o
    0x0800d6a2   0x0800d6a2   0x00000002   PAD
    0x0800d6a4   0x0800d6a4   0x000001ec   Code   RO         2784    .text.pvPortMalloc  heap_4.o
    0x0800d890   0x0800d890   0x0000005e   Code   RO         2815    .text.pxPortInitialiseStack  port.o
    0x0800d8ee   0x0800d8ee   0x00000002   PAD
    0x0800d8f0   0x0800d8f0   0x000000e8   Code   RO         1725    .text.spi_op_transmit_receive  bsp_spi_op.o
    0x0800d9d8   0x0800d9d8   0x000000ca   Code   RO         1800    .text.start_pwm_adc  low_level.o
    0x0800daa2   0x0800daa2   0x00000002   PAD
    0x0800daa4   0x0800daa4   0x00000024   Code   RO            2    .text.start_thread  axis.o
    0x0800dac8   0x0800dac8   0x00000490   Code   RO         1866    .text.svm           utils.o
    0x0800df58   0x0800df58   0x000000c6   Code   RO         1819    .text.tim1_period_elapsed_callback  board.o
    0x0800e01e   0x0800e01e   0x00000002   PAD
    0x0800e020   0x0800e020   0x00000048   Code   RO         2227    .text.uxListRemove  list.o
    0x0800e068   0x0800e068   0x0000002a   Code   RO         2765    .text.vApplicationGetIdleTaskMemory  cmsis_os2.o
    0x0800e092   0x0800e092   0x00000002   PAD
    0x0800e094   0x0800e094   0x0000002c   Code   RO         2767    .text.vApplicationGetTimerTaskMemory  cmsis_os2.o
    0x0800e0c0   0x0800e0c0   0x0000002e   Code   RO         2219    .text.vListInitialise  list.o
    0x0800e0ee   0x0800e0ee   0x00000002   PAD
    0x0800e0f0   0x0800e0f0   0x0000000e   Code   RO         2221    .text.vListInitialiseItem  list.o
    0x0800e0fe   0x0800e0fe   0x00000002   PAD
    0x0800e100   0x0800e100   0x0000006a   Code   RO         2225    .text.vListInsert   list.o
    0x0800e16a   0x0800e16a   0x00000002   PAD
    0x0800e16c   0x0800e16c   0x0000003a   Code   RO         2223    .text.vListInsertEnd  list.o
    0x0800e1a6   0x0800e1a6   0x00000002   PAD
    0x0800e1a8   0x0800e1a8   0x00000014   Code   RO         2825    .text.vPortEnableVFP  port.o
    0x0800e1bc   0x0800e1bc   0x00000056   Code   RO         2831    .text.vPortEnterCritical  port.o
    0x0800e212   0x0800e212   0x00000002   PAD
    0x0800e214   0x0800e214   0x0000004a   Code   RO         2833    .text.vPortExitCritical  port.o
    0x0800e25e   0x0800e25e   0x00000002   PAD
    0x0800e260   0x0800e260   0x000000ce   Code   RO         2790    .text.vPortFree     heap_4.o
    0x0800e32e   0x0800e32e   0x00000002   PAD
    0x0800e330   0x0800e330   0x00000044   Code   RO         2823    .text.vPortSetupTimerInterrupt  port.o
    0x0800e374   0x0800e374   0x00000084   Code   RO         2839    .text.vPortValidateInterruptPriority  port.o
    0x0800e3f8   0x0800e3f8   0x00000052   Code   RO         2310    .text.vQueueAddToRegistry  queue.o
    0x0800e44a   0x0800e44a   0x00000002   PAD
    0x0800e44c   0x0800e44c   0x00000064   Code   RO         2314    .text.vQueueWaitForMessageRestricted  queue.o
    0x0800e4b0   0x0800e4b0   0x0000006e   Code   RO         2403    .text.vTaskDelay    tasks.o
    0x0800e51e   0x0800e51e   0x00000002   PAD
    0x0800e520   0x0800e520   0x00000024   Code   RO         2457    .text.vTaskInternalSetTimeOutState  tasks.o
    0x0800e544   0x0800e544   0x0000000e   Code   RO         2461    .text.vTaskMissedYield  tasks.o
    0x0800e552   0x0800e552   0x00000002   PAD
    0x0800e554   0x0800e554   0x00000042   Code   RO         2445    .text.vTaskPlaceOnEventList  tasks.o
    0x0800e596   0x0800e596   0x00000002   PAD
    0x0800e598   0x0800e598   0x00000052   Code   RO         2449    .text.vTaskPlaceOnEventListRestricted  tasks.o
    0x0800e5ea   0x0800e5ea   0x00000002   PAD
    0x0800e5ec   0x0800e5ec   0x000000e0   Code   RO         2423    .text.vTaskStartScheduler  tasks.o
    0x0800e6cc   0x0800e6cc   0x00000010   Code   RO         2397    .text.vTaskSuspendAll  tasks.o
    0x0800e6dc   0x0800e6dc   0x000000c6   Code   RO         2415    .text.vTaskSwitchContext  tasks.o
    0x0800e7a2   0x0800e7a2   0x00000002   PAD
    0x0800e7a4   0x0800e7a4   0x00000064   Code   RO         1802    .text.vbus_sense_adc_cb  low_level.o
    0x0800e808   0x0800e808   0x0000005e   Code   RO         1878    .text.vofa_send_data  vofa.o
    0x0800e866   0x0800e866   0x00000002   PAD
    0x0800e868   0x0800e868   0x00000052   Code   RO         1880    .text.vofa_sendframetail  vofa.o
    0x0800e8ba   0x0800e8ba   0x00000002   PAD
    0x0800e8bc   0x0800e8bc   0x0000005c   Code   RO         1876    .text.vofa_start    vofa.o
    0x0800e918   0x0800e918   0x00000018   Code   RO         1882    .text.vofa_transmit  vofa.o
    0x0800e930   0x0800e930   0x00000038   Code   RO         1860    .text.wrap_pm       utils.o
    0x0800e968   0x0800e968   0x0000001c   Code   RO         1864    .text.wrap_pm_pi    utils.o
    0x0800e984   0x0800e984   0x00000156   Code   RO         2821    .text.xPortStartScheduler  port.o
    0x0800eada   0x0800eada   0x00000002   PAD
    0x0800eadc   0x0800eadc   0x0000003c   Code   RO         2837    .text.xPortSysTickHandler  port.o
    0x0800eb18   0x0800eb18   0x0000010e   Code   RO         2238    .text.xQueueGenericCreateStatic  queue.o
    0x0800ec26   0x0800ec26   0x00000002   PAD
    0x0800ec28   0x0800ec28   0x000000ba   Code   RO         2236    .text.xQueueGenericReset  queue.o
    0x0800ece2   0x0800ece2   0x00000002   PAD
    0x0800ece4   0x0800ece4   0x0000022c   Code   RO         2256    .text.xQueueGenericSend  queue.o
    0x0800ef10   0x0800ef10   0x0000014c   Code   RO         2272    .text.xQueueGenericSendFromISR  queue.o
    0x0800f05c   0x0800f05c   0x000001dc   Code   RO         2276    .text.xQueueReceive  queue.o
    0x0800f238   0x0800f238   0x000000cc   Code   RO         2459    .text.xTaskCheckForTimeOut  tasks.o
    0x0800f304   0x0800f304   0x0000009e   Code   RO         2387    .text.xTaskCreate   tasks.o
    0x0800f3a2   0x0800f3a2   0x00000002   PAD
    0x0800f3a4   0x0800f3a4   0x000000ce   Code   RO         2381    .text.xTaskCreateStatic  tasks.o
    0x0800f472   0x0800f472   0x00000002   PAD
    0x0800f474   0x0800f474   0x00000038   Code   RO         2475    .text.xTaskGetSchedulerState  tasks.o
    0x0800f4ac   0x0800f4ac   0x00000014   Code   RO         2431    .text.xTaskGetTickCount  tasks.o
    0x0800f4c0   0x0800f4c0   0x000001c4   Code   RO         2429    .text.xTaskIncrementTick  tasks.o
    0x0800f684   0x0800f684   0x000000ec   Code   RO         2479    .text.xTaskPriorityDisinherit  tasks.o
    0x0800f770   0x0800f770   0x000000ce   Code   RO         2451    .text.xTaskRemoveFromEventList  tasks.o
    0x0800f83e   0x0800f83e   0x00000002   PAD
    0x0800f840   0x0800f840   0x00000186   Code   RO         2401    .text.xTaskResumeAll  tasks.o
    0x0800f9c6   0x0800f9c6   0x00000002   PAD
    0x0800f9c8   0x0800f9c8   0x00000094   Code   RO         2534    .text.xTimerCreateTimerTask  timers.o
    0x0800fa5c   0x0800fa5c   0x000000b0   Code   RO         2546    .text.xTimerGenericCommand  timers.o
    0x0800fb0c   0x0800fb0c   0x00000004   PAD
    0x0800fb10   0x0800fb10   0x00000118   Code   RO         2890    i.__hardfp_floor    m_wm.l(floor.o)
    0x0800fc28   0x0800fc28   0x00000038   Code   RO         2902    i.__hardfp_nearbyintf  m_wm.l(nearbyintf.o)
    0x0800fc60   0x0800fc60   0x00000062   Code   RO         2866    x$fpl$d2f           fz_wm.l(d2f.o)
    0x0800fcc2   0x0800fcc2   0x00000002   PAD
    0x0800fcc4   0x0800fcc4   0x00000150   Code   RO         2868    x$fpl$dadd          fz_wm.l(daddsub_clz.o)
    0x0800fe14   0x0800fe14   0x00000018   Code   RO         2979    x$fpl$dcmpinf       fz_wm.l(dcmpi.o)
    0x0800fe2c   0x0800fe2c   0x00000078   Code   RO         2913    x$fpl$deqf          fz_wm.l(deqf.o)
    0x0800fea4   0x0800fea4   0x0000002e   Code   RO         2881    x$fpl$dflt          fz_wm.l(dflt_clz.o)
    0x0800fed2   0x0800fed2   0x00000002   PAD
    0x0800fed4   0x0800fed4   0x00000078   Code   RO         2915    x$fpl$dgeqf         fz_wm.l(dgeqf.o)
    0x0800ff4c   0x0800ff4c   0x00000078   Code   RO         2917    x$fpl$dleqf         fz_wm.l(dleqf.o)
    0x0800ffc4   0x0800ffc4   0x0000009c   Code   RO         2919    x$fpl$dnaninf       fz_wm.l(dnaninf.o)
    0x08010060   0x08010060   0x0000000c   Code   RO         2921    x$fpl$dretinf       fz_wm.l(dretinf.o)
    0x0801006c   0x0801006c   0x0000006c   Code   RO         2923    x$fpl$drleqf        fz_wm.l(drleqf.o)
    0x080100d8   0x080100d8   0x00000016   Code   RO         2869    x$fpl$drsb          fz_wm.l(daddsub_clz.o)
    0x080100ee   0x080100ee   0x00000002   PAD
    0x080100f0   0x080100f0   0x000001dc   Code   RO         2870    x$fpl$dsub          fz_wm.l(daddsub_clz.o)
    0x080102cc   0x080102cc   0x00000056   Code   RO         2888    x$fpl$f2d           fz_wm.l(f2d.o)
    0x08010322   0x08010322   0x00000054   Code   RO         2874    x$fpl$fcmp          fz_wm.l(dcmp.o)
    0x08010376   0x08010376   0x0000008c   Code   RO         2925    x$fpl$fnaninf       fz_wm.l(fnaninf.o)
    0x08010402   0x08010402   0x0000001a   Code   RO         3066    x$fpl$fpinit        fz_wm.l(fpinit.o)
    0x0801041c   0x0801041c   0x0000000a   Code   RO         2927    x$fpl$fretinf       fz_wm.l(fretinf.o)
    0x08010426   0x08010426   0x00000002   PAD
    0x08010428   0x08010428   0x00000060   Code   RO         2929    x$fpl$frnd          fz_wm.l(frnd.o)
    0x08010488   0x08010488   0x00000000   Code   RO         2933    x$fpl$usenofp       fz_wm.l(usenofp.o)
    0x08010488   0x08010488   0x00000010   Data   RO         1662    .rodata.AHBPrescTable  system_stm32g4xx.o
    0x08010498   0x08010498   0x00000008   Data   RO         1663    .rodata.APBPrescTable  system_stm32g4xx.o
    0x080104a0   0x080104a0   0x00000024   Data   RO            7    .rodata.axisTask_attributes  axis.o
    0x080104c4   0x080104c4   0x00000024   Data   RO           55    .rodata.defaultTask_attributes  app_freertos.o
    0x080104e8   0x080104e8   0x00000804   Data   RO         1868    .rodata.sinTable_f32  utils.o
    0x08010cec   0x08010cec   0x00000014   Data   RO            6    .rodata.str1.1      axis.o
    0x08010d00   0x08010d00   0x0000000c   Data   RO           54    .rodata.str1.1      app_freertos.o
    0x08010d0c   0x08010d0c   0x00000042   Data   RO         2002    .rodata.str1.1      usbd_desc.o
    0x08010d4e   0x08010d4e   0x00000005   Data   RO         2519    .rodata.str1.1      tasks.o
    0x08010d53   0x08010d53   0x0000000d   Data   RO         2589    .rodata.str1.1      timers.o
    0x08010d60   0x08010d60   0x00000020   Data   RO         3141    Region$$Table       anon$$obj.o


    Execution Region RW_IRAM1 (Exec base: 0x20000000, Load base: 0x08010d80, Size: 0x00004290, Max: 0x00020000, ABSOLUTE, COMPRESSED[0x00000150])

    Exec Addr    Load Addr    Size         Type   Attr      Idx    E Section Name        Object

    0x20000000   COMPRESSED   0x00000020   Data   RW         1998    .data.CDC_Desc      usbd_desc.o
    0x20000020   COMPRESSED   0x00000004   Data   RW         1790    .data.CURRENT_ADC_LOWER_BOUND  motor.o
    0x20000024   COMPRESSED   0x00000004   Data   RW         1791    .data.CURRENT_ADC_UPPER_BOUND  motor.o
    0x20000028   COMPRESSED   0x00000004   Data   RW         1661    .data.SystemCoreClock  system_stm32g4xx.o
    0x2000002c   COMPRESSED   0x00000038   Data   RW         2169    .data.USBD_CDC      usbd_cdc.o
    0x20000064   COMPRESSED   0x00000043   Data   RW         2171    .data.USBD_CDC_CfgFSDesc  usbd_cdc.o
    0x200000a7   COMPRESSED   0x00000001   PAD
    0x200000a8   COMPRESSED   0x00000043   Data   RW         2172    .data.USBD_CDC_CfgHSDesc  usbd_cdc.o
    0x200000eb   COMPRESSED   0x00000001   PAD
    0x200000ec   COMPRESSED   0x00000012   Data   RW         1999    .data.USBD_CDC_DeviceDesc  usbd_desc.o
    0x200000fe   COMPRESSED   0x00000002   PAD
    0x20000100   COMPRESSED   0x0000000a   Data   RW         2170    .data.USBD_CDC_DeviceQualifierDesc  usbd_cdc.o
    0x2000010a   COMPRESSED   0x00000002   PAD
    0x2000010c   COMPRESSED   0x00000043   Data   RW         2173    .data.USBD_CDC_OtherSpeedCfgDesc  usbd_cdc.o
    0x2000014f   COMPRESSED   0x00000001   PAD
    0x20000150   COMPRESSED   0x00000014   Data   RW         2023    .data.USBD_Interface_fops_FS  usbd_cdc_if.o
    0x20000164   COMPRESSED   0x00000004   Data   RW         2000    .data.USBD_LangIDDesc  usbd_desc.o
    0x20000168   COMPRESSED   0x0000001a   Data   RW         2001    .data.USBD_StringSerial  usbd_desc.o
    0x20000182   COMPRESSED   0x00000002   PAD
    0x20000184   COMPRESSED   0x00000004   Data   RW         1804    .data.adc_full_scale  low_level.o
    0x20000188   COMPRESSED   0x00000004   Data   RW         1805    .data.adc_ref_voltage  low_level.o
    0x2000018c   COMPRESSED   0x00000011   Data   RW            9    .data.axis          axis.o
    0x2000019d   COMPRESSED   0x00000003   PAD
    0x200001a0   COMPRESSED   0x000000e8   Data   RW         1789    .data.motor         motor.o
    0x20000288   COMPRESSED   0x00000088   Data   RW         1703    .data.mt6825        drv_encoder.o
    0x20000310   COMPRESSED   0x00000004   Data   RW          389    .data.uwTickFreq    stm32g4xx_hal.o
    0x20000314   COMPRESSED   0x00000004   Data   RW          388    .data.uwTickPrio    stm32g4xx_hal.o
    0x20000318   COMPRESSED   0x00000004   Data   RW         2843    .data.uxCriticalNesting  port.o
    0x2000031c   COMPRESSED   0x00000004   Data   RW         1806    .data.vbus_voltage  low_level.o
    0x20000320        -       0x00000060   Zero   RW         2996    .bss                c_w.l(libspace.o)
    0x20000380        -       0x00000004   Zero   RW            8    .bss.AxisTaskHandle  axis.o
    0x20000384        -       0x00000004   Zero   RW           74    .bss.HAL_RCC_ADC12_CLK_ENABLED  adc.o
    0x20000388        -       0x00000004   Zero   RW         2771    .bss.KernelState    cmsis_os2.o
    0x2000038c        -       0x00000001   Zero   RW         2110    .bss.USBD_SetConfig.cfgidx  usbd_ctlreq.o
    0x2000038d   COMPRESSED   0x00000003   PAD
    0x20000390        -       0x00000200   Zero   RW         2003    .bss.USBD_StrDesc   usbd_desc.o
    0x20000590        -       0x00000220   Zero   RW         1963    .bss.USBD_static_malloc.mem  usbd_conf.o
    0x200007b0        -       0x00000800   Zero   RW         2024    .bss.UserRxBufferFS  usbd_cdc_if.o
    0x20000fb0        -       0x00000800   Zero   RW         2025    .bss.UserTxBufferFS  usbd_cdc_if.o
    0x200017b0        -       0x00000002   Zero   RW         1886    .bss.cnt            vofa.o
    0x200017b2        -       0x00000001   Zero   RW         1823    .bss.counting_down_  board.o
    0x200017b3   COMPRESSED   0x00000001   PAD
    0x200017b4        -       0x00000004   Zero   RW           56    .bss.defaultTaskHandle  app_freertos.o
    0x200017b8        -       0x000002d0   Zero   RW         1973    .bss.hUsbDeviceFS   usb_device.o
    0x20001a88        -       0x0000006c   Zero   RW           72    .bss.hadc1          adc.o
    0x20001af4        -       0x0000006c   Zero   RW           73    .bss.hadc2          adc.o
    0x20001b60        -       0x000002dc   Zero   RW         1962    .bss.hpcd_USB_FS    usbd_conf.o
    0x20001e3c        -       0x00000064   Zero   RW           88    .bss.hspi1          spi.o
    0x20001ea0        -       0x0000004c   Zero   RW          104    .bss.htim1          tim.o
    0x20001eec        -       0x0000004c   Zero   RW          151    .bss.htim6          stm32g4xx_hal_timebase_tim.o
    0x20001f38        -       0x00000004   Zero   RW         1807    .bss.inv_vbus_voltage  low_level.o
    0x20001f3c        -       0x000000a0   Zero   RW         2597    .bss.prvCheckForValidListAndQueue.ucStaticTimerQueueStorage  timers.o
    0x20001fdc        -       0x00000050   Zero   RW         2596    .bss.prvCheckForValidListAndQueue.xStaticTimerQueue  timers.o
    0x2000202c        -       0x00000004   Zero   RW         2593    .bss.prvSampleTimeNow.xLastTime  timers.o
    0x20002030        -       0x00000004   Zero   RW         2505    .bss.pxCurrentTCB   tasks.o
    0x20002034        -       0x00000004   Zero   RW         2591    .bss.pxCurrentTimerList  timers.o
    0x20002038        -       0x00000004   Zero   RW         2513    .bss.pxDelayedTaskList  tasks.o
    0x2000203c        -       0x00000004   Zero   RW         2800    .bss.pxEnd          heap_4.o
    0x20002040        -       0x00000004   Zero   RW         2514    .bss.pxOverflowDelayedTaskList  tasks.o
    0x20002044        -       0x00000004   Zero   RW         2592    .bss.pxOverflowTimerList  timers.o
    0x20002048        -       0x00000460   Zero   RW         2516    .bss.pxReadyTasksLists  tasks.o
    0x200024a8        -       0x00000400   Zero   RW         1887    .bss.send_buf       vofa.o
    0x200028a8        -       0x00000c00   Zero   RW         2807    .bss.ucHeap         heap_4.o
    0x200034a8        -       0x00000001   Zero   RW         2841    .bss.ucMaxSysCallPriority  port.o
    0x200034a9   COMPRESSED   0x00000003   PAD
    0x200034ac        -       0x00000004   Zero   RW         2842    .bss.ulMaxPRIGROUPValue  port.o
    0x200034b0        -       0x00000004   Zero   RW          390    .bss.uwTick         stm32g4xx_hal.o
    0x200034b4        -       0x00000004   Zero   RW         2509    .bss.uxCurrentNumberOfTasks  tasks.o
    0x200034b8        -       0x00000004   Zero   RW         2508    .bss.uxDeletedTasksWaitingCleanUp  tasks.o
    0x200034bc        -       0x00000004   Zero   RW         2511    .bss.uxSchedulerSuspended  tasks.o
    0x200034c0        -       0x00000004   Zero   RW         2506    .bss.uxTaskNumber   tasks.o
    0x200034c4        -       0x00000004   Zero   RW         2517    .bss.uxTopReadyPriority  tasks.o
    0x200034c8        -       0x00000200   Zero   RW         2774    .bss.vApplicationGetIdleTaskMemory.Idle_Stack  cmsis_os2.o
    0x200036c8        -       0x0000005c   Zero   RW         2773    .bss.vApplicationGetIdleTaskMemory.Idle_TCB  cmsis_os2.o
    0x20003724        -       0x00000400   Zero   RW         2776    .bss.vApplicationGetTimerTaskMemory.Timer_Stack  cmsis_os2.o
    0x20003b24        -       0x0000005c   Zero   RW         2775    .bss.vApplicationGetTimerTaskMemory.Timer_TCB  cmsis_os2.o
    0x20003b80        -       0x00000014   Zero   RW         2594    .bss.xActiveTimerList1  timers.o
    0x20003b94        -       0x00000014   Zero   RW         2595    .bss.xActiveTimerList2  timers.o
    0x20003ba8        -       0x00000004   Zero   RW         2801    .bss.xBlockAllocatedBit  heap_4.o
    0x20003bac        -       0x00000014   Zero   RW         2525    .bss.xDelayedTaskList1  tasks.o
    0x20003bc0        -       0x00000014   Zero   RW         2526    .bss.xDelayedTaskList2  tasks.o
    0x20003bd4        -       0x00000004   Zero   RW         2802    .bss.xFreeBytesRemaining  heap_4.o
    0x20003bd8        -       0x00000004   Zero   RW         2520    .bss.xIdleTaskHandle  tasks.o
    0x20003bdc        -       0x00000004   Zero   RW         2804    .bss.xMinimumEverFreeBytesRemaining  heap_4.o
    0x20003be0        -       0x00000004   Zero   RW         2521    .bss.xNextTaskUnblockTime  tasks.o
    0x20003be4        -       0x00000004   Zero   RW         2524    .bss.xNumOfOverflows  tasks.o
    0x20003be8        -       0x00000004   Zero   RW         2805    .bss.xNumberOfSuccessfulAllocations  heap_4.o
    0x20003bec        -       0x00000004   Zero   RW         2806    .bss.xNumberOfSuccessfulFrees  heap_4.o
    0x20003bf0        -       0x00000004   Zero   RW         2523    .bss.xPendedTicks   tasks.o
    0x20003bf4        -       0x00000014   Zero   RW         2518    .bss.xPendingReadyList  tasks.o
    0x20003c08        -       0x00000040   Zero   RW         2316    .bss.xQueueRegistry  queue.o
    0x20003c48        -       0x00000004   Zero   RW         2510    .bss.xSchedulerRunning  tasks.o
    0x20003c4c        -       0x00000008   Zero   RW         2803    .bss.xStart         heap_4.o
    0x20003c54        -       0x00000014   Zero   RW         2515    .bss.xSuspendedTaskList  tasks.o
    0x20003c68        -       0x00000014   Zero   RW         2507    .bss.xTasksWaitingTermination  tasks.o
    0x20003c7c        -       0x00000004   Zero   RW         2512    .bss.xTickCount     tasks.o
    0x20003c80        -       0x00000004   Zero   RW         2588    .bss.xTimerQueue    timers.o
    0x20003c84        -       0x00000004   Zero   RW         2590    .bss.xTimerTaskHandle  timers.o
    0x20003c88        -       0x00000004   Zero   RW         2522    .bss.xYieldPending  tasks.o
    0x20003c8c   COMPRESSED   0x00000004   PAD
    0x20003c90        -       0x00000200   Zero   RW           17    HEAP                startup_stm32g474xx.o
    0x20003e90        -       0x00000400   Zero   RW           16    STACK               startup_stm32g474xx.o


==============================================================================

Image component sizes


      Code (inc. data)   RO Data    RW Data    ZI Data      Debug   Object Name

       796          0          0          0        220       8235   adc.o
        60          0         48          0          4       2669   app_freertos.o
       600         10         56         17          4       3908   axis.o
       466          0          0          0          1       6009   board.o
        32          0          0          0          0       1625   bsp_gpio_op.o
       314          0          0          0          0       5255   bsp_spi_op.o
       746          0          0          0       1724      35124   cmsis_os2.o
      1306         32          0        136          0       6714   drv_encoder.o
       360          8          0          0          0       1916   foc.o
       266          0          0          0          0       2390   gpio.o
      1084          0          0          0       3104       4404   heap_4.o
       296          0          0          0          0       2204   list.o
       302          0          0         12          4        991   low_level.o
       252          0          0          0          0       5388   main.o
      1154         16          0        240          0       9176   motor.o
      1128         16          0          4          5       3816   port.o
      2604          0          0          0         64      17218   queue.o
       224          0          0          0        100       5464   spi.o
        64         26        472          0       1536        832   startup_stm32g474xx.o
       152          0          0          8          4       9077   stm32g4xx_hal.o
      1766          0          0          0          0      22321   stm32g4xx_hal_adc.o
      4832          0          0          0          0      19642   stm32g4xx_hal_adc_ex.o
       380          0          0          0          0       9812   stm32g4xx_hal_cortex.o
       916          0          0          0          0       5284   stm32g4xx_hal_gpio.o
        84          0          0          0          0       3952   stm32g4xx_hal_msp.o
      6234          0          0          0          0      13624   stm32g4xx_hal_pcd.o
       180          0          0          0          0       5065   stm32g4xx_hal_pcd_ex.o
       454          0          0          0          0       7760   stm32g4xx_hal_pwr_ex.o
      3322          0          0          0          0       9491   stm32g4xx_hal_rcc.o
      1316          0          0          0          0      11678   stm32g4xx_hal_rcc_ex.o
       332          0          0          0          0      21522   stm32g4xx_hal_spi.o
      5066         22          0          0          0      37734   stm32g4xx_hal_tim.o
      1222          0          0          0          0      21692   stm32g4xx_hal_tim_ex.o
       212          0          0          0         76       8294   stm32g4xx_hal_timebase_tim.o
        70          0          0          0          0       1048   stm32g4xx_it.o
      7048          4          0          0          0      11212   stm32g4xx_ll_usb.o
        18          0         24          4          0       2673   system_stm32g4xx.o
      3918          0          5          0       1280      24068   tasks.o
       608          0          0          0         76       9577   tim.o
      1692         10         13          0        300      11546   timers.o
       118          0          0          0        720       3019   usb_device.o
      1622         12          0        267          0       9630   usbd_cdc.o
       302         36          0         20       4096       2581   usbd_cdc_if.o
      1384          4          0          0       1276      15607   usbd_conf.o
      1366          0          0          0          0       7208   usbd_core.o
      3136         46          0          0          1       8151   usbd_ctlreq.o
       572          0         66         80        512       3281   usbd_desc.o
       232          0          0          0          0       4063   usbd_ioreq.o
      1888         64       2052          0          0       3951   utils.o
       292          0          0          0       1026       1591   vofa.o

    ----------------------------------------------------------------------
     63120        306       2768        800      16144     449492   Object Totals
         0          0         32          0          0          0   (incl. Generated)
       332          0          0         12         11          0   (incl. Padding)

    ----------------------------------------------------------------------

      Code (inc. data)   RO Data    RW Data    ZI Data      Debug   Library Member Name

        90          0          0          0          0          0   __dczerorl2.o
         8          0          0          0          0         68   __main.o
         0          0          0          0          0          0   __rtentry.o
        12          0          0          0          0          0   __rtentry2.o
         6          0          0          0          0          0   __rtentry4.o
        52          8          0          0          0          0   __scatter.o
        28          0          0          0          0          0   __scatter_zi.o
        16          0          0          0          0         68   aeabi_memset4.o
        18          0          0          0          0         80   exit.o
         6          0          0          0          0        152   heapauxi.o
         0          0          0          0          0          0   indicate_semi.o
         2          0          0          0          0          0   libinit.o
         6          0          0          0          0          0   libinit2.o
         2          0          0          0          0          0   libshutdown.o
         2          0          0          0          0          0   libshutdown2.o
         8          4          0          0         96         68   libspace.o
        78          0          0          0          0         80   rt_memclr_w.o
       138          0          0          0          0         68   rt_memcpy_v6.o
       100          0          0          0          0         80   rt_memcpy_w.o
         2          0          0          0          0          0   rtexit.o
        10          0          0          0          0          0   rtexit2.o
        12          4          0          0          0         68   sys_exit.o
        74          0          0          0          0         80   sys_stackheap_outer.o
         2          0          0          0          0         68   use_no_semi.o
        98          4          0          0          0        140   d2f.o
       834         16          0          0          0        516   daddsub_clz.o
        84          0          0          0          0        244   dcmp.o
        24          0          0          0          0        116   dcmpi.o
       120          4          0          0          0        140   deqf.o
        46          0          0          0          0        116   dflt_clz.o
       120          4          0          0          0        140   dgeqf.o
       120          4          0          0          0        140   dleqf.o
       156          4          0          0          0        140   dnaninf.o
        12          0          0          0          0        116   dretinf.o
       108          0          0          0          0        128   drleqf.o
        86          4          0          0          0        132   f2d.o
       140          4          0          0          0        132   fnaninf.o
        26          0          0          0          0        116   fpinit.o
        10          0          0          0          0        116   fretinf.o
        96          4          0          0          0        124   frnd.o
         0          0          0          0          0          0   usenofp.o
       280         28          0          0          0        156   floor.o
        56          0          0          0          0        136   nearbyintf.o

    ----------------------------------------------------------------------
      3104         92          0          0         96       3728   Library Totals
        16          0          0          0          0          0   (incl. Padding)

    ----------------------------------------------------------------------

      Code (inc. data)   RO Data    RW Data    ZI Data      Debug   Library Name

       672         16          0          0         96        880   c_w.l
      2080         48          0          0          0       2556   fz_wm.l
       336         28          0          0          0        292   m_wm.l

    ----------------------------------------------------------------------
      3104         92          0          0         96       3728   Library Totals

    ----------------------------------------------------------------------

==============================================================================


      Code (inc. data)   RO Data    RW Data    ZI Data      Debug   

     66224        398       2768        800      16240     450096   Grand Totals
     66224        398       2768        336      16240     450096   ELF Image Totals (compressed)
     66224        398       2768        336          0          0   ROM Totals

==============================================================================

    Total RO  Size (Code + RO Data)                68992 (  67.38kB)
    Total RW  Size (RW Data + ZI Data)             17040 (  16.64kB)
    Total ROM Size (Code + RO Data + RW Data)      69328 (  67.70kB)

==============================================================================

