Component: Arm Compiler for Embedded 6.19 Tool: armlink [5e73cb00]

==============================================================================

Section Cross References

    startup_stm32g474xx.o(STACK) refers (Special) to heapauxi.o(.text) for __use_two_region_memory
    startup_stm32g474xx.o(HEAP) refers (Special) to heapauxi.o(.text) for __use_two_region_memory
    startup_stm32g474xx.o(RESET) refers (Special) to heapauxi.o(.text) for __use_two_region_memory
    startup_stm32g474xx.o(RESET) refers to startup_stm32g474xx.o(STACK) for __initial_sp
    startup_stm32g474xx.o(RESET) refers to startup_stm32g474xx.o(.text) for Reset_Handler
    startup_stm32g474xx.o(RESET) refers to stm32g4xx_it.o(.text.NMI_Handler) for NMI_Handler
    startup_stm32g474xx.o(RESET) refers to stm32g4xx_it.o(.text.HardFault_Handler) for HardFault_Handler
    startup_stm32g474xx.o(RESET) refers to stm32g4xx_it.o(.text.MemManage_Handler) for MemManage_Handler
    startup_stm32g474xx.o(RESET) refers to stm32g4xx_it.o(.text.BusFault_Handler) for BusFault_Handler
    startup_stm32g474xx.o(RESET) refers to stm32g4xx_it.o(.text.UsageFault_Handler) for UsageFault_Handler
    startup_stm32g474xx.o(RESET) refers to stm32g4xx_it.o(.text.SVC_Handler) for SVC_Handler
    startup_stm32g474xx.o(RESET) refers to stm32g4xx_it.o(.text.DebugMon_Handler) for DebugMon_Handler
    startup_stm32g474xx.o(RESET) refers to stm32g4xx_it.o(.text.PendSV_Handler) for PendSV_Handler
    startup_stm32g474xx.o(RESET) refers to stm32g4xx_it.o(.text.SysTick_Handler) for SysTick_Handler
    startup_stm32g474xx.o(RESET) refers to stm32g4xx_it.o(.text.USB_LP_IRQHandler) for USB_LP_IRQHandler
    startup_stm32g474xx.o(RESET) refers to stm32g4xx_it.o(.text.TIM1_UP_TIM16_IRQHandler) for TIM1_UP_TIM16_IRQHandler
    startup_stm32g474xx.o(.text) refers (Special) to heapauxi.o(.text) for __use_two_region_memory
    startup_stm32g474xx.o(.text) refers to system_stm32g4xx.o(.text.SystemInit) for SystemInit
    startup_stm32g474xx.o(.text) refers to __main.o(!!!main) for __main
    startup_stm32g474xx.o(.text) refers to startup_stm32g474xx.o(HEAP) for Heap_Mem
    startup_stm32g474xx.o(.text) refers to startup_stm32g474xx.o(STACK) for Stack_Mem
    main.o(.text.main) refers to stm32g4xx_hal.o(.text.HAL_Init) for HAL_Init
    main.o(.text.main) refers to main.o(.text.SystemClock_Config) for SystemClock_Config
    main.o(.text.main) refers to gpio.o(.text.MX_GPIO_Init) for MX_GPIO_Init
    main.o(.text.main) refers to spi.o(.text.MX_SPI1_Init) for MX_SPI1_Init
    main.o(.text.main) refers to tim.o(.text.MX_TIM1_Init) for MX_TIM1_Init
    main.o(.text.main) refers to usb_device.o(.text.MX_USB_Device_Init) for MX_USB_Device_Init
    main.o(.text.main) refers to adc.o(.text.MX_ADC1_Init) for MX_ADC1_Init
    main.o(.text.main) refers to adc.o(.text.MX_ADC2_Init) for MX_ADC2_Init
    main.o(.text.main) refers to low_level.o(.text.start_pwm_adc) for start_pwm_adc
    main.o(.text.main) refers to drv_encoder.o(.data.mt6825) for mt6825
    main.o(.text.main) refers to vofa.o(.text.vofa_start) for vofa_start
    main.o(.ARM.exidx.text.main) refers to main.o(.text.main) for [Anonymous Symbol]
    main.o(.text.SystemClock_Config) refers to rt_memclr_w.o(.text) for __aeabi_memclr4
    main.o(.text.SystemClock_Config) refers to stm32g4xx_hal_pwr_ex.o(.text.HAL_PWREx_ControlVoltageScaling) for HAL_PWREx_ControlVoltageScaling
    main.o(.text.SystemClock_Config) refers to stm32g4xx_hal_rcc.o(.text.HAL_RCC_OscConfig) for HAL_RCC_OscConfig
    main.o(.text.SystemClock_Config) refers to main.o(.text.Error_Handler) for Error_Handler
    main.o(.text.SystemClock_Config) refers to stm32g4xx_hal_rcc.o(.text.HAL_RCC_ClockConfig) for HAL_RCC_ClockConfig
    main.o(.ARM.exidx.text.SystemClock_Config) refers to main.o(.text.SystemClock_Config) for [Anonymous Symbol]
    main.o(.ARM.exidx.text.Error_Handler) refers to main.o(.text.Error_Handler) for [Anonymous Symbol]
    gpio.o(.text.MX_GPIO_Init) refers to stm32g4xx_hal_gpio.o(.text.HAL_GPIO_WritePin) for HAL_GPIO_WritePin
    gpio.o(.text.MX_GPIO_Init) refers to stm32g4xx_hal_gpio.o(.text.HAL_GPIO_Init) for HAL_GPIO_Init
    gpio.o(.ARM.exidx.text.MX_GPIO_Init) refers to gpio.o(.text.MX_GPIO_Init) for [Anonymous Symbol]
    adc.o(.text.MX_ADC1_Init) refers to rt_memclr_w.o(.text) for __aeabi_memclr4
    adc.o(.text.MX_ADC1_Init) refers to adc.o(.bss.hadc1) for hadc1
    adc.o(.text.MX_ADC1_Init) refers to stm32g4xx_hal_adc.o(.text.HAL_ADC_Init) for HAL_ADC_Init
    adc.o(.text.MX_ADC1_Init) refers to main.o(.text.Error_Handler) for Error_Handler
    adc.o(.text.MX_ADC1_Init) refers to stm32g4xx_hal_adc_ex.o(.text.HAL_ADCEx_MultiModeConfigChannel) for HAL_ADCEx_MultiModeConfigChannel
    adc.o(.text.MX_ADC1_Init) refers to stm32g4xx_hal_adc_ex.o(.text.HAL_ADCEx_InjectedConfigChannel) for HAL_ADCEx_InjectedConfigChannel
    adc.o(.ARM.exidx.text.MX_ADC1_Init) refers to adc.o(.text.MX_ADC1_Init) for [Anonymous Symbol]
[...]
    HRTIM1_TIMC_IRQHandler                   0x080002d3   Thumb Code     0  startup_stm32g474xx.o(.text)
    HRTIM1_TIMD_IRQHandler                   0x080002d3   Thumb Code     0  startup_stm32g474xx.o(.text)
    HRTIM1_TIME_IRQHandler                   0x080002d3   Thumb Code     0  startup_stm32g474xx.o(.text)
    HRTIM1_TIMF_IRQHandler                   0x080002d3   Thumb Code     0  startup_stm32g474xx.o(.text)
    I2C1_ER_IRQHandler                       0x080002d3   Thumb Code     0  startup_stm32g474xx.o(.text)
    I2C1_EV_IRQHandler                       0x080002d3   Thumb Code     0  startup_stm32g474xx.o(.text)
    I2C2_ER_IRQHandler                       0x080002d3   Thumb Code     0  startup_stm32g474xx.o(.text)
    I2C2_EV_IRQHandler                       0x080002d3   Thumb Code     0  startup_stm32g474xx.o(.text)
    I2C3_ER_IRQHandler                       0x080002d3   Thumb Code     0  startup_stm32g474xx.o(.text)
    I2C3_EV_IRQHandler                       0x080002d3   Thumb Code     0  startup_stm32g474xx.o(.text)
    I2C4_ER_IRQHandler                       0x080002d3   Thumb Code     0  startup_stm32g474xx.o(.text)
    I2C4_EV_IRQHandler                       0x080002d3   Thumb Code     0  startup_stm32g474xx.o(.text)
    LPTIM1_IRQHandler                        0x080002d3   Thumb Code     0  startup_stm32g474xx.o(.text)
    LPUART1_IRQHandler                       0x080002d3   Thumb Code     0  startup_stm32g474xx.o(.text)
    PVD_PVM_IRQHandler                       0x080002d3   Thumb Code     0  startup_stm32g474xx.o(.text)
    QUADSPI_IRQHandler                       0x080002d3   Thumb Code     0  startup_stm32g474xx.o(.text)
    RCC_IRQHandler                           0x080002d3   Thumb Code     0  startup_stm32g474xx.o(.text)
    RNG_IRQHandler                           0x080002d3   Thumb Code     0  startup_stm32g474xx.o(.text)
    RTC_Alarm_IRQHandler                     0x080002d3   Thumb Code     0  startup_stm32g474xx.o(.text)
    RTC_TAMP_LSECSS_IRQHandler               0x080002d3   Thumb Code     0  startup_stm32g474xx.o(.text)
    RTC_WKUP_IRQHandler                      0x080002d3   Thumb Code     0  startup_stm32g474xx.o(.text)
    SAI1_IRQHandler                          0x080002d3   Thumb Code     0  startup_stm32g474xx.o(.text)
    SPI1_IRQHandler                          0x080002d3   Thumb Code     0  startup_stm32g474xx.o(.text)
    SPI2_IRQHandler                          0x080002d3   Thumb Code     0  startup_stm32g474xx.o(.text)
    SPI3_IRQHandler                          0x080002d3   Thumb Code     0  startup_stm32g474xx.o(.text)
    SPI4_IRQHandler                          0x080002d3   Thumb Code     0  startup_stm32g474xx.o(.text)
    TIM1_BRK_TIM15_IRQHandler                0x080002d3   Thumb Code     0  startup_stm32g474xx.o(.text)
    TIM1_CC_IRQHandler                       0x080002d3   Thumb Code     0  startup_stm32g474xx.o(.text)
    TIM1_TRG_COM_TIM17_IRQHandler            0x080002d3   Thumb Code     0  startup_stm32g474xx.o(.text)
    TIM20_BRK_IRQHandler                     0x080002d3   Thumb Code     0  startup_stm32g474xx.o(.text)
    TIM20_CC_IRQHandler                      0x080002d3   Thumb Code     0  startup_stm32g474xx.o(.text)
    TIM20_TRG_COM_IRQHandler                 0x080002d3   Thumb Code     0  startup_stm32g474xx.o(.text)
    TIM20_UP_IRQHandler                      0x080002d3   Thumb Code     0  startup_stm32g474xx.o(.text)
    TIM2_IRQHandler                          0x080002d3   Thumb Code     0  startup_stm32g474xx.o(.text)
    TIM3_IRQHandler                          0x080002d3   Thumb Code     0  startup_stm32g474xx.o(.text)
    TIM4_IRQHandler                          0x080002d3   Thumb Code     0  startup_stm32g474xx.o(.text)
    TIM5_IRQHandler                          0x080002d3   Thumb Code     0  startup_stm32g474xx.o(.text)
    TIM6_DAC_IRQHandler                      0x080002d3   Thumb Code     0  startup_stm32g474xx.o(.text)
    TIM7_DAC_IRQHandler                      0x080002d3   Thumb Code     0  startup_stm32g474xx.o(.text)
    TIM8_BRK_IRQHandler                      0x080002d3   Thumb Code     0  startup_stm32g474xx.o(.text)
    TIM8_CC_IRQHandler                       0x080002d3   Thumb Code     0  startup_stm32g474xx.o(.text)
    TIM8_TRG_COM_IRQHandler                  0x080002d3   Thumb Code     0  startup_stm32g474xx.o(.text)
    TIM8_UP_IRQHandler                       0x080002d3   Thumb Code     0  startup_stm32g474xx.o(.text)
    UART4_IRQHandler                         0x080002d3   Thumb Code     0  startup_stm32g474xx.o(.text)
    UART5_IRQHandler                         0x080002d3   Thumb Code     0  startup_stm32g474xx.o(.text)
    UCPD1_IRQHandler                         0x080002d3   Thumb Code     0  startup_stm32g474xx.o(.text)
    USART1_IRQHandler                        0x080002d3   Thumb Code     0  startup_stm32g474xx.o(.text)
    USART2_IRQHandler                        0x080002d3   Thumb Code     0  startup_stm32g474xx.o(.text)
    USART3_IRQHandler                        0x080002d3   Thumb Code     0  startup_stm32g474xx.o(.text)
    USBWakeUp_IRQHandler                     0x080002d3   Thumb Code     0  startup_stm32g474xx.o(.text)
    USB_HP_IRQHandler                        0x080002d3   Thumb Code     0  startup_stm32g474xx.o(.text)
    WWDG_IRQHandler                          0x080002d3   Thumb Code     0  startup_stm32g474xx.o(.text)
    __user_initial_stackheap                 0x080002d5   Thumb Code     0  startup_stm32g474xx.o(.text)
    __aeabi_memclr4                          0x080002f9   Thumb Code     0  rt_memclr_w.o(.text)
    __aeabi_memclr8                          0x080002f9   Thumb Code     0  rt_memclr_w.o(.text)
    __rt_memclr_w                            0x080002f9   Thumb Code     0  rt_memclr_w.o(.text)
    _memset_w                                0x080002fd   Thumb Code    74  rt_memclr_w.o(.text)
    __use_two_region_memory                  0x08000347   Thumb Code     2  heapauxi.o(.text)
    __rt_heap_escrow$2region                 0x08000349   Thumb Code     2  heapauxi.o(.text)
    __rt_heap_expand$2region                 0x0800034b   Thumb Code     2  heapauxi.o(.text)
    __user_libspace                          0x0800034d   Thumb Code     8  libspace.o(.text)
    __user_perproc_libspace                  0x0800034d   Thumb Code     0  libspace.o(.text)
    __user_perthread_libspace                0x0800034d   Thumb Code     0  libspace.o(.text)
    __user_setup_stackheap                   0x08000355   Thumb Code    74  sys_stackheap_outer.o(.text)
    exit                                     0x0800039f   Thumb Code    18  exit.o(.text)
    _sys_exit                                0x080003b1   Thumb Code     8  sys_exit.o(.text)
    __I$use$semihosting                      0x080003bd   Thumb Code     0  use_no_semi.o(.text)
    __use_no_semihosting_swi                 0x080003bd   Thumb Code     2  use_no_semi.o(.text)
    __semihosting_library_function           0x080003bf   Thumb Code     0  indicate_semi.o(.text)
    ADC_Enable                               0x080003c1   Thumb Code   332  stm32g4xx_hal_adc.o(.text.ADC_Enable)
    BusFault_Handler                         0x0800050d   Thumb Code     4  stm32g4xx_it.o(.text.BusFault_Handler)
    CDC_Transmit_FS                          0x080005e1   Thumb Code    96  usbd_cdc_if.o(.text.CDC_Transmit_FS)
    DebugMon_Handler                         0x08000641   Thumb Code     2  stm32g4xx_it.o(.text.DebugMon_Handler)
    Error_Handler                            0x08000645   Thumb Code    14  main.o(.text.Error_Handler)
    HAL_ADCEx_InjectedConfigChannel          0x080006b1   Thumb Code  2762  stm32g4xx_hal_adc_ex.o(.text.HAL_ADCEx_InjectedConfigChannel)
    HAL_ADCEx_InjectedStart                  0x0800117d   Thumb Code   546  stm32g4xx_hal_adc_ex.o(.text.HAL_ADCEx_InjectedStart)
    HAL_ADCEx_MultiModeConfigChannel         0x080013a1   Thumb Code   754  stm32g4xx_hal_adc_ex.o(.text.HAL_ADCEx_MultiModeConfigChannel)
    HAL_ADC_Init                             0x08001695   Thumb Code   990  stm32g4xx_hal_adc.o(.text.HAL_ADC_Init)
    HAL_ADC_MspInit                          0x08001a75   Thumb Code   338  adc.o(.text.HAL_ADC_MspInit)
    HAL_Delay                                0x08001bc9   Thumb Code    66  stm32g4xx_hal.o(.text.HAL_Delay)
    HAL_GPIO_Init                            0x08001c0d   Thumb Code   872  stm32g4xx_hal_gpio.o(.text.HAL_GPIO_Init)
    HAL_GPIO_WritePin                        0x08001f75   Thumb Code    44  stm32g4xx_hal_gpio.o(.text.HAL_GPIO_WritePin)
    HAL_GetTick                              0x08001fa1   Thumb Code    12  stm32g4xx_hal.o(.text.HAL_GetTick)
    HAL_IncTick                              0x08001fad   Thumb Code    26  stm32g4xx_hal.o(.text.HAL_IncTick)
    HAL_Init                                 0x08001fc9   Thumb Code    48  stm32g4xx_hal.o(.text.HAL_Init)
    HAL_InitTick                             0x08001ff9   Thumb Code   136  stm32g4xx_hal.o(.text.HAL_InitTick)
    HAL_MspInit                              0x08002081   Thumb Code    72  stm32g4xx_hal_msp.o(.text.HAL_MspInit)
    HAL_NVIC_EnableIRQ                       0x080020c9   Thumb Code    20  stm32g4xx_hal_cortex.o(.text.HAL_NVIC_EnableIRQ)
    HAL_NVIC_SetPriority                     0x080020dd   Thumb Code    46  stm32g4xx_hal_cortex.o(.text.HAL_NVIC_SetPriority)
    HAL_NVIC_SetPriorityGrouping             0x0800210d   Thumb Code    16  stm32g4xx_hal_cortex.o(.text.HAL_NVIC_SetPriorityGrouping)
    HAL_PCDEx_ActivateLPM                    0x0800211d   Thumb Code    58  stm32g4xx_hal_pcd_ex.o(.text.HAL_PCDEx_ActivateLPM)
    HAL_PCDEx_LPM_Callback                   0x08002159   Thumb Code   114  usbd_conf.o(.text.HAL_PCDEx_LPM_Callback)
    HAL_PCDEx_PMAConfig                      0x080021cd   Thumb Code   122  stm32g4xx_hal_pcd_ex.o(.text.HAL_PCDEx_PMAConfig)
    HAL_PCD_DataInStageCallback              0x08002249   Thumb Code    38  usbd_conf.o(.text.HAL_PCD_DataInStageCallback)
    HAL_PCD_DataOutStageCallback             0x08002271   Thumb Code    40  usbd_conf.o(.text.HAL_PCD_DataOutStageCallback)
    HAL_PCD_EP_Close                         0x08002299   Thumb Code   168  stm32g4xx_hal_pcd.o(.text.HAL_PCD_EP_Close)
    HAL_PCD_EP_ClrStall                      0x08002341   Thumb Code   200  stm32g4xx_hal_pcd.o(.text.HAL_PCD_EP_ClrStall)
    HAL_PCD_EP_GetRxCount                    0x08002d49   Thumb Code    34  stm32g4xx_hal_pcd.o(.text.HAL_PCD_EP_GetRxCount)
    HAL_PCD_EP_Open                          0x08002d6d   Thumb Code   218  stm32g4xx_hal_pcd.o(.text.HAL_PCD_EP_Open)
    HAL_PCD_EP_Receive                       0x08002e49   Thumb Code    90  stm32g4xx_hal_pcd.o(.text.HAL_PCD_EP_Receive)
    HAL_PCD_EP_SetStall                      0x08002ea5   Thumb Code   196  stm32g4xx_hal_pcd.o(.text.HAL_PCD_EP_SetStall)
    HAL_PCD_EP_Transmit                      0x08002f69   Thumb Code   102  stm32g4xx_hal_pcd.o(.text.HAL_PCD_EP_Transmit)
    HAL_PCD_IRQHandler                       0x08002fd1   Thumb Code   488  stm32g4xx_hal_pcd.o(.text.HAL_PCD_IRQHandler)
    HAL_PCD_Init                             0x080031b9   Thumb Code   404  stm32g4xx_hal_pcd.o(.text.HAL_PCD_Init)
    HAL_PCD_MspInit                          0x0800334d   Thumb Code   112  usbd_conf.o(.text.HAL_PCD_MspInit)
    HAL_PCD_ResetCallback                    0x080033bd   Thumb Code    56  usbd_conf.o(.text.HAL_PCD_ResetCallback)
    HAL_PCD_ResumeCallback                   0x080033f5   Thumb Code    50  usbd_conf.o(.text.HAL_PCD_ResumeCallback)
    HAL_PCD_SOFCallback                      0x08003429   Thumb Code    20  usbd_conf.o(.text.HAL_PCD_SOFCallback)
    HAL_PCD_SetAddress                       0x0800343d   Thumb Code    92  stm32g4xx_hal_pcd.o(.text.HAL_PCD_SetAddress)
    HAL_PCD_SetupStageCallback               0x08003499   Thumb Code    24  usbd_conf.o(.text.HAL_PCD_SetupStageCallback)
    HAL_PCD_Start                            0x080034b1   Thumb Code    84  stm32g4xx_hal_pcd.o(.text.HAL_PCD_Start)
    HAL_PCD_SuspendCallback                  0x08003505   Thumb Code    46  usbd_conf.o(.text.HAL_PCD_SuspendCallback)
    HAL_PWREx_ControlVoltageScaling          0x08003535   Thumb Code   436  stm32g4xx_hal_pwr_ex.o(.text.HAL_PWREx_ControlVoltageScaling)
    HAL_PWREx_DisableUCPDDeadBattery         0x080036e9   Thumb Code    18  stm32g4xx_hal_pwr_ex.o(.text.HAL_PWREx_DisableUCPDDeadBattery)
    HAL_RCCEx_PeriphCLKConfig                0x080036fd   Thumb Code  1316  stm32g4xx_hal_rcc_ex.o(.text.HAL_RCCEx_PeriphCLKConfig)
    HAL_RCC_ClockConfig                      0x08003c21   Thumb Code   806  stm32g4xx_hal_rcc.o(.text.HAL_RCC_ClockConfig)
    HAL_RCC_GetSysClockFreq                  0x08003f49   Thumb Code   252  stm32g4xx_hal_rcc.o(.text.HAL_RCC_GetSysClockFreq)
    HAL_RCC_OscConfig                        0x08004045   Thumb Code  1974  stm32g4xx_hal_rcc.o(.text.HAL_RCC_OscConfig)
    HAL_SPI_Init                             0x080047fd   Thumb Code   332  stm32g4xx_hal_spi.o(.text.HAL_SPI_Init)
    HAL_SPI_MspInit                          0x08004949   Thumb Code   134  spi.o(.text.HAL_SPI_MspInit)
    HAL_SYSTICK_Config                       0x080049d1   Thumb Code    16  stm32g4xx_hal_cortex.o(.text.HAL_SYSTICK_Config)
    HAL_TIMEx_Break2Callback                 0x080049e1   Thumb Code     8  stm32g4xx_hal_tim_ex.o(.text.HAL_TIMEx_Break2Callback)
    HAL_TIMEx_BreakCallback                  0x080049e9   Thumb Code     8  stm32g4xx_hal_tim_ex.o(.text.HAL_TIMEx_BreakCallback)
    HAL_TIMEx_CommutCallback                 0x080049f1   Thumb Code     8  stm32g4xx_hal_tim_ex.o(.text.HAL_TIMEx_CommutCallback)
    HAL_TIMEx_ConfigBreakDeadTime            0x080049f9   Thumb Code   322  stm32g4xx_hal_tim_ex.o(.text.HAL_TIMEx_ConfigBreakDeadTime)
    HAL_TIMEx_DirectionChangeCallback        0x08004b3d   Thumb Code     8  stm32g4xx_hal_tim_ex.o(.text.HAL_TIMEx_DirectionChangeCallback)
    HAL_TIMEx_EncoderIndexCallback           0x08004b45   Thumb Code     8  stm32g4xx_hal_tim_ex.o(.text.HAL_TIMEx_EncoderIndexCallback)
    HAL_TIMEx_IndexErrorCallback             0x08004b4d   Thumb Code     8  stm32g4xx_hal_tim_ex.o(.text.HAL_TIMEx_IndexErrorCallback)
    HAL_TIMEx_MasterConfigSynchronization    0x08004b55   Thumb Code   372  stm32g4xx_hal_tim_ex.o(.text.HAL_TIMEx_MasterConfigSynchronization)
    HAL_TIMEx_PWMN_Start                     0x08004cc9   Thumb Code   418  stm32g4xx_hal_tim_ex.o(.text.HAL_TIMEx_PWMN_Start)
    HAL_TIMEx_TransitionErrorCallback        0x08004e6d   Thumb Code     8  stm32g4xx_hal_tim_ex.o(.text.HAL_TIMEx_TransitionErrorCallback)
    HAL_TIM_IC_CaptureCallback               0x08004e75   Thumb Code     8  stm32g4xx_hal_tim.o(.text.HAL_TIM_IC_CaptureCallback)
    HAL_TIM_IRQHandler                       0x08004e7d   Thumb Code   768  stm32g4xx_hal_tim.o(.text.HAL_TIM_IRQHandler)
    HAL_TIM_MspPostInit                      0x0800517d   Thumb Code   208  tim.o(.text.HAL_TIM_MspPostInit)
    HAL_TIM_OC_DelayElapsedCallback          0x0800524d   Thumb Code     8  stm32g4xx_hal_tim.o(.text.HAL_TIM_OC_DelayElapsedCallback)
    HAL_TIM_PWM_ConfigChannel                0x08005255   Thumb Code   432  stm32g4xx_hal_tim.o(.text.HAL_TIM_PWM_ConfigChannel)
    HAL_TIM_PWM_Init                         0x08005405   Thumb Code   168  stm32g4xx_hal_tim.o(.text.HAL_TIM_PWM_Init)
    HAL_TIM_PWM_MspInit                      0x080054ad   Thumb Code    78  tim.o(.text.HAL_TIM_PWM_MspInit)
    HAL_TIM_PWM_PulseFinishedCallback        0x080054fd   Thumb Code     8  stm32g4xx_hal_tim.o(.text.HAL_TIM_PWM_PulseFinishedCallback)
    HAL_TIM_PWM_Start                        0x08005505   Thumb Code   664  stm32g4xx_hal_tim.o(.text.HAL_TIM_PWM_Start)
    HAL_TIM_PeriodElapsedCallback            0x0800579d   Thumb Code   100  board.o(.text.HAL_TIM_PeriodElapsedCallback)
    HAL_TIM_TriggerCallback                  0x08005801   Thumb Code     8  stm32g4xx_hal_tim.o(.text.HAL_TIM_TriggerCallback)
    HardFault_Handler                        0x08005809   Thumb Code     4  stm32g4xx_it.o(.text.HardFault_Handler)
    MX_ADC1_Init                             0x08005ba1   Thumb Code   282  adc.o(.text.MX_ADC1_Init)
    MX_ADC2_Init                             0x08005cbd   Thumb Code   176  adc.o(.text.MX_ADC2_Init)
    MX_GPIO_Init                             0x08005d6d   Thumb Code   266  gpio.o(.text.MX_GPIO_Init)
    MX_SPI1_Init                             0x08005e79   Thumb Code    90  spi.o(.text.MX_SPI1_Init)
    MX_TIM1_Init                             0x08005ed5   Thumb Code   320  tim.o(.text.MX_TIM1_Init)
    MX_USB_Device_Init                       0x08006015   Thumb Code   118  usb_device.o(.text.MX_USB_Device_Init)
    MemManage_Handler                        0x0800608d   Thumb Code     4  stm32g4xx_it.o(.text.MemManage_Handler)
    NMI_Handler                              0x08006091   Thumb Code     4  stm32g4xx_it.o(.text.NMI_Handler)
    PendSV_Handler                           0x08006801   Thumb Code     2  stm32g4xx_it.o(.text.PendSV_Handler)
    SVC_Handler                              0x080068a1   Thumb Code     2  stm32g4xx_it.o(.text.SVC_Handler)
    SysTick_Handler                          0x08006931   Thumb Code     8  stm32g4xx_it.o(.text.SysTick_Handler)
    SystemClock_Config                       0x08006941   Thumb Code   120  main.o(.text.SystemClock_Config)
    SystemInit                               0x080069b9   Thumb Code    18  system_stm32g4xx.o(.text.SystemInit)
    TIM1_UP_TIM16_IRQHandler                 0x080069cd   Thumb Code    16  stm32g4xx_it.o(.text.TIM1_UP_TIM16_IRQHandler)
    TIM_Base_SetConfig                       0x080069dd   Thumb Code   486  stm32g4xx_hal_tim.o(.text.TIM_Base_SetConfig)
    TIM_CCxChannelCmd                        0x08006bc5   Thumb Code    54  stm32g4xx_hal_tim.o(.text.TIM_CCxChannelCmd)
    TIM_OC2_SetConfig                        0x08006da9   Thumb Code   400  stm32g4xx_hal_tim.o(.text.TIM_OC2_SetConfig)
    USBD_CDC_ConfigStrDescriptor             0x08007421   Thumb Code    78  usbd_desc.o(.text.USBD_CDC_ConfigStrDescriptor)
    USBD_CDC_DeviceDescriptor                0x080075fd   Thumb Code    26  usbd_desc.o(.text.USBD_CDC_DeviceDescriptor)
    USBD_CDC_GetDeviceQualifierDescriptor    0x08007679   Thumb Code    22  usbd_cdc.o(.text.USBD_CDC_GetDeviceQualifierDescriptor)
    USBD_CDC_InterfaceStrDescriptor          0x080077e9   Thumb Code    78  usbd_desc.o(.text.USBD_CDC_InterfaceStrDescriptor)
    USBD_CDC_LangIDStrDescriptor             0x08007839   Thumb Code    26  usbd_desc.o(.text.USBD_CDC_LangIDStrDescriptor)
    USBD_CDC_ManufacturerStrDescriptor       0x08007855   Thumb Code    40  usbd_desc.o(.text.USBD_CDC_ManufacturerStrDescriptor)
    USBD_CDC_ProductStrDescriptor            0x0800787d   Thumb Code    78  usbd_desc.o(.text.USBD_CDC_ProductStrDescriptor)
    USBD_CDC_ReceivePacket                   0x080078cd   Thumb Code    94  usbd_cdc.o(.text.USBD_CDC_ReceivePacket)
    USBD_CDC_RegisterInterface               0x0800792d   Thumb Code    44  usbd_cdc.o(.text.USBD_CDC_RegisterInterface)
    USBD_CDC_SerialStrDescriptor             0x08007959   Thumb Code    32  usbd_desc.o(.text.USBD_CDC_SerialStrDescriptor)
    USBD_CDC_SetRxBuffer                     0x08007979   Thumb Code    52  usbd_cdc.o(.text.USBD_CDC_SetRxBuffer)
    USBD_CDC_SetTxBuffer                     0x080079ad   Thumb Code    62  usbd_cdc.o(.text.USBD_CDC_SetTxBuffer)
    USBD_CDC_TransmitPacket                  0x08007b89   Thumb Code   110  usbd_cdc.o(.text.USBD_CDC_TransmitPacket)
    USBD_ClrClassConfig                      0x08007bf9   Thumb Code    42  usbd_core.o(.text.USBD_ClrClassConfig)
    USBD_CtlContinueRx                       0x08007c65   Thumb Code    30  usbd_ioreq.o(.text.USBD_CtlContinueRx)
    USBD_CtlContinueSendData                 0x08007c85   Thumb Code    30  usbd_ioreq.o(.text.USBD_CtlContinueSendData)
    USBD_CtlError                            0x08007ca5   Thumb Code    28  usbd_ctlreq.o(.text.USBD_CtlError)
    USBD_CtlPrepareRx                        0x08007cc1   Thumb Code    54  usbd_ioreq.o(.text.USBD_CtlPrepareRx)
    USBD_CtlReceiveStatus                    0x08007cf9   Thumb Code    34  usbd_ioreq.o(.text.USBD_CtlReceiveStatus)
    USBD_CtlSendData                         0x08007d1d   Thumb Code    50  usbd_ioreq.o(.text.USBD_CtlSendData)
    USBD_CtlSendStatus                       0x08007d51   Thumb Code    34  usbd_ioreq.o(.text.USBD_CtlSendStatus)
    USBD_GetString                           0x08008191   Thumb Code   152  usbd_ctlreq.o(.text.USBD_GetString)
    USBD_Init                                0x0800827d   Thumb Code   106  usbd_core.o(.text.USBD_Init)
    USBD_LL_ClearStallEP                     0x080082e9   Thumb Code    58  usbd_conf.o(.text.USBD_LL_ClearStallEP)
    USBD_LL_CloseEP                          0x08008325   Thumb Code    58  usbd_conf.o(.text.USBD_LL_CloseEP)
    USBD_LL_DataInStage                      0x08008361   Thumb Code   332  usbd_core.o(.text.USBD_LL_DataInStage)
    USBD_LL_DataOutStage                     0x080084ad   Thumb Code   246  usbd_core.o(.text.USBD_LL_DataOutStage)
    USBD_LL_GetRxDataSize                    0x080085a5   Thumb Code    28  usbd_conf.o(.text.USBD_LL_GetRxDataSize)
    USBD_LL_Init                             0x080085c1   Thumb Code   164  usbd_conf.o(.text.USBD_LL_Init)
    USBD_LL_IsStallEP                        0x08008665   Thumb Code    90  usbd_conf.o(.text.USBD_LL_IsStallEP)
    USBD_LL_OpenEP                           0x080086c1   Thumb Code    74  usbd_conf.o(.text.USBD_LL_OpenEP)
    USBD_LL_PrepareReceive                   0x0800870d   Thumb Code    66  usbd_conf.o(.text.USBD_LL_PrepareReceive)
    USBD_LL_Reset                            0x08008751   Thumb Code   160  usbd_core.o(.text.USBD_LL_Reset)
    USBD_LL_Resume                           0x080087f1   Thumb Code    36  usbd_core.o(.text.USBD_LL_Resume)
    USBD_LL_SOF                              0x08008815   Thumb Code    78  usbd_core.o(.text.USBD_LL_SOF)
    USBD_LL_SetSpeed                         0x08008865   Thumb Code    22  usbd_core.o(.text.USBD_LL_SetSpeed)
    USBD_LL_SetUSBAddress                    0x0800887d   Thumb Code    58  usbd_conf.o(.text.USBD_LL_SetUSBAddress)
    USBD_LL_SetupStage                       0x080088b9   Thumb Code   148  usbd_core.o(.text.USBD_LL_SetupStage)
    USBD_LL_StallEP                          0x0800894d   Thumb Code    58  usbd_conf.o(.text.USBD_LL_StallEP)
    USBD_LL_Start                            0x08008989   Thumb Code    50  usbd_conf.o(.text.USBD_LL_Start)
    USBD_LL_Suspend                          0x080089bd   Thumb Code    30  usbd_core.o(.text.USBD_LL_Suspend)
    USBD_LL_Transmit                         0x080089dd   Thumb Code    66  usbd_conf.o(.text.USBD_LL_Transmit)
    USBD_ParseSetupRequest                   0x08008a21   Thumb Code    98  usbd_ctlreq.o(.text.USBD_ParseSetupRequest)
    USBD_RegisterClass                       0x08008a85   Thumb Code    86  usbd_core.o(.text.USBD_RegisterClass)
    USBD_RunTestMode                         0x08008add   Thumb Code    10  usbd_core.o(.text.USBD_RunTestMode)
    USBD_SetClassConfig                      0x08008b75   Thumb Code    54  usbd_core.o(.text.USBD_SetClassConfig)
    USBD_Start                               0x08008d4d   Thumb Code    16  usbd_core.o(.text.USBD_Start)
    USBD_StdDevReq                           0x08008d5d   Thumb Code   196  usbd_ctlreq.o(.text.USBD_StdDevReq)
    USBD_StdEPReq                            0x08008e21   Thumb Code   792  usbd_ctlreq.o(.text.USBD_StdEPReq)
    USBD_StdItfReq                           0x08009139   Thumb Code   154  usbd_ctlreq.o(.text.USBD_StdItfReq)
    USBD_static_free                         0x080091d5   Thumb Code     8  usbd_conf.o(.text.USBD_static_free)
    USBD_static_malloc                       0x080091dd   Thumb Code    16  usbd_conf.o(.text.USBD_static_malloc)
    USB_ActivateEndpoint                     0x080091ed   Thumb Code  1686  stm32g4xx_ll_usb.o(.text.USB_ActivateEndpoint)
    USB_DeactivateEndpoint                   0x08009885   Thumb Code   864  stm32g4xx_ll_usb.o(.text.USB_DeactivateEndpoint)
    USB_DevConnect                           0x08009be5   Thumb Code    24  stm32g4xx_ll_usb.o(.text.USB_DevConnect)
    USB_DevInit                              0x08009bfd   Thumb Code    40  stm32g4xx_ll_usb.o(.text.USB_DevInit)
    USB_DisableGlobalInt                     0x08009c25   Thumb Code    30  stm32g4xx_ll_usb.o(.text.USB_DisableGlobalInt)
    USB_EPClearStall                         0x08009c45   Thumb Code   328  stm32g4xx_ll_usb.o(.text.USB_EPClearStall)
    USB_EPSetStall                           0x08009d8d   Thumb Code   136  stm32g4xx_ll_usb.o(.text.USB_EPSetStall)
    USB_EPStartXfer                          0x08009e15   Thumb Code  3606  stm32g4xx_ll_usb.o(.text.USB_EPStartXfer)
    USB_EnableGlobalInt                      0x0800ac2d   Thumb Code    30  stm32g4xx_ll_usb.o(.text.USB_EnableGlobalInt)
    USB_LP_IRQHandler                        0x0800ac4d   Thumb Code    16  stm32g4xx_it.o(.text.USB_LP_IRQHandler)
    USB_ReadInterrupts                       0x0800ac5d   Thumb Code    18  stm32g4xx_ll_usb.o(.text.USB_ReadInterrupts)
    USB_ReadPMA                              0x0800ac71   Thumb Code   132  stm32g4xx_ll_usb.o(.text.USB_ReadPMA)
    USB_SetDevAddress                        0x0800acf5   Thumb Code    32  stm32g4xx_ll_usb.o(.text.USB_SetDevAddress)
    USB_WritePMA                             0x0800ad15   Thumb Code   122  stm32g4xx_ll_usb.o(.text.USB_WritePMA)
    UsageFault_Handler                       0x0800ad91   Thumb Code     4  stm32g4xx_it.o(.text.UsageFault_Handler)
    fast_cos_f32                             0x0800ae55   Thumb Code   264  utils.o(.text.fast_cos_f32)
    fast_sin_f32                             0x0800af5d   Thumb Code   256  utils.o(.text.fast_sin_f32)
    fetch_and_reset_adcs                     0x0800b05d   Thumb Code   230  board.o(.text.fetch_and_reset_adcs)
    fmodf_pos                                0x0800b145   Thumb Code    70  utils.o(.text.fmodf_pos)
    foc_clarke_transform                     0x0800b18d   Thumb Code    44  foc.o(.text.foc_clarke_transform)
    foc_inverse_clarke                       0x0800b1b9   Thumb Code    80  foc.o(.text.foc_inverse_clarke)
    foc_inverse_park                         0x0800b209   Thumb Code    76  foc.o(.text.foc_inverse_park)
    foc_park_transform                       0x0800b255   Thumb Code    76  foc.o(.text.foc_park_transform)
    foc_sin_cos_cal                          0x0800b2a1   Thumb Code    42  foc.o(.text.foc_sin_cos_cal)
    foc_update                               0x0800b2cd   Thumb Code    42  foc.o(.text.foc_update)
    gpio_op_write                            0x0800b2f9   Thumb Code    32  bsp_gpio_op.o(.text.gpio_op_write)
    main                                     0x0800b319   Thumb Code    72  main.o(.text.main)
    mod                                      0x0800b361   Thumb Code    46  utils.o(.text.mod)
    spi_op_transmit_receive                  0x0800bd91   Thumb Code   232  bsp_spi_op.o(.text.spi_op_transmit_receive)
    start_pwm_adc                            0x0800be79   Thumb Code   188  low_level.o(.text.start_pwm_adc)
    svm                                      0x0800bf35   Thumb Code  1168  utils.o(.text.svm)
    vbus_sense_adc_cb                        0x0800c3c5   Thumb Code   100  low_level.o(.text.vbus_sense_adc_cb)
    vofa_send_data                           0x0800c429   Thumb Code    94  vofa.o(.text.vofa_send_data)
    vofa_sendframetail                       0x0800c489   Thumb Code    82  vofa.o(.text.vofa_sendframetail)
    vofa_start                               0x0800c4dd   Thumb Code    48  vofa.o(.text.vofa_start)
    vofa_transmit                            0x0800c50d   Thumb Code    24  vofa.o(.text.vofa_transmit)
    wrap_pm                                  0x0800c525   Thumb Code    56  utils.o(.text.wrap_pm)
    wrap_pm_pi                               0x0800c55d   Thumb Code    28  utils.o(.text.wrap_pm_pi)
    __hardfp_floor                           0x0800c579   Thumb Code   252  floor.o(i.__hardfp_floor)
    __hardfp_nearbyintf                      0x0800c691   Thumb Code    56  nearbyintf.o(i.__hardfp_nearbyintf)
    __aeabi_d2f                              0x0800c6c9   Thumb Code     0  d2f.o(x$fpl$d2f)
    _d2f                                     0x0800c6c9   Thumb Code    98  d2f.o(x$fpl$d2f)
    __aeabi_dadd                             0x0800c72d   Thumb Code     0  daddsub_clz.o(x$fpl$dadd)
    _dadd                                    0x0800c72d   Thumb Code   332  daddsub_clz.o(x$fpl$dadd)
    __fpl_dcmp_Inf                           0x0800c87d   Thumb Code    24  dcmpi.o(x$fpl$dcmpinf)
    __aeabi_cdcmpeq                          0x0800c895   Thumb Code     0  deqf.o(x$fpl$deqf)
    _dcmpeq                                  0x0800c895   Thumb Code   120  deqf.o(x$fpl$deqf)
    __aeabi_i2d                              0x0800c90d   Thumb Code     0  dflt_clz.o(x$fpl$dflt)
    _dflt                                    0x0800c90d   Thumb Code    46  dflt_clz.o(x$fpl$dflt)
    __aeabi_cdcmpge                          0x0800c93d   Thumb Code     0  dgeqf.o(x$fpl$dgeqf)
    _dcmpge                                  0x0800c93d   Thumb Code   120  dgeqf.o(x$fpl$dgeqf)
    __aeabi_cdcmple                          0x0800c9b5   Thumb Code     0  dleqf.o(x$fpl$dleqf)
    _dcmple                                  0x0800c9b5   Thumb Code   120  dleqf.o(x$fpl$dleqf)
    __fpl_dcmple_InfNaN                      0x0800ca17   Thumb Code     0  dleqf.o(x$fpl$dleqf)
    __fpl_dnaninf                            0x0800ca2d   Thumb Code   156  dnaninf.o(x$fpl$dnaninf)
    __fpl_dretinf                            0x0800cac9   Thumb Code    12  dretinf.o(x$fpl$dretinf)
    __aeabi_cdrcmple                         0x0800cad5   Thumb Code     0  drleqf.o(x$fpl$drleqf)
    _drcmple                                 0x0800cad5   Thumb Code   108  drleqf.o(x$fpl$drleqf)
    __aeabi_drsub                            0x0800cb41   Thumb Code     0  daddsub_clz.o(x$fpl$drsb)
    _drsb                                    0x0800cb41   Thumb Code    22  daddsub_clz.o(x$fpl$drsb)
    __aeabi_dsub                             0x0800cb59   Thumb Code     0  daddsub_clz.o(x$fpl$dsub)
    _dsub                                    0x0800cb59   Thumb Code   472  daddsub_clz.o(x$fpl$dsub)
    __aeabi_f2d                              0x0800cd35   Thumb Code     0  f2d.o(x$fpl$f2d)
    _f2d                                     0x0800cd35   Thumb Code    86  f2d.o(x$fpl$f2d)
    __aeabi_dcmpeq                           0x0800cd8b   Thumb Code     0  dcmp.o(x$fpl$fcmp)
    _deq                                     0x0800cd8b   Thumb Code    14  dcmp.o(x$fpl$fcmp)
    _dneq                                    0x0800cd99   Thumb Code    14  dcmp.o(x$fpl$fcmp)
    __aeabi_dcmpgt                           0x0800cda7   Thumb Code     0  dcmp.o(x$fpl$fcmp)
    _dgr                                     0x0800cda7   Thumb Code    14  dcmp.o(x$fpl$fcmp)
    __aeabi_dcmpge                           0x0800cdb5   Thumb Code     0  dcmp.o(x$fpl$fcmp)
    _dgeq                                    0x0800cdb5   Thumb Code    14  dcmp.o(x$fpl$fcmp)
    __aeabi_dcmple                           0x0800cdc3   Thumb Code     0  dcmp.o(x$fpl$fcmp)
    _dleq                                    0x0800cdc3   Thumb Code    14  dcmp.o(x$fpl$fcmp)
    __aeabi_dcmplt                           0x0800cdd1   Thumb Code     0  dcmp.o(x$fpl$fcmp)
    _dls                                     0x0800cdd1   Thumb Code    14  dcmp.o(x$fpl$fcmp)
    __fpl_fnaninf                            0x0800cddf   Thumb Code   140  fnaninf.o(x$fpl$fnaninf)
    _fp_init                                 0x0800ce6b   Thumb Code    26  fpinit.o(x$fpl$fpinit)
    __fplib_config_fpu_vfp                   0x0800ce83   Thumb Code     0  fpinit.o(x$fpl$fpinit)
    __fplib_config_pureend_doubles           0x0800ce83   Thumb Code     0  fpinit.o(x$fpl$fpinit)
    __fpl_fretinf                            0x0800ce85   Thumb Code    10  fretinf.o(x$fpl$fretinf)
    _frnd                                    0x0800ce91   Thumb Code    96  frnd.o(x$fpl$frnd)
    AHBPrescTable                            0x0800cef0   Data          16  system_stm32g4xx.o(.rodata.AHBPrescTable)
    __I$use$fp                               0x0800cef0   Number         0  usenofp.o(x$fpl$usenofp)
    Region$$Table$$Base                      0x0800d748   Number         0  anon$$obj.o(Region$$Table)
    Region$$Table$$Limit                     0x0800d768   Number         0  anon$$obj.o(Region$$Table)
    CDC_Desc                                 0x20000000   Data          32  usbd_desc.o(.data.CDC_Desc)
    SystemCoreClock                          0x20000028   Data           4  system_stm32g4xx.o(.data.SystemCoreClock)
    USBD_CDC                                 0x2000002c   Data          56  usbd_cdc.o(.data.USBD_CDC)
    USBD_CDC_DeviceDesc                      0x200000ec   Data          18  usbd_desc.o(.data.USBD_CDC_DeviceDesc)
    USBD_Interface_fops_FS                   0x20000150   Data          20  usbd_cdc_if.o(.data.USBD_Interface_fops_FS)
    USBD_LangIDDesc                          0x20000164   Data           4  usbd_desc.o(.data.USBD_LangIDDesc)
    USBD_StringSerial                        0x20000168   Data          26  usbd_desc.o(.data.USBD_StringSerial)
    adc_full_scale                           0x20000184   Data           4  low_level.o(.data.adc_full_scale)
    adc_ref_voltage                          0x20000188   Data           4  low_level.o(.data.adc_ref_voltage)
    motor                                    0x2000018c   Data         188  motor.o(.data.motor)
    mt6825                                   0x20000248   Data         132  drv_encoder.o(.data.mt6825)
    open_loop_controller                     0x200002cc   Data         124  open_loop_controller.o(.data.open_loop_controller)
    uwTickFreq                               0x20000348   Data           4  stm32g4xx_hal.o(.data.uwTickFreq)
    uwTickPrio                               0x2000034c   Data           4  stm32g4xx_hal.o(.data.uwTickPrio)
    vbus_voltage                             0x20000350   Data           4  low_level.o(.data.vbus_voltage)
    __libspace_start                         0x20000358   Data          96  libspace.o(.bss)
    __temporary_stack_top$libspace           0x200003b8   Data           0  libspace.o(.bss)
    USBD_StrDesc                             0x200003c0   Data         512  usbd_desc.o(.bss.USBD_StrDesc)
    UserRxBufferFS                           0x200007e0   Data        2048  usbd_cdc_if.o(.bss.UserRxBufferFS)
    UserTxBufferFS                           0x20000fe0   Data        2048  usbd_cdc_if.o(.bss.UserTxBufferFS)
    cnt                                      0x200017e0   Data           2  vofa.o(.bss.cnt)
    hUsbDeviceFS                             0x200017e4   Data         720  usb_device.o(.bss.hUsbDeviceFS)
    hadc1                                    0x20001ab4   Data         108  adc.o(.bss.hadc1)
    hadc2                                    0x20001b20   Data         108  adc.o(.bss.hadc2)
    hpcd_USB_FS                              0x20001b8c   Data         732  usbd_conf.o(.bss.hpcd_USB_FS)
    hspi1                                    0x20001e68   Data         100  spi.o(.bss.hspi1)
    htim1                                    0x20001ecc   Data          76  tim.o(.bss.htim1)
    inv_vbus_voltage                         0x20001f18   Data           4  low_level.o(.bss.inv_vbus_voltage)
    send_buf                                 0x20001f1c   Data        1024  vofa.o(.bss.send_buf)
    uwTick                                   0x2000231c   Data           4  stm32g4xx_hal.o(.bss.uwTick)



==============================================================================

Memory Map of the image

  Image Entry point : 0x080001d9

  Load Region LR_IROM1 (Base: 0x08000000, Size: 0x0000dac0, Max: 0x00080000, ABSOLUTE, COMPRESSED[0x0000d8b0])

    Execution Region ER_IROM1 (Exec base: 0x08000000, Load base: 0x08000000, Size: 0x0000d768, Max: 0x00080000, ABSOLUTE)

    Exec Addr    Load Addr    Size         Type   Attr      Idx    E Section Name        Object

    0x08000000   0x08000000   0x000001d8   Data   RO            3    RESET               startup_stm32g474xx.o
    0x080001d8   0x080001d8   0x00000008   Code   RO         2130  * !!!main             c_w.l(__main.o)
    0x080001e0   0x080001e0   0x00000034   Code   RO         2408    !!!scatter          c_w.l(__scatter.o)
    0x08000214   0x08000214   0x0000005a   Code   RO         2406    !!dczerorl2         c_w.l(__dczerorl2.o)
    0x0800026e   0x0800026e   0x00000002   PAD
    0x08000270   0x08000270   0x0000001c   Code   RO         2410    !!handler_zi        c_w.l(__scatter_zi.o)
    0x0800028c   0x0800028c   0x00000002   Code   RO         2271    .ARM.Collect$$libinit$$00000000  c_w.l(libinit.o)
    0x0800028e   0x0800028e   0x00000004   Code   RO         2274    .ARM.Collect$$libinit$$00000001  c_w.l(libinit2.o)
    0x08000292   0x08000292   0x00000000   Code   RO         2277    .ARM.Collect$$libinit$$00000004  c_w.l(libinit2.o)
    0x08000292   0x08000292   0x00000000   Code   RO         2279    .ARM.Collect$$libinit$$00000006  c_w.l(libinit2.o)
    0x08000292   0x08000292   0x00000000   Code   RO         2282    .ARM.Collect$$libinit$$0000000C  c_w.l(libinit2.o)
    0x08000292   0x08000292   0x00000000   Code   RO         2284    .ARM.Collect$$libinit$$0000000E  c_w.l(libinit2.o)
    0x08000292   0x08000292   0x00000000   Code   RO         2286    .ARM.Collect$$libinit$$00000010  c_w.l(libinit2.o)
    0x08000292   0x08000292   0x00000000   Code   RO         2289    .ARM.Collect$$libinit$$00000013  c_w.l(libinit2.o)
    0x08000292   0x08000292   0x00000000   Code   RO         2291    .ARM.Collect$$libinit$$00000015  c_w.l(libinit2.o)
    0x08000292   0x08000292   0x00000000   Code   RO         2293    .ARM.Collect$$libinit$$00000017  c_w.l(libinit2.o)
    0x08000292   0x08000292   0x00000000   Code   RO         2295    .ARM.Collect$$libinit$$00000019  c_w.l(libinit2.o)
    0x08000292   0x08000292   0x00000000   Code   RO         2297    .ARM.Collect$$libinit$$0000001B  c_w.l(libinit2.o)
    0x08000292   0x08000292   0x00000000   Code   RO         2299    .ARM.Collect$$libinit$$0000001D  c_w.l(libinit2.o)
    0x08000292   0x08000292   0x00000000   Code   RO         2301    .ARM.Collect$$libinit$$0000001F  c_w.l(libinit2.o)
    0x08000292   0x08000292   0x00000000   Code   RO         2303    .ARM.Collect$$libinit$$00000021  c_w.l(libinit2.o)
    0x08000292   0x08000292   0x00000000   Code   RO         2305    .ARM.Collect$$libinit$$00000023  c_w.l(libinit2.o)
    0x08000292   0x08000292   0x00000000   Code   RO         2307    .ARM.Collect$$libinit$$00000025  c_w.l(libinit2.o)
    0x08000292   0x08000292   0x00000000   Code   RO         2309    .ARM.Collect$$libinit$$00000027  c_w.l(libinit2.o)
    0x08000292   0x08000292   0x00000000   Code   RO         2313    .ARM.Collect$$libinit$$0000002E  c_w.l(libinit2.o)
    0x08000292   0x08000292   0x00000000   Code   RO         2315    .ARM.Collect$$libinit$$00000030  c_w.l(libinit2.o)
    0x08000292   0x08000292   0x00000000   Code   RO         2317    .ARM.Collect$$libinit$$00000032  c_w.l(libinit2.o)
    0x08000292   0x08000292   0x00000000   Code   RO         2319    .ARM.Collect$$libinit$$00000034  c_w.l(libinit2.o)
    0x08000292   0x08000292   0x00000002   Code   RO         2320    .ARM.Collect$$libinit$$00000035  c_w.l(libinit2.o)
    0x08000294   0x08000294   0x00000002   Code   RO         2342    .ARM.Collect$$libshutdown$$00000000  c_w.l(libshutdown.o)
    0x08000296   0x08000296   0x00000000   Code   RO         2357    .ARM.Collect$$libshutdown$$00000002  c_w.l(libshutdown2.o)
    0x08000296   0x08000296   0x00000000   Code   RO         2359    .ARM.Collect$$libshutdown$$00000004  c_w.l(libshutdown2.o)
    0x08000296   0x08000296   0x00000000   Code   RO         2362    .ARM.Collect$$libshutdown$$00000007  c_w.l(libshutdown2.o)
    0x08000296   0x08000296   0x00000000   Code   RO         2365    .ARM.Collect$$libshutdown$$0000000A  c_w.l(libshutdown2.o)
    0x08000296   0x08000296   0x00000000   Code   RO         2367    .ARM.Collect$$libshutdown$$0000000C  c_w.l(libshutdown2.o)
    0x08000296   0x08000296   0x00000000   Code   RO         2370    .ARM.Collect$$libshutdown$$0000000F  c_w.l(libshutdown2.o)
    0x08000296   0x08000296   0x00000002   Code   RO         2371    .ARM.Collect$$libshutdown$$00000010  c_w.l(libshutdown2.o)
    0x08000298   0x08000298   0x00000000   Code   RO         2172    .ARM.Collect$$rtentry$$00000000  c_w.l(__rtentry.o)
    0x08000298   0x08000298   0x00000000   Code   RO         2224    .ARM.Collect$$rtentry$$00000002  c_w.l(__rtentry2.o)
    0x08000298   0x08000298   0x00000006   Code   RO         2236    .ARM.Collect$$rtentry$$00000004  c_w.l(__rtentry4.o)
    0x0800029e   0x0800029e   0x00000000   Code   RO         2226    .ARM.Collect$$rtentry$$00000009  c_w.l(__rtentry2.o)
    0x0800029e   0x0800029e   0x00000004   Code   RO         2227    .ARM.Collect$$rtentry$$0000000A  c_w.l(__rtentry2.o)
    0x080002a2   0x080002a2   0x00000000   Code   RO         2229    .ARM.Collect$$rtentry$$0000000C  c_w.l(__rtentry2.o)
    0x080002a2   0x080002a2   0x00000008   Code   RO         2230    .ARM.Collect$$rtentry$$0000000D  c_w.l(__rtentry2.o)
    0x080002aa   0x080002aa   0x00000002   Code   RO         2272    .ARM.Collect$$rtexit$$00000000  c_w.l(rtexit.o)
    0x080002ac   0x080002ac   0x00000000   Code   RO         2322    .ARM.Collect$$rtexit$$00000002  c_w.l(rtexit2.o)
    0x080002ac   0x080002ac   0x00000004   Code   RO         2323    .ARM.Collect$$rtexit$$00000003  c_w.l(rtexit2.o)
    0x080002b0   0x080002b0   0x00000006   Code   RO         2324    .ARM.Collect$$rtexit$$00000004  c_w.l(rtexit2.o)
    0x080002b6   0x080002b6   0x00000002   PAD
    0x080002b8   0x080002b8   0x00000040   Code   RO            4    .text               startup_stm32g474xx.o
    0x080002f8   0x080002f8   0x0000004e   Code   RO         2126    .text               c_w.l(rt_memclr_w.o)
    0x08000346   0x08000346   0x00000006   Code   RO         2128    .text               c_w.l(heapauxi.o)
    0x0800034c   0x0800034c   0x00000008   Code   RO         2259    .text               c_w.l(libspace.o)
    0x08000354   0x08000354   0x0000004a   Code   RO         2262    .text               c_w.l(sys_stackheap_outer.o)
    0x0800039e   0x0800039e   0x00000012   Code   RO         2264    .text               c_w.l(exit.o)
    0x080003b0   0x080003b0   0x0000000c   Code   RO         2332    .text               c_w.l(sys_exit.o)
    0x080003bc   0x080003bc   0x00000002   Code   RO         2347    .text               c_w.l(use_no_semi.o)
    0x080003be   0x080003be   0x00000000   Code   RO         2349    .text               c_w.l(indicate_semi.o)
    0x080003be   0x080003be   0x00000002   PAD
    0x080003c0   0x080003c0   0x0000014c   Code   RO          866    .text.ADC_Enable    stm32g4xx_hal_adc.o
    0x0800050c   0x0800050c   0x00000004   Code   RO           87    .text.BusFault_Handler  stm32g4xx_it.o
    0x08000510   0x08000510   0x0000005c   Code   RO         1959    .text.CDC_Control_FS  usbd_cdc_if.o
    0x0800056c   0x0800056c   0x00000004   Code   RO         1957    .text.CDC_DeInit_FS  usbd_cdc_if.o
    0x08000570   0x08000570   0x00000032   Code   RO         1955    .text.CDC_Init_FS   usbd_cdc_if.o
    0x080005a2   0x080005a2   0x00000002   PAD
    0x080005a4   0x080005a4   0x00000024   Code   RO         1961    .text.CDC_Receive_FS  usbd_cdc_if.o
    0x080005c8   0x080005c8   0x00000018   Code   RO         1963    .text.CDC_TransmitCplt_FS  usbd_cdc_if.o
    0x080005e0   0x080005e0   0x00000060   Code   RO         1965    .text.CDC_Transmit_FS  usbd_cdc_if.o
    0x08000640   0x08000640   0x00000002   Code   RO           93    .text.DebugMon_Handler  stm32g4xx_it.o
    0x08000642   0x08000642   0x00000002   PAD
    0x08000644   0x08000644   0x0000000e   Code   RO           15    .text.Error_Handler  main.o
    0x08000652   0x08000652   0x00000002   PAD
    0x08000654   0x08000654   0x0000005c   Code   RO         1938    .text.Get_SerialNum  usbd_desc.o
    0x080006b0   0x080006b0   0x00000aca   Code   RO         1049    .text.HAL_ADCEx_InjectedConfigChannel  stm32g4xx_hal_adc_ex.o
    0x0800117a   0x0800117a   0x00000002   PAD
    0x0800117c   0x0800117c   0x00000222   Code   RO         1001    .text.HAL_ADCEx_InjectedStart  stm32g4xx_hal_adc_ex.o
    0x0800139e   0x0800139e   0x00000002   PAD
    0x080013a0   0x080013a0   0x000002f2   Code   RO         1071    .text.HAL_ADCEx_MultiModeConfigChannel  stm32g4xx_hal_adc_ex.o
    0x08001692   0x08001692   0x00000002   PAD
    0x08001694   0x08001694   0x000003de   Code   RO          834    .text.HAL_ADC_Init  stm32g4xx_hal_adc.o
    0x08001a72   0x08001a72   0x00000002   PAD
    0x08001a74   0x08001a74   0x00000152   Code   RO           37    .text.HAL_ADC_MspInit  adc.o
    0x08001bc6   0x08001bc6   0x00000002   PAD
    0x08001bc8   0x08001bc8   0x00000042   Code   RO          291    .text.HAL_Delay     stm32g4xx_hal.o
    0x08001c0a   0x08001c0a   0x00000002   PAD
    0x08001c0c   0x08001c0c   0x00000368   Code   RO          541    .text.HAL_GPIO_Init  stm32g4xx_hal_gpio.o
    0x08001f74   0x08001f74   0x0000002c   Code   RO          547    .text.HAL_GPIO_WritePin  stm32g4xx_hal_gpio.o
    0x08001fa0   0x08001fa0   0x0000000c   Code   RO          283    .text.HAL_GetTick   stm32g4xx_hal.o
    0x08001fac   0x08001fac   0x0000001a   Code   RO          281    .text.HAL_IncTick   stm32g4xx_hal.o
    0x08001fc6   0x08001fc6   0x00000002   PAD
    0x08001fc8   0x08001fc8   0x00000030   Code   RO          271    .text.HAL_Init      stm32g4xx_hal.o
    0x08001ff8   0x08001ff8   0x00000088   Code   RO          273    .text.HAL_InitTick  stm32g4xx_hal.o
    0x08002080   0x08002080   0x00000048   Code   RO          110    .text.HAL_MspInit   stm32g4xx_hal_msp.o
    0x080020c8   0x080020c8   0x00000014   Code   RO          775    .text.HAL_NVIC_EnableIRQ  stm32g4xx_hal_cortex.o
    0x080020dc   0x080020dc   0x0000002e   Code   RO          767    .text.HAL_NVIC_SetPriority  stm32g4xx_hal_cortex.o
    0x0800210a   0x0800210a   0x00000002   PAD
    0x0800210c   0x0800210c   0x00000010   Code   RO          763    .text.HAL_NVIC_SetPriorityGrouping  stm32g4xx_hal_cortex.o
    0x0800211c   0x0800211c   0x0000003a   Code   RO          207    .text.HAL_PCDEx_ActivateLPM  stm32g4xx_hal_pcd_ex.o
    0x08002156   0x08002156   0x00000002   PAD
    0x08002158   0x08002158   0x00000072   Code   RO         1898    .text.HAL_PCDEx_LPM_Callback  usbd_conf.o
    0x080021ca   0x080021ca   0x00000002   PAD
    0x080021cc   0x080021cc   0x0000007a   Code   RO          197    .text.HAL_PCDEx_PMAConfig  stm32g4xx_hal_pcd_ex.o
    0x08002246   0x08002246   0x00000002   PAD
    0x08002248   0x08002248   0x00000026   Code   RO         1848    .text.HAL_PCD_DataInStageCallback  usbd_conf.o
    0x0800226e   0x0800226e   0x00000002   PAD
    0x08002270   0x08002270   0x00000028   Code   RO         1846    .text.HAL_PCD_DataOutStageCallback  usbd_conf.o
    0x08002298   0x08002298   0x000000a8   Code   RO          164    .text.HAL_PCD_EP_Close  stm32g4xx_hal_pcd.o
    0x08002340   0x08002340   0x000000c8   Code   RO          174    .text.HAL_PCD_EP_ClrStall  stm32g4xx_hal_pcd.o
    0x08002408   0x08002408   0x000001f8   Code   RO          186    .text.HAL_PCD_EP_DB_Receive  stm32g4xx_hal_pcd.o
    0x08002600   0x08002600   0x00000748   Code   RO          188    .text.HAL_PCD_EP_DB_Transmit  stm32g4xx_hal_pcd.o
    0x08002d48   0x08002d48   0x00000022   Code   RO          168    .text.HAL_PCD_EP_GetRxCount  stm32g4xx_hal_pcd.o
    0x08002d6a   0x08002d6a   0x00000002   PAD
    0x08002d6c   0x08002d6c   0x000000da   Code   RO          162    .text.HAL_PCD_EP_Open  stm32g4xx_hal_pcd.o
    0x08002e46   0x08002e46   0x00000002   PAD
    0x08002e48   0x08002e48   0x0000005a   Code   RO          166    .text.HAL_PCD_EP_Receive  stm32g4xx_hal_pcd.o
    0x08002ea2   0x08002ea2   0x00000002   PAD
    0x08002ea4   0x08002ea4   0x000000c4   Code   RO          172    .text.HAL_PCD_EP_SetStall  stm32g4xx_hal_pcd.o
    0x08002f68   0x08002f68   0x00000066   Code   RO          170    .text.HAL_PCD_EP_Transmit  stm32g4xx_hal_pcd.o
    0x08002fce   0x08002fce   0x00000002   PAD
    0x08002fd0   0x08002fd0   0x000001e8   Code   RO          130    .text.HAL_PCD_IRQHandler  stm32g4xx_hal_pcd.o
    0x080031b8   0x080031b8   0x00000194   Code   RO          118    .text.HAL_PCD_Init  stm32g4xx_hal_pcd.o
    0x0800334c   0x0800334c   0x00000070   Code   RO         1840    .text.HAL_PCD_MspInit  usbd_conf.o
    0x080033bc   0x080033bc   0x00000038   Code   RO         1852    .text.HAL_PCD_ResetCallback  usbd_conf.o
    0x080033f4   0x080033f4   0x00000032   Code   RO         1856    .text.HAL_PCD_ResumeCallback  usbd_conf.o
    0x08003426   0x08003426   0x00000002   PAD
    0x08003428   0x08003428   0x00000014   Code   RO         1850    .text.HAL_PCD_SOFCallback  usbd_conf.o
    0x0800343c   0x0800343c   0x0000005c   Code   RO          136    .text.HAL_PCD_SetAddress  stm32g4xx_hal_pcd.o
    0x08003498   0x08003498   0x00000018   Code   RO         1844    .text.HAL_PCD_SetupStageCallback  usbd_conf.o
    0x080034b0   0x080034b0   0x00000054   Code   RO          126    .text.HAL_PCD_Start  stm32g4xx_hal_pcd.o
    0x08003504   0x08003504   0x0000002e   Code   RO         1854    .text.HAL_PCD_SuspendCallback  usbd_conf.o
    0x08003532   0x08003532   0x00000002   PAD
    0x08003534   0x08003534   0x000001b4   Code   RO          684    .text.HAL_PWREx_ControlVoltageScaling  stm32g4xx_hal_pwr_ex.o
    0x080036e8   0x080036e8   0x00000012   Code   RO          754    .text.HAL_PWREx_DisableUCPDDeadBattery  stm32g4xx_hal_pwr_ex.o
    0x080036fa   0x080036fa   0x00000002   PAD
    0x080036fc   0x080036fc   0x00000524   Code   RO          396    .text.HAL_RCCEx_PeriphCLKConfig  stm32g4xx_hal_rcc_ex.o
    0x08003c20   0x08003c20   0x00000326   Code   RO          361    .text.HAL_RCC_ClockConfig  stm32g4xx_hal_rcc.o
    0x08003f46   0x08003f46   0x00000002   PAD
    0x08003f48   0x08003f48   0x000000fc   Code   RO          365    .text.HAL_RCC_GetSysClockFreq  stm32g4xx_hal_rcc.o
    0x08004044   0x08004044   0x000007b6   Code   RO          359    .text.HAL_RCC_OscConfig  stm32g4xx_hal_rcc.o
    0x080047fa   0x080047fa   0x00000002   PAD
    0x080047fc   0x080047fc   0x0000014c   Code   RO         1095    .text.HAL_SPI_Init  stm32g4xx_hal_spi.o
    0x08004948   0x08004948   0x00000086   Code   RO           53    .text.HAL_SPI_MspInit  spi.o
    0x080049ce   0x080049ce   0x00000002   PAD
    0x080049d0   0x080049d0   0x00000010   Code   RO          787    .text.HAL_SYSTICK_Config  stm32g4xx_hal_cortex.o
    0x080049e0   0x080049e0   0x00000008   Code   RO         1595    .text.HAL_TIMEx_Break2Callback  stm32g4xx_hal_tim_ex.o
    0x080049e8   0x080049e8   0x00000008   Code   RO         1593    .text.HAL_TIMEx_BreakCallback  stm32g4xx_hal_tim_ex.o
    0x080049f0   0x080049f0   0x00000008   Code   RO         1589    .text.HAL_TIMEx_CommutCallback  stm32g4xx_hal_tim_ex.o
    0x080049f8   0x080049f8   0x00000142   Code   RO         1541    .text.HAL_TIMEx_ConfigBreakDeadTime  stm32g4xx_hal_tim_ex.o
    0x08004b3a   0x08004b3a   0x00000002   PAD
    0x08004b3c   0x08004b3c   0x00000008   Code   RO         1599    .text.HAL_TIMEx_DirectionChangeCallback  stm32g4xx_hal_tim_ex.o
    0x08004b44   0x08004b44   0x00000008   Code   RO         1597    .text.HAL_TIMEx_EncoderIndexCallback  stm32g4xx_hal_tim_ex.o
    0x08004b4c   0x08004b4c   0x00000008   Code   RO         1601    .text.HAL_TIMEx_IndexErrorCallback  stm32g4xx_hal_tim_ex.o
    0x08004b54   0x08004b54   0x00000174   Code   RO         1539    .text.HAL_TIMEx_MasterConfigSynchronization  stm32g4xx_hal_tim_ex.o
    0x08004cc8   0x08004cc8   0x000001a2   Code   RO         1509    .text.HAL_TIMEx_PWMN_Start  stm32g4xx_hal_tim_ex.o
    0x08004e6a   0x08004e6a   0x00000002   PAD
    0x08004e6c   0x08004e6c   0x00000008   Code   RO         1603    .text.HAL_TIMEx_TransitionErrorCallback  stm32g4xx_hal_tim_ex.o
    0x08004e74   0x08004e74   0x00000008   Code   RO         1358    .text.HAL_TIM_IC_CaptureCallback  stm32g4xx_hal_tim.o
    0x08004e7c   0x08004e7c   0x00000300   Code   RO         1356    .text.HAL_TIM_IRQHandler  stm32g4xx_hal_tim.o
    0x0800517c   0x0800517c   0x000000d0   Code   RO           67    .text.HAL_TIM_MspPostInit  tim.o
    0x0800524c   0x0800524c   0x00000008   Code   RO         1360    .text.HAL_TIM_OC_DelayElapsedCallback  stm32g4xx_hal_tim.o
    0x08005254   0x08005254   0x000001b0   Code   RO         1392    .text.HAL_TIM_PWM_ConfigChannel  stm32g4xx_hal_tim.o
    0x08005404   0x08005404   0x000000a8   Code   RO         1276    .text.HAL_TIM_PWM_Init  stm32g4xx_hal_tim.o
    0x080054ac   0x080054ac   0x0000004e   Code   RO           69    .text.HAL_TIM_PWM_MspInit  tim.o
    0x080054fa   0x080054fa   0x00000002   PAD
    0x080054fc   0x080054fc   0x00000008   Code   RO         1362    .text.HAL_TIM_PWM_PulseFinishedCallback  stm32g4xx_hal_tim.o
    0x08005504   0x08005504   0x00000298   Code   RO         1284    .text.HAL_TIM_PWM_Start  stm32g4xx_hal_tim.o
    0x0800579c   0x0800579c   0x00000064   Code   RO         1766    .text.HAL_TIM_PeriodElapsedCallback  board.o
    0x08005800   0x08005800   0x00000008   Code   RO         1366    .text.HAL_TIM_TriggerCallback  stm32g4xx_hal_tim.o
    0x08005808   0x08005808   0x00000004   Code   RO           83    .text.HardFault_Handler  stm32g4xx_it.o
    0x0800580c   0x0800580c   0x0000007a   Code   RO         1940    .text.IntToUnicode  usbd_desc.o
    0x08005886   0x08005886   0x00000002   PAD
    0x08005888   0x08005888   0x00000018   Code   RO          840    .text.LL_ADC_DisableDeepPowerDown  stm32g4xx_hal_adc.o
    0x080058a0   0x080058a0   0x0000001c   Code   RO          970    .text.LL_ADC_Enable  stm32g4xx_hal_adc.o
    0x080058bc   0x080058bc   0x0000001e   Code   RO          844    .text.LL_ADC_EnableInternalRegulator  stm32g4xx_hal_adc.o
    0x080058da   0x080058da   0x00000002   PAD
    0x080058dc   0x080058dc   0x00000010   Code   RO          932    .text.LL_ADC_GetCommonPathInternalCh  stm32g4xx_hal_adc.o
    0x080058ec   0x080058ec   0x00000010   Code   RO         1067    .text.LL_ADC_GetCommonPathInternalCh  stm32g4xx_hal_adc_ex.o
    0x080058fc   0x080058fc   0x00000010   Code   RO         1003    .text.LL_ADC_GetMultimode  stm32g4xx_hal_adc_ex.o
    0x0800590c   0x0800590c   0x0000001e   Code   RO         1061    .text.LL_ADC_GetOffsetChannel  stm32g4xx_hal_adc_ex.o
    0x0800592a   0x0800592a   0x00000002   PAD
    0x0800592c   0x0800592c   0x00000010   Code   RO         1005    .text.LL_ADC_INJ_GetTrigAuto  stm32g4xx_hal_adc_ex.o
    0x0800593c   0x0800593c   0x00000010   Code   RO          852    .text.LL_ADC_INJ_IsConversionOngoing  stm32g4xx_hal_adc.o
    0x0800594c   0x0800594c   0x00000010   Code   RO          995    .text.LL_ADC_INJ_IsConversionOngoing  stm32g4xx_hal_adc_ex.o
    0x0800595c   0x0800595c   0x0000001c   Code   RO         1007    .text.LL_ADC_INJ_StartConversion  stm32g4xx_hal_adc_ex.o
    0x08005978   0x08005978   0x00000010   Code   RO          838    .text.LL_ADC_IsDeepPowerDownEnabled  stm32g4xx_hal_adc.o
    0x08005988   0x08005988   0x00000010   Code   RO          848    .text.LL_ADC_IsEnabled  stm32g4xx_hal_adc.o
    0x08005998   0x08005998   0x00000010   Code   RO          997    .text.LL_ADC_IsEnabled  stm32g4xx_hal_adc_ex.o
    0x080059a8   0x080059a8   0x00000010   Code   RO          842    .text.LL_ADC_IsInternalRegulatorEnabled  stm32g4xx_hal_adc.o
    0x080059b8   0x080059b8   0x00000010   Code   RO          846    .text.LL_ADC_REG_IsConversionOngoing  stm32g4xx_hal_adc.o
    0x080059c8   0x080059c8   0x00000010   Code   RO          993    .text.LL_ADC_REG_IsConversionOngoing  stm32g4xx_hal_adc_ex.o
    0x080059d8   0x080059d8   0x00000036   Code   RO         1051    .text.LL_ADC_SetChannelSamplingTime  stm32g4xx_hal_adc_ex.o
    0x08005a0e   0x08005a0e   0x00000002   PAD
    0x08005a10   0x08005a10   0x00000034   Code   RO         1065    .text.LL_ADC_SetChannelSingleDiff  stm32g4xx_hal_adc_ex.o
    0x08005a44   0x08005a44   0x0000001a   Code   RO          850    .text.LL_ADC_SetCommonClock  stm32g4xx_hal_adc.o
    0x08005a5e   0x08005a5e   0x00000002   PAD
    0x08005a60   0x08005a60   0x0000001a   Code   RO         1069    .text.LL_ADC_SetCommonPathInternalCh  stm32g4xx_hal_adc_ex.o
    0x08005a7a   0x08005a7a   0x00000002   PAD
    0x08005a7c   0x08005a7c   0x0000003c   Code   RO         1055    .text.LL_ADC_SetOffset  stm32g4xx_hal_adc_ex.o
    0x08005ab8   0x08005ab8   0x00000028   Code   RO         1059    .text.LL_ADC_SetOffsetSaturation  stm32g4xx_hal_adc_ex.o
    0x08005ae0   0x08005ae0   0x00000028   Code   RO         1057    .text.LL_ADC_SetOffsetSign  stm32g4xx_hal_adc_ex.o
    0x08005b08   0x08005b08   0x00000028   Code   RO         1063    .text.LL_ADC_SetOffsetState  stm32g4xx_hal_adc_ex.o
    0x08005b30   0x08005b30   0x0000001a   Code   RO         1053    .text.LL_ADC_SetSamplingTimeCommonConfig  stm32g4xx_hal_adc_ex.o
    0x08005b4a   0x08005b4a   0x00000002   PAD
    0x08005b4c   0x08005b4c   0x00000010   Code   RO         1688    .text.LL_SPI_IsActiveFlag_BSY  bsp_spi_op.o
    0x08005b5c   0x08005b5c   0x00000010   Code   RO         1690    .text.LL_SPI_IsActiveFlag_RXNE  bsp_spi_op.o
    0x08005b6c   0x08005b6c   0x00000010   Code   RO         1684    .text.LL_SPI_IsActiveFlag_TXE  bsp_spi_op.o
    0x08005b7c   0x08005b7c   0x0000000e   Code   RO         1692    .text.LL_SPI_ReceiveData16  bsp_spi_op.o
    0x08005b8a   0x08005b8a   0x00000002   PAD
    0x08005b8c   0x08005b8c   0x00000014   Code   RO         1686    .text.LL_SPI_TransmitData16  bsp_spi_op.o
    0x08005ba0   0x08005ba0   0x0000011a   Code   RO           33    .text.MX_ADC1_Init  adc.o
    0x08005cba   0x08005cba   0x00000002   PAD
    0x08005cbc   0x08005cbc   0x000000b0   Code   RO           35    .text.MX_ADC2_Init  adc.o
    0x08005d6c   0x08005d6c   0x0000010a   Code   RO           25    .text.MX_GPIO_Init  gpio.o
    0x08005e76   0x08005e76   0x00000002   PAD
    0x08005e78   0x08005e78   0x0000005a   Code   RO           51    .text.MX_SPI1_Init  spi.o
    0x08005ed2   0x08005ed2   0x00000002   PAD
    0x08005ed4   0x08005ed4   0x00000140   Code   RO           65    .text.MX_TIM1_Init  tim.o
    0x08006014   0x08006014   0x00000076   Code   RO         1915    .text.MX_USB_Device_Init  usb_device.o
    0x0800608a   0x0800608a   0x00000002   PAD
    0x0800608c   0x0800608c   0x00000004   Code   RO           85    .text.MemManage_Handler  stm32g4xx_it.o
    0x08006090   0x08006090   0x00000004   Code   RO           81    .text.NMI_Handler   stm32g4xx_it.o
    0x08006094   0x08006094   0x0000006c   Code   RO          773    .text.NVIC_EncodePriority  stm32g4xx_hal_cortex.o
    0x08006100   0x08006100   0x000006fe   Code   RO          132    .text.PCD_EP_ISR_Handler  stm32g4xx_hal_pcd.o
    0x080067fe   0x080067fe   0x00000002   PAD
    0x08006800   0x08006800   0x00000002   Code   RO           95    .text.PendSV_Handler  stm32g4xx_it.o
    0x08006802   0x08006802   0x00000002   PAD
    0x08006804   0x08006804   0x0000009c   Code   RO          363    .text.RCC_GetSysClockFreqFromPLLSource  stm32g4xx_hal_rcc.o
    0x080068a0   0x080068a0   0x00000002   Code   RO           91    .text.SVC_Handler   stm32g4xx_it.o
    0x080068a2   0x080068a2   0x00000002   PAD
    0x080068a4   0x080068a4   0x00000036   Code   RO         2048    .text.SWAPBYTE      usbd_ctlreq.o
    0x080068da   0x080068da   0x00000002   PAD
    0x080068dc   0x080068dc   0x00000052   Code   RO          789    .text.SysTick_Config  stm32g4xx_hal_cortex.o
    0x0800692e   0x0800692e   0x00000002   PAD
    0x08006930   0x08006930   0x00000008   Code   RO           97    .text.SysTick_Handler  stm32g4xx_it.o
    0x08006938   0x08006938   0x00000008   Code   RO         1858    .text.SystemClockConfig_Resume  usbd_conf.o
    0x08006940   0x08006940   0x00000078   Code   RO           13    .text.SystemClock_Config  main.o
    0x080069b8   0x080069b8   0x00000012   Code   RO         1616    .text.SystemInit    system_stm32g4xx.o
    0x080069ca   0x080069ca   0x00000002   PAD
    0x080069cc   0x080069cc   0x00000010   Code   RO          101    .text.TIM1_UP_TIM16_IRQHandler  stm32g4xx_it.o
    0x080069dc   0x080069dc   0x000001e6   Code   RO         1226    .text.TIM_Base_SetConfig  stm32g4xx_hal_tim.o
    0x08006bc2   0x08006bc2   0x00000002   PAD
    0x08006bc4   0x08006bc4   0x00000036   Code   RO         1260    .text.TIM_CCxChannelCmd  stm32g4xx_hal_tim.o
    0x08006bfa   0x08006bfa   0x00000002   PAD
    0x08006bfc   0x08006bfc   0x00000036   Code   RO         1493    .text.TIM_CCxNChannelCmd  stm32g4xx_hal_tim_ex.o
    0x08006c32   0x08006c32   0x00000002   PAD
    0x08006c34   0x08006c34   0x00000174   Code   RO         1370    .text.TIM_OC1_SetConfig  stm32g4xx_hal_tim.o
    0x08006da8   0x08006da8   0x00000190   Code   RO         1372    .text.TIM_OC2_SetConfig  stm32g4xx_hal_tim.o
    0x08006f38   0x08006f38   0x0000018e   Code   RO         1374    .text.TIM_OC3_SetConfig  stm32g4xx_hal_tim.o
    0x080070c6   0x080070c6   0x00000002   PAD
    0x080070c8   0x080070c8   0x00000190   Code   RO         1376    .text.TIM_OC4_SetConfig  stm32g4xx_hal_tim.o
    0x08007258   0x08007258   0x000000e2   Code   RO         1378    .text.TIM_OC5_SetConfig  stm32g4xx_hal_tim.o
    0x0800733a   0x0800733a   0x00000002   PAD
    0x0800733c   0x0800733c   0x000000e4   Code   RO         1380    .text.TIM_OC6_SetConfig  stm32g4xx_hal_tim.o
    0x08007420   0x08007420   0x0000004e   Code   RO         1934    .text.USBD_CDC_ConfigStrDescriptor  usbd_desc.o
    0x0800746e   0x0800746e   0x00000002   PAD
    0x08007470   0x08007470   0x000000c4   Code   RO         2091    .text.USBD_CDC_DataIn  usbd_cdc.o
    0x08007534   0x08007534   0x00000058   Code   RO         2093    .text.USBD_CDC_DataOut  usbd_cdc.o
    0x0800758c   0x0800758c   0x0000006e   Code   RO         2085    .text.USBD_CDC_DeInit  usbd_cdc.o
    0x080075fa   0x080075fa   0x00000002   PAD
    0x080075fc   0x080075fc   0x0000001a   Code   RO         1924    .text.USBD_CDC_DeviceDescriptor  usbd_desc.o
    0x08007616   0x08007616   0x00000002   PAD
    0x08007618   0x08007618   0x00000060   Code   RO         2089    .text.USBD_CDC_EP0_RxReady  usbd_cdc.o
    0x08007678   0x08007678   0x00000016   Code   RO         2101    .text.USBD_CDC_GetDeviceQualifierDescriptor  usbd_cdc.o
    0x0800768e   0x0800768e   0x00000002   PAD
    0x08007690   0x08007690   0x00000016   Code   RO         2097    .text.USBD_CDC_GetFSCfgDesc  usbd_cdc.o
    0x080076a6   0x080076a6   0x00000002   PAD
    0x080076a8   0x080076a8   0x00000016   Code   RO         2095    .text.USBD_CDC_GetHSCfgDesc  usbd_cdc.o
    0x080076be   0x080076be   0x00000002   PAD
    0x080076c0   0x080076c0   0x00000016   Code   RO         2099    .text.USBD_CDC_GetOtherSpeedCfgDesc  usbd_cdc.o
    0x080076d6   0x080076d6   0x00000002   PAD
    0x080076d8   0x080076d8   0x0000010e   Code   RO         2083    .text.USBD_CDC_Init  usbd_cdc.o
    0x080077e6   0x080077e6   0x00000002   PAD
    0x080077e8   0x080077e8   0x0000004e   Code   RO         1936    .text.USBD_CDC_InterfaceStrDescriptor  usbd_desc.o
    0x08007836   0x08007836   0x00000002   PAD
    0x08007838   0x08007838   0x0000001a   Code   RO         1926    .text.USBD_CDC_LangIDStrDescriptor  usbd_desc.o
    0x08007852   0x08007852   0x00000002   PAD
    0x08007854   0x08007854   0x00000028   Code   RO         1928    .text.USBD_CDC_ManufacturerStrDescriptor  usbd_desc.o
    0x0800787c   0x0800787c   0x0000004e   Code   RO         1930    .text.USBD_CDC_ProductStrDescriptor  usbd_desc.o
    0x080078ca   0x080078ca   0x00000002   PAD
    0x080078cc   0x080078cc   0x0000005e   Code   RO         2111    .text.USBD_CDC_ReceivePacket  usbd_cdc.o
    0x0800792a   0x0800792a   0x00000002   PAD
    0x0800792c   0x0800792c   0x0000002c   Code   RO         2103    .text.USBD_CDC_RegisterInterface  usbd_cdc.o
    0x08007958   0x08007958   0x00000020   Code   RO         1932    .text.USBD_CDC_SerialStrDescriptor  usbd_desc.o
    0x08007978   0x08007978   0x00000034   Code   RO         2107    .text.USBD_CDC_SetRxBuffer  usbd_cdc.o
    0x080079ac   0x080079ac   0x0000003e   Code   RO         2105    .text.USBD_CDC_SetTxBuffer  usbd_cdc.o
    0x080079ea   0x080079ea   0x00000002   PAD
    0x080079ec   0x080079ec   0x0000019c   Code   RO         2087    .text.USBD_CDC_Setup  usbd_cdc.o
    0x08007b88   0x08007b88   0x0000006e   Code   RO         2109    .text.USBD_CDC_TransmitPacket  usbd_cdc.o
    0x08007bf6   0x08007bf6   0x00000002   PAD
    0x08007bf8   0x08007bf8   0x0000002a   Code   RO         1991    .text.USBD_ClrClassConfig  usbd_core.o
    0x08007c22   0x08007c22   0x00000002   PAD
    0x08007c24   0x08007c24   0x00000040   Code   RO         2038    .text.USBD_ClrFeature  usbd_ctlreq.o
    0x08007c64   0x08007c64   0x0000001e   Code   RO         2068    .text.USBD_CtlContinueRx  usbd_ioreq.o
    0x08007c82   0x08007c82   0x00000002   PAD
    0x08007c84   0x08007c84   0x0000001e   Code   RO         2064    .text.USBD_CtlContinueSendData  usbd_ioreq.o
    0x08007ca2   0x08007ca2   0x00000002   PAD
    0x08007ca4   0x08007ca4   0x0000001c   Code   RO         2040    .text.USBD_CtlError  usbd_ctlreq.o
    0x08007cc0   0x08007cc0   0x00000036   Code   RO         2066    .text.USBD_CtlPrepareRx  usbd_ioreq.o
    0x08007cf6   0x08007cf6   0x00000002   PAD
    0x08007cf8   0x08007cf8   0x00000022   Code   RO         2072    .text.USBD_CtlReceiveStatus  usbd_ioreq.o
    0x08007d1a   0x08007d1a   0x00000002   PAD
    0x08007d1c   0x08007d1c   0x00000032   Code   RO         2062    .text.USBD_CtlSendData  usbd_ioreq.o
    0x08007d4e   0x08007d4e   0x00000002   PAD
    0x08007d50   0x08007d50   0x00000022   Code   RO         2070    .text.USBD_CtlSendStatus  usbd_ioreq.o
    0x08007d72   0x08007d72   0x00000002   PAD
    0x08007d74   0x08007d74   0x00000064   Code   RO         2032    .text.USBD_GetConfig  usbd_ctlreq.o
    0x08007dd8   0x08007dd8   0x0000031e   Code   RO         2026    .text.USBD_GetDescriptor  usbd_ctlreq.o
    0x080080f6   0x080080f6   0x00000002   PAD
    0x080080f8   0x080080f8   0x00000032   Code   RO         2052    .text.USBD_GetLen   usbd_ctlreq.o
    0x0800812a   0x0800812a   0x00000002   PAD
    0x0800812c   0x0800812c   0x00000062   Code   RO         2034    .text.USBD_GetStatus  usbd_ctlreq.o
    0x0800818e   0x0800818e   0x00000002   PAD
    0x08008190   0x08008190   0x00000098   Code   RO         2050    .text.USBD_GetString  usbd_ctlreq.o
    0x08008228   0x08008228   0x00000052   Code   RO         1872    .text.USBD_Get_USB_Status  usbd_conf.o
    0x0800827a   0x0800827a   0x00000002   PAD
    0x0800827c   0x0800827c   0x0000006a   Code   RO         1977    .text.USBD_Init     usbd_core.o
    0x080082e6   0x080082e6   0x00000002   PAD
    0x080082e8   0x080082e8   0x0000003a   Code   RO         1886    .text.USBD_LL_ClearStallEP  usbd_conf.o
    0x08008322   0x08008322   0x00000002   PAD
    0x08008324   0x08008324   0x0000003a   Code   RO         1880    .text.USBD_LL_CloseEP  usbd_conf.o
    0x0800835e   0x0800835e   0x00000002   PAD
    0x08008360   0x08008360   0x0000014c   Code   RO         1997    .text.USBD_LL_DataInStage  usbd_core.o
    0x080084ac   0x080084ac   0x000000f6   Code   RO         1995    .text.USBD_LL_DataOutStage  usbd_core.o
    0x080085a2   0x080085a2   0x00000002   PAD
    0x080085a4   0x080085a4   0x0000001c   Code   RO         1896    .text.USBD_LL_GetRxDataSize  usbd_conf.o
    0x080085c0   0x080085c0   0x000000a4   Code   RO         1868    .text.USBD_LL_Init  usbd_conf.o
    0x08008664   0x08008664   0x0000005a   Code   RO         1888    .text.USBD_LL_IsStallEP  usbd_conf.o
    0x080086be   0x080086be   0x00000002   PAD
    0x080086c0   0x080086c0   0x0000004a   Code   RO         1878    .text.USBD_LL_OpenEP  usbd_conf.o
    0x0800870a   0x0800870a   0x00000002   PAD
    0x0800870c   0x0800870c   0x00000042   Code   RO         1894    .text.USBD_LL_PrepareReceive  usbd_conf.o
    0x0800874e   0x0800874e   0x00000002   PAD
    0x08008750   0x08008750   0x000000a0   Code   RO         1999    .text.USBD_LL_Reset  usbd_core.o
    0x080087f0   0x080087f0   0x00000024   Code   RO         2005    .text.USBD_LL_Resume  usbd_core.o
    0x08008814   0x08008814   0x0000004e   Code   RO         2007    .text.USBD_LL_SOF   usbd_core.o
    0x08008862   0x08008862   0x00000002   PAD
    0x08008864   0x08008864   0x00000016   Code   RO         2001    .text.USBD_LL_SetSpeed  usbd_core.o
    0x0800887a   0x0800887a   0x00000002   PAD
    0x0800887c   0x0800887c   0x0000003a   Code   RO         1890    .text.USBD_LL_SetUSBAddress  usbd_conf.o
    0x080088b6   0x080088b6   0x00000002   PAD
    0x080088b8   0x080088b8   0x00000094   Code   RO         1993    .text.USBD_LL_SetupStage  usbd_core.o
    0x0800894c   0x0800894c   0x0000003a   Code   RO         1884    .text.USBD_LL_StallEP  usbd_conf.o
    0x08008986   0x08008986   0x00000002   PAD
    0x08008988   0x08008988   0x00000032   Code   RO         1874    .text.USBD_LL_Start  usbd_conf.o
    0x080089ba   0x080089ba   0x00000002   PAD
    0x080089bc   0x080089bc   0x0000001e   Code   RO         2003    .text.USBD_LL_Suspend  usbd_core.o
    0x080089da   0x080089da   0x00000002   PAD
    0x080089dc   0x080089dc   0x00000042   Code   RO         1892    .text.USBD_LL_Transmit  usbd_conf.o
    0x08008a1e   0x08008a1e   0x00000002   PAD
    0x08008a20   0x08008a20   0x00000062   Code   RO         2046    .text.USBD_ParseSetupRequest  usbd_ctlreq.o
    0x08008a82   0x08008a82   0x00000002   PAD
    0x08008a84   0x08008a84   0x00000056   Code   RO         1981    .text.USBD_RegisterClass  usbd_core.o
    0x08008ada   0x08008ada   0x00000002   PAD
    0x08008adc   0x08008adc   0x0000000a   Code   RO         1987    .text.USBD_RunTestMode  usbd_core.o
    0x08008ae6   0x08008ae6   0x00000002   PAD
    0x08008ae8   0x08008ae8   0x0000008c   Code   RO         2028    .text.USBD_SetAddress  usbd_ctlreq.o
    0x08008b74   0x08008b74   0x00000036   Code   RO         1989    .text.USBD_SetClassConfig  usbd_core.o
    0x08008baa   0x08008baa   0x00000002   PAD
    0x08008bac   0x08008bac   0x00000176   Code   RO         2030    .text.USBD_SetConfig  usbd_ctlreq.o
    0x08008d22   0x08008d22   0x00000002   PAD
    0x08008d24   0x08008d24   0x00000026   Code   RO         2036    .text.USBD_SetFeature  usbd_ctlreq.o
    0x08008d4a   0x08008d4a   0x00000002   PAD
    0x08008d4c   0x08008d4c   0x00000010   Code   RO         1983    .text.USBD_Start    usbd_core.o
    0x08008d5c   0x08008d5c   0x000000c4   Code   RO         2024    .text.USBD_StdDevReq  usbd_ctlreq.o
    0x08008e20   0x08008e20   0x00000318   Code   RO         2044    .text.USBD_StdEPReq  usbd_ctlreq.o
    0x08009138   0x08009138   0x0000009a   Code   RO         2042    .text.USBD_StdItfReq  usbd_ctlreq.o
    0x080091d2   0x080091d2   0x00000002   PAD
    0x080091d4   0x080091d4   0x00000008   Code   RO         1904    .text.USBD_static_free  usbd_conf.o
    0x080091dc   0x080091dc   0x00000010   Code   RO         1902    .text.USBD_static_malloc  usbd_conf.o
    0x080091ec   0x080091ec   0x00000696   Code   RO          234    .text.USB_ActivateEndpoint  stm32g4xx_ll_usb.o
    0x08009882   0x08009882   0x00000002   PAD
    0x08009884   0x08009884   0x00000360   Code   RO          236    .text.USB_DeactivateEndpoint  stm32g4xx_ll_usb.o
    0x08009be4   0x08009be4   0x00000018   Code   RO          252    .text.USB_DevConnect  stm32g4xx_ll_usb.o
    0x08009bfc   0x08009bfc   0x00000028   Code   RO          228    .text.USB_DevInit   stm32g4xx_ll_usb.o
    0x08009c24   0x08009c24   0x0000001e   Code   RO          224    .text.USB_DisableGlobalInt  stm32g4xx_ll_usb.o
    0x08009c42   0x08009c42   0x00000002   PAD
    0x08009c44   0x08009c44   0x00000148   Code   RO          244    .text.USB_EPClearStall  stm32g4xx_ll_usb.o
    0x08009d8c   0x08009d8c   0x00000088   Code   RO          242    .text.USB_EPSetStall  stm32g4xx_ll_usb.o
    0x08009e14   0x08009e14   0x00000e16   Code   RO          238    .text.USB_EPStartXfer  stm32g4xx_ll_usb.o
    0x0800ac2a   0x0800ac2a   0x00000002   PAD
    0x0800ac2c   0x0800ac2c   0x0000001e   Code   RO          222    .text.USB_EnableGlobalInt  stm32g4xx_ll_usb.o
    0x0800ac4a   0x0800ac4a   0x00000002   PAD
    0x0800ac4c   0x0800ac4c   0x00000010   Code   RO           99    .text.USB_LP_IRQHandler  stm32g4xx_it.o
    0x0800ac5c   0x0800ac5c   0x00000012   Code   RO          256    .text.USB_ReadInterrupts  stm32g4xx_ll_usb.o
    0x0800ac6e   0x0800ac6e   0x00000002   PAD
    0x0800ac70   0x0800ac70   0x00000084   Code   RO          262    .text.USB_ReadPMA   stm32g4xx_ll_usb.o
    0x0800acf4   0x0800acf4   0x00000020   Code   RO          250    .text.USB_SetDevAddress  stm32g4xx_ll_usb.o
    0x0800ad14   0x0800ad14   0x0000007a   Code   RO          240    .text.USB_WritePMA  stm32g4xx_ll_usb.o
    0x0800ad8e   0x0800ad8e   0x00000002   PAD
    0x0800ad90   0x0800ad90   0x00000004   Code   RO           89    .text.UsageFault_Handler  stm32g4xx_it.o
    0x0800ad94   0x0800ad94   0x00000030   Code   RO          777    .text.__NVIC_EnableIRQ  stm32g4xx_hal_cortex.o
    0x0800adc4   0x0800adc4   0x00000010   Code   RO          769    .text.__NVIC_GetPriorityGrouping  stm32g4xx_hal_cortex.o
    0x0800add4   0x0800add4   0x00000042   Code   RO          771    .text.__NVIC_SetPriority  stm32g4xx_hal_cortex.o
    0x0800ae16   0x0800ae16   0x00000002   PAD
    0x0800ae18   0x0800ae18   0x0000003c   Code   RO          765    .text.__NVIC_SetPriorityGrouping  stm32g4xx_hal_cortex.o
    0x0800ae54   0x0800ae54   0x00000108   Code   RO         1800    .text.fast_cos_f32  utils.o
    0x0800af5c   0x0800af5c   0x00000100   Code   RO         1798    .text.fast_sin_f32  utils.o
    0x0800b05c   0x0800b05c   0x000000e6   Code   RO         1764    .text.fetch_and_reset_adcs  board.o
    0x0800b142   0x0800b142   0x00000002   PAD
    0x0800b144   0x0800b144   0x00000046   Code   RO         1806    .text.fmodf_pos     utils.o
    0x0800b18a   0x0800b18a   0x00000002   PAD
    0x0800b18c   0x0800b18c   0x0000002c   Code   RO         1713    .text.foc_clarke_transform  foc.o
    0x0800b1b8   0x0800b1b8   0x00000050   Code   RO         1715    .text.foc_inverse_clarke  foc.o
    0x0800b208   0x0800b208   0x0000004c   Code   RO         1719    .text.foc_inverse_park  foc.o
    0x0800b254   0x0800b254   0x0000004c   Code   RO         1717    .text.foc_park_transform  foc.o
    0x0800b2a0   0x0800b2a0   0x0000002a   Code   RO         1711    .text.foc_sin_cos_cal  foc.o
    0x0800b2ca   0x0800b2ca   0x00000002   PAD
    0x0800b2cc   0x0800b2cc   0x0000002a   Code   RO         1709    .text.foc_update    foc.o
    0x0800b2f6   0x0800b2f6   0x00000002   PAD
    0x0800b2f8   0x0800b2f8   0x00000020   Code   RO         1671    .text.gpio_op_write  bsp_gpio_op.o
    0x0800b318   0x0800b318   0x00000048   Code   RO           11    .text.main          main.o
    0x0800b360   0x0800b360   0x0000002e   Code   RO         1802    .text.mod           utils.o
    0x0800b38e   0x0800b38e   0x00000002   PAD
    0x0800b390   0x0800b390   0x0000002e   Code   RO         1728    .text.motor_apply_pwm_timings  motor.o
    0x0800b3be   0x0800b3be   0x00000002   PAD
    0x0800b3c0   0x0800b3c0   0x000001c8   Code   RO         1732    .text.motor_phase_current_from_adcval  motor.o
    0x0800b588   0x0800b588   0x000000ac   Code   RO         1734    .text.motor_phase_current_update_offset  motor.o
    0x0800b634   0x0800b634   0x00000088   Code   RO         1736    .text.motor_pwm_update  motor.o
    0x0800b6bc   0x0800b6bc   0x00000014   Code   RO         1730    .text.motor_update  motor.o
    0x0800b6d0   0x0800b6d0   0x00000070   Code   RO         1654    .text.mt6825_abs_spi_start_trans  drv_encoder.o
    0x0800b740   0x0800b740   0x00000010   Code   RO         1652    .text.mt6825_sample_now  drv_encoder.o
    0x0800b750   0x0800b750   0x00000022   Code   RO         1658    .text.mt6825_set_spi_cs  drv_encoder.o
    0x0800b772   0x0800b772   0x00000006   PAD
    0x0800b778   0x0800b778   0x00000474   Code   RO         1656    .text.mt6825_update  drv_encoder.o
    0x0800bbec   0x0800bbec   0x000001a4   Code   RO         1784    .text.open_loop_controller_update  open_loop_controller.o
    0x0800bd90   0x0800bd90   0x000000e8   Code   RO         1682    .text.spi_op_transmit_receive  bsp_spi_op.o
    0x0800be78   0x0800be78   0x000000bc   Code   RO         1749    .text.start_pwm_adc  low_level.o
    0x0800bf34   0x0800bf34   0x00000490   Code   RO         1810    .text.svm           utils.o
    0x0800c3c4   0x0800c3c4   0x00000064   Code   RO         1751    .text.vbus_sense_adc_cb  low_level.o
    0x0800c428   0x0800c428   0x0000005e   Code   RO         1822    .text.vofa_send_data  vofa.o
    0x0800c486   0x0800c486   0x00000002   PAD
    0x0800c488   0x0800c488   0x00000052   Code   RO         1824    .text.vofa_sendframetail  vofa.o
    0x0800c4da   0x0800c4da   0x00000002   PAD
    0x0800c4dc   0x0800c4dc   0x00000030   Code   RO         1820    .text.vofa_start    vofa.o
    0x0800c50c   0x0800c50c   0x00000018   Code   RO         1826    .text.vofa_transmit  vofa.o
    0x0800c524   0x0800c524   0x00000038   Code   RO         1804    .text.wrap_pm       utils.o
    0x0800c55c   0x0800c55c   0x0000001c   Code   RO         1808    .text.wrap_pm_pi    utils.o
    0x0800c578   0x0800c578   0x00000118   Code   RO         2156    i.__hardfp_floor    m_wm.l(floor.o)
    0x0800c690   0x0800c690   0x00000038   Code   RO         2168    i.__hardfp_nearbyintf  m_wm.l(nearbyintf.o)
    0x0800c6c8   0x0800c6c8   0x00000062   Code   RO         2132    x$fpl$d2f           fz_wm.l(d2f.o)
    0x0800c72a   0x0800c72a   0x00000002   PAD
    0x0800c72c   0x0800c72c   0x00000150   Code   RO         2134    x$fpl$dadd          fz_wm.l(daddsub_clz.o)
    0x0800c87c   0x0800c87c   0x00000018   Code   RO         2243    x$fpl$dcmpinf       fz_wm.l(dcmpi.o)
    0x0800c894   0x0800c894   0x00000078   Code   RO         2177    x$fpl$deqf          fz_wm.l(deqf.o)
    0x0800c90c   0x0800c90c   0x0000002e   Code   RO         2147    x$fpl$dflt          fz_wm.l(dflt_clz.o)
    0x0800c93a   0x0800c93a   0x00000002   PAD
    0x0800c93c   0x0800c93c   0x00000078   Code   RO         2179    x$fpl$dgeqf         fz_wm.l(dgeqf.o)
    0x0800c9b4   0x0800c9b4   0x00000078   Code   RO         2181    x$fpl$dleqf         fz_wm.l(dleqf.o)
    0x0800ca2c   0x0800ca2c   0x0000009c   Code   RO         2183    x$fpl$dnaninf       fz_wm.l(dnaninf.o)
    0x0800cac8   0x0800cac8   0x0000000c   Code   RO         2185    x$fpl$dretinf       fz_wm.l(dretinf.o)
    0x0800cad4   0x0800cad4   0x0000006c   Code   RO         2187    x$fpl$drleqf        fz_wm.l(drleqf.o)
    0x0800cb40   0x0800cb40   0x00000016   Code   RO         2135    x$fpl$drsb          fz_wm.l(daddsub_clz.o)
    0x0800cb56   0x0800cb56   0x00000002   PAD
    0x0800cb58   0x0800cb58   0x000001dc   Code   RO         2136    x$fpl$dsub          fz_wm.l(daddsub_clz.o)
    0x0800cd34   0x0800cd34   0x00000056   Code   RO         2154    x$fpl$f2d           fz_wm.l(f2d.o)
    0x0800cd8a   0x0800cd8a   0x00000054   Code   RO         2140    x$fpl$fcmp          fz_wm.l(dcmp.o)
    0x0800cdde   0x0800cdde   0x0000008c   Code   RO         2189    x$fpl$fnaninf       fz_wm.l(fnaninf.o)
    0x0800ce6a   0x0800ce6a   0x0000001a   Code   RO         2330    x$fpl$fpinit        fz_wm.l(fpinit.o)
    0x0800ce84   0x0800ce84   0x0000000a   Code   RO         2191    x$fpl$fretinf       fz_wm.l(fretinf.o)
    0x0800ce8e   0x0800ce8e   0x00000002   PAD
    0x0800ce90   0x0800ce90   0x00000060   Code   RO         2193    x$fpl$frnd          fz_wm.l(frnd.o)
    0x0800cef0   0x0800cef0   0x00000000   Code   RO         2197    x$fpl$usenofp       fz_wm.l(usenofp.o)
    0x0800cef0   0x0800cef0   0x00000010   Data   RO         1621    .rodata.AHBPrescTable  system_stm32g4xx.o
    0x0800cf00   0x0800cf00   0x00000804   Data   RO         1812    .rodata.sinTable_f32  utils.o
    0x0800d704   0x0800d704   0x00000042   Data   RO         1946    .rodata.str1.1      usbd_desc.o
    0x0800d746   0x0800d746   0x00000002   PAD
    0x0800d748   0x0800d748   0x00000020   Data   RO         2405    Region$$Table       anon$$obj.o


    Execution Region RW_IRAM1 (Exec base: 0x20000000, Load base: 0x0800d768, Size: 0x00002920, Max: 0x00020000, ABSOLUTE, COMPRESSED[0x00000148])

    Exec Addr    Load Addr    Size         Type   Attr      Idx    E Section Name        Object

    0x20000000   COMPRESSED   0x00000020   Data   RW         1942    .data.CDC_Desc      usbd_desc.o
    0x20000020   COMPRESSED   0x00000004   Data   RW         1739    .data.CURRENT_ADC_LOWER_BOUND  motor.o
    0x20000024   COMPRESSED   0x00000004   Data   RW         1740    .data.CURRENT_ADC_UPPER_BOUND  motor.o
    0x20000028   COMPRESSED   0x00000004   Data   RW         1620    .data.SystemCoreClock  system_stm32g4xx.o
    0x2000002c   COMPRESSED   0x00000038   Data   RW         2113    .data.USBD_CDC      usbd_cdc.o
    0x20000064   COMPRESSED   0x00000043   Data   RW         2115    .data.USBD_CDC_CfgFSDesc  usbd_cdc.o
    0x200000a7   COMPRESSED   0x00000001   PAD
    0x200000a8   COMPRESSED   0x00000043   Data   RW         2116    .data.USBD_CDC_CfgHSDesc  usbd_cdc.o
    0x200000eb   COMPRESSED   0x00000001   PAD
    0x200000ec   COMPRESSED   0x00000012   Data   RW         1943    .data.USBD_CDC_DeviceDesc  usbd_desc.o
    0x200000fe   COMPRESSED   0x00000002   PAD
    0x20000100   COMPRESSED   0x0000000a   Data   RW         2114    .data.USBD_CDC_DeviceQualifierDesc  usbd_cdc.o
    0x2000010a   COMPRESSED   0x00000002   PAD
    0x2000010c   COMPRESSED   0x00000043   Data   RW         2117    .data.USBD_CDC_OtherSpeedCfgDesc  usbd_cdc.o
    0x2000014f   COMPRESSED   0x00000001   PAD
    0x20000150   COMPRESSED   0x00000014   Data   RW         1967    .data.USBD_Interface_fops_FS  usbd_cdc_if.o
    0x20000164   COMPRESSED   0x00000004   Data   RW         1944    .data.USBD_LangIDDesc  usbd_desc.o
    0x20000168   COMPRESSED   0x0000001a   Data   RW         1945    .data.USBD_StringSerial  usbd_desc.o
    0x20000182   COMPRESSED   0x00000002   PAD
    0x20000184   COMPRESSED   0x00000004   Data   RW         1753    .data.adc_full_scale  low_level.o
    0x20000188   COMPRESSED   0x00000004   Data   RW         1754    .data.adc_ref_voltage  low_level.o
    0x2000018c   COMPRESSED   0x000000bc   Data   RW         1738    .data.motor         motor.o
    0x20000248   COMPRESSED   0x00000084   Data   RW         1660    .data.mt6825        drv_encoder.o
    0x200002cc   COMPRESSED   0x0000007c   Data   RW         1786    .data.open_loop_controller  open_loop_controller.o
    0x20000348   COMPRESSED   0x00000004   Data   RW          348    .data.uwTickFreq    stm32g4xx_hal.o
    0x2000034c   COMPRESSED   0x00000004   Data   RW          347    .data.uwTickPrio    stm32g4xx_hal.o
    0x20000350   COMPRESSED   0x00000004   Data   RW         1755    .data.vbus_voltage  low_level.o
    0x20000354   COMPRESSED   0x00000004   PAD
    0x20000358        -       0x00000060   Zero   RW         2260    .bss                c_w.l(libspace.o)
    0x200003b8        -       0x00000004   Zero   RW           43    .bss.HAL_RCC_ADC12_CLK_ENABLED  adc.o
    0x200003bc        -       0x00000001   Zero   RW         2054    .bss.USBD_SetConfig.cfgidx  usbd_ctlreq.o
    0x200003bd   COMPRESSED   0x00000003   PAD
    0x200003c0        -       0x00000200   Zero   RW         1947    .bss.USBD_StrDesc   usbd_desc.o
    0x200005c0        -       0x00000220   Zero   RW         1907    .bss.USBD_static_malloc.mem  usbd_conf.o
    0x200007e0        -       0x00000800   Zero   RW         1968    .bss.UserRxBufferFS  usbd_cdc_if.o
    0x20000fe0        -       0x00000800   Zero   RW         1969    .bss.UserTxBufferFS  usbd_cdc_if.o
    0x200017e0        -       0x00000002   Zero   RW         1830    .bss.cnt            vofa.o
    0x200017e2   COMPRESSED   0x00000002   PAD
    0x200017e4        -       0x000002d0   Zero   RW         1917    .bss.hUsbDeviceFS   usb_device.o
    0x20001ab4        -       0x0000006c   Zero   RW           41    .bss.hadc1          adc.o
    0x20001b20        -       0x0000006c   Zero   RW           42    .bss.hadc2          adc.o
    0x20001b8c        -       0x000002dc   Zero   RW         1906    .bss.hpcd_USB_FS    usbd_conf.o
    0x20001e68        -       0x00000064   Zero   RW           57    .bss.hspi1          spi.o
    0x20001ecc        -       0x0000004c   Zero   RW           73    .bss.htim1          tim.o
    0x20001f18        -       0x00000004   Zero   RW         1756    .bss.inv_vbus_voltage  low_level.o
    0x20001f1c        -       0x00000400   Zero   RW         1831    .bss.send_buf       vofa.o
    0x2000231c        -       0x00000004   Zero   RW          349    .bss.uwTick         stm32g4xx_hal.o
    0x20002320        -       0x00000200   Zero   RW            2    HEAP                startup_stm32g474xx.o
    0x20002520        -       0x00000400   Zero   RW            1    STACK               startup_stm32g474xx.o


==============================================================================

Image component sizes


      Code (inc. data)   RO Data    RW Data    ZI Data      Debug   Object Name

       796          0          0          0        220       8230   adc.o
       330          8          0          0          0       5502   board.o
        32          0          0          0          0       1620   bsp_gpio_op.o
       314          0          0          0          0       5250   bsp_spi_op.o
      1302         32          0        132          0       6556   drv_encoder.o
       360          8          0          0          0       1869   foc.o
       266          0          0          0          0       2385   gpio.o
       288          0          0         12          4        983   low_level.o
       206          0          0          0          0       1674   main.o
       830         12          0        196          0       7745   motor.o
       420         12          0        124          0       1808   open_loop_controller.o
       224          0          0          0        100       5459   spi.o
        64         26        472          0       1536        828   startup_stm32g474xx.o
       288          0          0          8          4       9072   stm32g4xx_hal.o
      1526          0          0          0          0      22316   stm32g4xx_hal_adc.o
      4554          0          0          0          0      19637   stm32g4xx_hal_adc_ex.o
       478          0          0          0          0       9807   stm32g4xx_hal_cortex.o
       916          0          0          0          0       5279   stm32g4xx_hal_gpio.o
        72          0          0          0          0       1616   stm32g4xx_hal_msp.o
      6234          0          0          0          0      13619   stm32g4xx_hal_pcd.o
       180          0          0          0          0       5060   stm32g4xx_hal_pcd_ex.o
       454          0          0          0          0       7755   stm32g4xx_hal_pwr_ex.o
      3188          0          0          0          0       9486   stm32g4xx_hal_rcc.o
      1316          0          0          0          0      11673   stm32g4xx_hal_rcc_ex.o
       332          0          0          0          0      21517   stm32g4xx_hal_spi.o
      4628         22          0          0          0      37729   stm32g4xx_hal_tim.o
      1222          0          0          0          0      21687   stm32g4xx_hal_tim_ex.o
        66          0          0          0          0       1188   stm32g4xx_it.o
      7048          4          0          0          0      11207   stm32g4xx_ll_usb.o
        18          0         16          4          0       2668   system_stm32g4xx.o
       606          0          0          0         76       9572   tim.o
       118          0          0          0        720       3014   usb_device.o
      1622         12          0        267          0       9625   usbd_cdc.o
       302         36          0         20       4096       2576   usbd_cdc_if.o
      1384          4          0          0       1276      15602   usbd_conf.o
      1366          0          0          0          0       7203   usbd_core.o
      3136         46          0          0          1       8146   usbd_ctlreq.o
       572          0         66         80        512       3276   usbd_desc.o
       232          0          0          0          0       4058   usbd_ioreq.o
      1888         64       2052          0          0       3946   utils.o
       248          0          0          0       1026       1560   vofa.o

    ----------------------------------------------------------------------
     49656        286       2640        852       9580     329803   Object Totals
         0          0         32          0          0          0   (incl. Generated)
       230          0          2          9          9          0   (incl. Padding)

    ----------------------------------------------------------------------

      Code (inc. data)   RO Data    RW Data    ZI Data      Debug   Library Member Name

        90          0          0          0          0          0   __dczerorl2.o
         8          0          0          0          0         68   __main.o
         0          0          0          0          0          0   __rtentry.o
        12          0          0          0          0          0   __rtentry2.o
         6          0          0          0          0          0   __rtentry4.o
        52          8          0          0          0          0   __scatter.o
        28          0          0          0          0          0   __scatter_zi.o
        18          0          0          0          0         80   exit.o
         6          0          0          0          0        152   heapauxi.o
         0          0          0          0          0          0   indicate_semi.o
         2          0          0          0          0          0   libinit.o
         6          0          0          0          0          0   libinit2.o
         2          0          0          0          0          0   libshutdown.o
         2          0          0          0          0          0   libshutdown2.o
         8          4          0          0         96         68   libspace.o
        78          0          0          0          0         80   rt_memclr_w.o
         2          0          0          0          0          0   rtexit.o
        10          0          0          0          0          0   rtexit2.o
        12          4          0          0          0         68   sys_exit.o
        74          0          0          0          0         80   sys_stackheap_outer.o
         2          0          0          0          0         68   use_no_semi.o
        98          4          0          0          0        140   d2f.o
       834         16          0          0          0        516   daddsub_clz.o
        84          0          0          0          0        244   dcmp.o
        24          0          0          0          0        116   dcmpi.o
       120          4          0          0          0        140   deqf.o
        46          0          0          0          0        116   dflt_clz.o
       120          4          0          0          0        140   dgeqf.o
       120          4          0          0          0        140   dleqf.o
       156          4          0          0          0        140   dnaninf.o
        12          0          0          0          0        116   dretinf.o
       108          0          0          0          0        128   drleqf.o
        86          4          0          0          0        132   f2d.o
       140          4          0          0          0        132   fnaninf.o
        26          0          0          0          0        116   fpinit.o
        10          0          0          0          0        116   fretinf.o
        96          4          0          0          0        124   frnd.o
         0          0          0          0          0          0   usenofp.o
       280         28          0          0          0        156   floor.o
        56          0          0          0          0        136   nearbyintf.o

    ----------------------------------------------------------------------
      2848         92          0          0         96       3512   Library Totals
        14          0          0          0          0          0   (incl. Padding)

    ----------------------------------------------------------------------

      Code (inc. data)   RO Data    RW Data    ZI Data      Debug   Library Name

       418         16          0          0         96        664   c_w.l
      2080         48          0          0          0       2556   fz_wm.l
       336         28          0          0          0        292   m_wm.l

    ----------------------------------------------------------------------
      2848         92          0          0         96       3512   Library Totals

    ----------------------------------------------------------------------

==============================================================================


      Code (inc. data)   RO Data    RW Data    ZI Data      Debug   

     52504        378       2640        852       9676     330527   Grand Totals
     52504        378       2640        328       9676     330527   ELF Image Totals (compressed)
     52504        378       2640        328          0          0   ROM Totals

==============================================================================

    Total RO  Size (Code + RO Data)                55144 (  53.85kB)
    Total RW  Size (RW Data + ZI Data)             10528 (  10.28kB)
    Total ROM Size (Code + RO Data + RW Data)      55472 (  54.17kB)

==============================================================================

